
*** Running vivado
    with args -log top_module.vds -m64 -product Vivado -mode batch -messageDb vivado.pb -notrace -source top_module.tcl



****** Vivado v2024.1 (64-bit)
  **** SW Build 5076996 on Wed May 22 18:37:14 MDT 2024
  **** IP Build 5075265 on Wed May 22 21:45:21 MDT 2024
  **** SharedData Build 5076995 on Wed May 22 18:29:18 MDT 2024
  **** Start of session at: Mon Nov  4 16:11:03 2024
    ** Copyright 1986-2022 Xilinx, Inc. All Rights Reserved.
    ** Copyright 2022-2024 Advanced Micro Devices, Inc. All Rights Reserved.

source top_module.tcl -notrace
create_project: Time (s): cpu = 00:00:05 ; elapsed = 00:00:07 . Memory (MB): peak = 507.676 ; gain = 199.609
Command: read_checkpoint -auto_incremental -incremental C:/Users/youssef/Desktop/DigitalSystems/FPGA-Lab5/FPGA-Lab5.srcs/utils_1/imports/synth_1/top_module.dcp
INFO: [Vivado 12-5825] Read reference checkpoint from C:/Users/youssef/Desktop/DigitalSystems/FPGA-Lab5/FPGA-Lab5.srcs/utils_1/imports/synth_1/top_module.dcp for incremental synthesis
INFO: [Vivado 12-7989] Please ensure there are no constraint changes
Command: synth_design -top top_module -part xc7a35tcpg236-1
Starting synth_design
Attempting to get a license for feature 'Synthesis' and/or device 'xc7a35t'
INFO: [Common 17-349] Got license for feature 'Synthesis' and/or device 'xc7a35t'
INFO: [Device 21-403] Loading part xc7a35tcpg236-1
INFO: [Device 21-9227] Part: xc7a35tcpg236-1 does not have CEAM library.
INFO: [Designutils 20-5440] No compile time benefit to using incremental synthesis; A full resynthesis will be run
INFO: [Designutils 20-4379] Flow is switching to default flow due to incremental criteria not met. If you would like to alter this behaviour and have the flow terminate instead, please set the following parameter config_implementation {autoIncr.Synth.RejectBehavior Terminate}
INFO: [Synth 8-7079] Multithreading enabled for synth_design using a maximum of 2 processes.
INFO: [Synth 8-7078] Launching helper process for spawning children vivado processes
INFO: [Synth 8-7075] Helper process launched with PID 24496
---------------------------------------------------------------------------------
Starting RTL Elaboration : Time (s): cpu = 00:00:04 ; elapsed = 00:00:05 . Memory (MB): peak = 1371.297 ; gain = 448.492
---------------------------------------------------------------------------------
INFO: [Synth 8-6157] synthesizing module 'top_module' [C:/Users/youssef/Desktop/DigitalSystems/FPGA-Lab5/FPGA-Lab5.srcs/sources_1/new/top_module.v:23]
INFO: [Synth 8-6157] synthesizing module 'vga_driver' [C:/Users/youssef/Desktop/DigitalSystems/FPGA-Lab5/FPGA-Lab5.srcs/sources_1/new/vga_driver.v:15]
INFO: [Synth 8-6157] synthesizing module 'clock_divider' [C:/Users/youssef/Desktop/DigitalSystems/FPGA-Lab5/FPGA-Lab5.srcs/sources_1/new/clock_divider.v:24]
	Parameter TARGET_VALUE bound to: 3 - type: integer 
INFO: [Synth 8-6155] done synthesizing module 'clock_divider' (0#1) [C:/Users/youssef/Desktop/DigitalSystems/FPGA-Lab5/FPGA-Lab5.srcs/sources_1/new/clock_divider.v:24]
INFO: [Synth 8-6155] done synthesizing module 'vga_driver' (0#1) [C:/Users/youssef/Desktop/DigitalSystems/FPGA-Lab5/FPGA-Lab5.srcs/sources_1/new/vga_driver.v:15]
WARNING: [Synth 8-7071] port 'pixelClock' of module 'vga_driver' is unconnected for instance 'displayDriver' [C:/Users/youssef/Desktop/DigitalSystems/FPGA-Lab5/FPGA-Lab5.srcs/sources_1/new/top_module.v:54]
WARNING: [Synth 8-7023] instance 'displayDriver' of module 'vga_driver' has 7 connections declared, but only 6 given [C:/Users/youssef/Desktop/DigitalSystems/FPGA-Lab5/FPGA-Lab5.srcs/sources_1/new/top_module.v:54]
INFO: [Synth 8-6157] synthesizing module 'filter_trigger' [C:/Users/youssef/Desktop/DigitalSystems/FPGA-Lab5/FPGA-Lab5.srcs/sources_1/new/filter_trigger.sv:3]
INFO: [Synth 8-6157] synthesizing module 'ps2_keyboard' [C:/Users/youssef/Desktop/DigitalSystems/FPGA-Lab5/FPGA-Lab5.srcs/sources_1/new/ps2_keyboard.v:23]
INFO: [Synth 8-6155] done synthesizing module 'ps2_keyboard' (0#1) [C:/Users/youssef/Desktop/DigitalSystems/FPGA-Lab5/FPGA-Lab5.srcs/sources_1/new/ps2_keyboard.v:23]
INFO: [Synth 8-6155] done synthesizing module 'filter_trigger' (0#1) [C:/Users/youssef/Desktop/DigitalSystems/FPGA-Lab5/FPGA-Lab5.srcs/sources_1/new/filter_trigger.sv:3]
INFO: [Synth 8-6157] synthesizing module 'image_io' [C:/Users/youssef/Desktop/DigitalSystems/FPGA-Lab5/FPGA-Lab5.srcs/sources_1/new/image_io.sv:38]
INFO: [Synth 8-6157] synthesizing module 'blk_mem_gen_0' [C:/Users/youssef/Desktop/DigitalSystems/FPGA-Lab5/FPGA-Lab5.runs/synth_1/.Xil/Vivado-34648-DESKTOP-339EFSV/realtime/blk_mem_gen_0_stub.v:6]
INFO: [Synth 8-6155] done synthesizing module 'blk_mem_gen_0' (0#1) [C:/Users/youssef/Desktop/DigitalSystems/FPGA-Lab5/FPGA-Lab5.runs/synth_1/.Xil/Vivado-34648-DESKTOP-339EFSV/realtime/blk_mem_gen_0_stub.v:6]
WARNING: [Synth 8-689] width (18) of port connection 'addra' does not match port width (16) of module 'blk_mem_gen_0' [C:/Users/youssef/Desktop/DigitalSystems/FPGA-Lab5/FPGA-Lab5.srcs/sources_1/new/image_io.sv:73]
WARNING: [Synth 8-689] width (18) of port connection 'addrb' does not match port width (16) of module 'blk_mem_gen_0' [C:/Users/youssef/Desktop/DigitalSystems/FPGA-Lab5/FPGA-Lab5.srcs/sources_1/new/image_io.sv:74]
WARNING: [Synth 8-7071] port 'wea' of module 'blk_mem_gen_0' is unconnected for instance 'buffer0' [C:/Users/youssef/Desktop/DigitalSystems/FPGA-Lab5/FPGA-Lab5.srcs/sources_1/new/image_io.sv:69]
WARNING: [Synth 8-7023] instance 'buffer0' of module 'blk_mem_gen_0' has 9 connections declared, but only 8 given [C:/Users/youssef/Desktop/DigitalSystems/FPGA-Lab5/FPGA-Lab5.srcs/sources_1/new/image_io.sv:69]
WARNING: [Synth 8-689] width (18) of port connection 'addra' does not match port width (16) of module 'blk_mem_gen_0' [C:/Users/youssef/Desktop/DigitalSystems/FPGA-Lab5/FPGA-Lab5.srcs/sources_1/new/image_io.sv:82]
WARNING: [Synth 8-689] width (18) of port connection 'addrb' does not match port width (16) of module 'blk_mem_gen_0' [C:/Users/youssef/Desktop/DigitalSystems/FPGA-Lab5/FPGA-Lab5.srcs/sources_1/new/image_io.sv:83]
WARNING: [Synth 8-7071] port 'wea' of module 'blk_mem_gen_0' is unconnected for instance 'buffer1' [C:/Users/youssef/Desktop/DigitalSystems/FPGA-Lab5/FPGA-Lab5.srcs/sources_1/new/image_io.sv:78]
WARNING: [Synth 8-7023] instance 'buffer1' of module 'blk_mem_gen_0' has 9 connections declared, but only 8 given [C:/Users/youssef/Desktop/DigitalSystems/FPGA-Lab5/FPGA-Lab5.srcs/sources_1/new/image_io.sv:78]
INFO: [Synth 8-6155] done synthesizing module 'image_io' (0#1) [C:/Users/youssef/Desktop/DigitalSystems/FPGA-Lab5/FPGA-Lab5.srcs/sources_1/new/image_io.sv:38]
INFO: [Synth 8-6157] synthesizing module 'kernel_applyer' [C:/Users/youssef/Desktop/DigitalSystems/FPGA-Lab5/FPGA-Lab5.srcs/sources_1/new/kernel_applyer.sv:14]
INFO: [Synth 8-155] case statement is not full and has no default [C:/Users/youssef/Desktop/DigitalSystems/FPGA-Lab5/FPGA-Lab5.srcs/sources_1/new/kernel_applyer.sv:41]
INFO: [Synth 8-6155] done synthesizing module 'kernel_applyer' (0#1) [C:/Users/youssef/Desktop/DigitalSystems/FPGA-Lab5/FPGA-Lab5.srcs/sources_1/new/kernel_applyer.sv:14]
INFO: [Synth 8-6155] done synthesizing module 'top_module' (0#1) [C:/Users/youssef/Desktop/DigitalSystems/FPGA-Lab5/FPGA-Lab5.srcs/sources_1/new/top_module.v:23]
WARNING: [Synth 8-87] always_comb on 'buffer_idx_reg' did not result in combinational logic [C:/Users/youssef/Desktop/DigitalSystems/FPGA-Lab5/FPGA-Lab5.srcs/sources_1/new/image_io.sv:92]
WARNING: [Synth 8-6014] Unused sequential element GREEN_reg was removed.  [C:/Users/youssef/Desktop/DigitalSystems/FPGA-Lab5/FPGA-Lab5.srcs/sources_1/new/top_module.v:104]
WARNING: [Synth 8-6014] Unused sequential element BLUE_reg was removed.  [C:/Users/youssef/Desktop/DigitalSystems/FPGA-Lab5/FPGA-Lab5.srcs/sources_1/new/top_module.v:105]
WARNING: [Synth 8-7129] Port clk in module ps2_keyboard is either unconnected or has no load
---------------------------------------------------------------------------------
Finished RTL Elaboration : Time (s): cpu = 00:00:05 ; elapsed = 00:00:07 . Memory (MB): peak = 1486.906 ; gain = 564.102
---------------------------------------------------------------------------------
---------------------------------------------------------------------------------
Start Handling Custom Attributes
---------------------------------------------------------------------------------
---------------------------------------------------------------------------------
Finished Handling Custom Attributes : Time (s): cpu = 00:00:05 ; elapsed = 00:00:07 . Memory (MB): peak = 1486.906 ; gain = 564.102
---------------------------------------------------------------------------------
---------------------------------------------------------------------------------
Finished RTL Optimization Phase 1 : Time (s): cpu = 00:00:05 ; elapsed = 00:00:07 . Memory (MB): peak = 1486.906 ; gain = 564.102
---------------------------------------------------------------------------------
Netlist sorting complete. Time (s): cpu = 00:00:00 ; elapsed = 00:00:00.006 . Memory (MB): peak = 1486.906 ; gain = 0.000
INFO: [Project 1-570] Preparing netlist for logic optimization

Processing XDC Constraints
Initializing timing engine
Parsing XDC File [c:/Users/youssef/Desktop/DigitalSystems/FPGA-Lab5/FPGA-Lab5.gen/sources_1/ip/blk_mem_gen_0/blk_mem_gen_0/blk_mem_gen_0_in_context.xdc] for cell 'img_io/buffer0'
Finished Parsing XDC File [c:/Users/youssef/Desktop/DigitalSystems/FPGA-Lab5/FPGA-Lab5.gen/sources_1/ip/blk_mem_gen_0/blk_mem_gen_0/blk_mem_gen_0_in_context.xdc] for cell 'img_io/buffer0'
Parsing XDC File [c:/Users/youssef/Desktop/DigitalSystems/FPGA-Lab5/FPGA-Lab5.gen/sources_1/ip/blk_mem_gen_0/blk_mem_gen_0/blk_mem_gen_0_in_context.xdc] for cell 'img_io/buffer1'
Finished Parsing XDC File [c:/Users/youssef/Desktop/DigitalSystems/FPGA-Lab5/FPGA-Lab5.gen/sources_1/ip/blk_mem_gen_0/blk_mem_gen_0/blk_mem_gen_0_in_context.xdc] for cell 'img_io/buffer1'
Parsing XDC File [C:/Users/youssef/Desktop/DigitalSystems/FPGA-Lab5/FPGA-Lab5.srcs/constrs_1/new/constraints.xdc]
Finished Parsing XDC File [C:/Users/youssef/Desktop/DigitalSystems/FPGA-Lab5/FPGA-Lab5.srcs/constrs_1/new/constraints.xdc]
INFO: [Project 1-236] Implementation specific constraints were found while reading constraint file [C:/Users/youssef/Desktop/DigitalSystems/FPGA-Lab5/FPGA-Lab5.srcs/constrs_1/new/constraints.xdc]. These constraints will be ignored for synthesis but will be used in implementation. Impacted constraints are listed in the file [.Xil/top_module_propImpl.xdc].
Resolution: To avoid this warning, move constraints listed in [.Xil/top_module_propImpl.xdc] to another XDC file and exclude this new file from synthesis with the used_in_synthesis property (File Properties dialog in GUI) and re-run elaboration/synthesis.
Completed Processing XDC Constraints

Netlist sorting complete. Time (s): cpu = 00:00:00 ; elapsed = 00:00:00 . Memory (MB): peak = 1584.895 ; gain = 0.000
INFO: [Project 1-111] Unisim Transformation Summary:
No Unisim elements were transformed.

Constraint Validation Runtime : Time (s): cpu = 00:00:00 ; elapsed = 00:00:00.003 . Memory (MB): peak = 1584.895 ; gain = 0.000
INFO: [Designutils 20-5440] No compile time benefit to using incremental synthesis; A full resynthesis will be run
INFO: [Designutils 20-4379] Flow is switching to default flow due to incremental criteria not met. If you would like to alter this behaviour and have the flow terminate instead, please set the following parameter config_implementation {autoIncr.Synth.RejectBehavior Terminate}
---------------------------------------------------------------------------------
Finished Constraint Validation : Time (s): cpu = 00:00:11 ; elapsed = 00:00:14 . Memory (MB): peak = 1584.895 ; gain = 662.090
---------------------------------------------------------------------------------
---------------------------------------------------------------------------------
Start Loading Part and Timing Information
---------------------------------------------------------------------------------
Loading part: xc7a35tcpg236-1
---------------------------------------------------------------------------------
Finished Loading Part and Timing Information : Time (s): cpu = 00:00:11 ; elapsed = 00:00:14 . Memory (MB): peak = 1584.895 ; gain = 662.090
---------------------------------------------------------------------------------
---------------------------------------------------------------------------------
Start Applying 'set_property' XDC Constraints
---------------------------------------------------------------------------------
Applied set_property KEEP_HIERARCHY = SOFT for img_io/buffer0. (constraint file  auto generated constraint).
Applied set_property KEEP_HIERARCHY = SOFT for img_io/buffer1. (constraint file  auto generated constraint).
---------------------------------------------------------------------------------
Finished applying 'set_property' XDC Constraints : Time (s): cpu = 00:00:11 ; elapsed = 00:00:14 . Memory (MB): peak = 1584.895 ; gain = 662.090
---------------------------------------------------------------------------------
WARNING: [Synth 8-327] inferring latch for variable 'buffer_idx_reg' [C:/Users/youssef/Desktop/DigitalSystems/FPGA-Lab5/FPGA-Lab5.srcs/sources_1/new/image_io.sv:92]
---------------------------------------------------------------------------------
Finished RTL Optimization Phase 2 : Time (s): cpu = 00:00:11 ; elapsed = 00:00:15 . Memory (MB): peak = 1584.895 ; gain = 662.090
---------------------------------------------------------------------------------
---------------------------------------------------------------------------------
Start RTL Component Statistics 
---------------------------------------------------------------------------------
Detailed RTL Component Info : 
+---Adders : 
	   2 Input   11 Bit       Adders := 6     
	   2 Input    9 Bit       Adders := 1     
	   2 Input    4 Bit       Adders := 4     
	   2 Input    2 Bit       Adders := 2     
	   2 Input    1 Bit       Adders := 1     
+---Registers : 
	               22 Bit    Registers := 1     
	               11 Bit    Registers := 6     
	                9 Bit    Registers := 1     
	                8 Bit    Registers := 1     
	                4 Bit    Registers := 5     
	                3 Bit    Registers := 2     
	                2 Bit    Registers := 1     
	                1 Bit    Registers := 7     
+---Muxes : 
	   7 Input   11 Bit        Muxes := 2     
	   2 Input   11 Bit        Muxes := 8     
	   7 Input    9 Bit        Muxes := 1     
	   2 Input    4 Bit        Muxes := 3     
	   7 Input    4 Bit        Muxes := 2     
	   2 Input    3 Bit        Muxes := 1     
	   7 Input    2 Bit        Muxes := 1     
	   2 Input    2 Bit        Muxes := 2     
	   2 Input    1 Bit        Muxes := 3     
	  13 Input    1 Bit        Muxes := 1     
	   7 Input    1 Bit        Muxes := 8     
	   6 Input    1 Bit        Muxes := 1     
---------------------------------------------------------------------------------
Finished RTL Component Statistics 
---------------------------------------------------------------------------------
---------------------------------------------------------------------------------
Start Part Resource Summary
---------------------------------------------------------------------------------
Part Resources:
DSPs: 90 (col length:60)
BRAMs: 100 (col length: RAMB18 60 RAMB36 30)
---------------------------------------------------------------------------------
Finished Part Resource Summary
---------------------------------------------------------------------------------
---------------------------------------------------------------------------------
Start Cross Boundary and Area Optimization
---------------------------------------------------------------------------------
WARNING: [Synth 8-7080] Parallel synthesis criteria is not met
WARNING: [Synth 8-3936] Found unconnected internal register 'ftrig/kbd/scancode_sr_reg' and it is trimmed from '22' to '21' bits. [C:/Users/youssef/Desktop/DigitalSystems/FPGA-Lab5/FPGA-Lab5.srcs/sources_1/new/ps2_keyboard.v:40]
DSP Report: Generating DSP img_io/write_addr, operation Mode is: C'+A2*(B:0x280).
DSP Report: register ka0/write_y_reg is absorbed into DSP img_io/write_addr.
DSP Report: register ka0/write_x_reg is absorbed into DSP img_io/write_addr.
DSP Report: operator img_io/write_addr is absorbed into DSP img_io/write_addr.
DSP Report: operator img_io/write_addr0 is absorbed into DSP img_io/write_addr.
DSP Report: Generating DSP img_io/read_addr, operation Mode is: C+A*(B:0x280).
DSP Report: operator img_io/read_addr is absorbed into DSP img_io/read_addr.
DSP Report: operator img_io/read_addr0 is absorbed into DSP img_io/read_addr.
---------------------------------------------------------------------------------
Finished Cross Boundary and Area Optimization : Time (s): cpu = 00:00:13 ; elapsed = 00:00:18 . Memory (MB): peak = 1584.895 ; gain = 662.090
---------------------------------------------------------------------------------
 Sort Area is  img_io/write_addr_0 : 0 0 : 131 131 : Used 1 time 0
 Sort Area is  img_io/read_addr_2 : 0 0 : 109 109 : Used 1 time 0
---------------------------------------------------------------------------------
Start ROM, RAM, DSP, Shift Register and Retiming Reporting
---------------------------------------------------------------------------------

DSP: Preliminary Mapping Report (see note below. The ' indicates corresponding REG is set)
+------------+-----------------+--------+--------+--------+--------+--------+------+------+------+------+-------+------+------+
|Module Name | DSP Mapping     | A Size | B Size | C Size | D Size | P Size | AREG | BREG | CREG | DREG | ADREG | MREG | PREG | 
+------------+-----------------+--------+--------+--------+--------+--------+------+------+------+------+-------+------+------+
|top_module  | C'+A2*(B:0x280) | 11     | 10     | 11     | -      | 16     | 1    | 0    | 1    | -    | -     | 0    | 0    | 
|image_io    | C+A*(B:0x280)   | 11     | 10     | 11     | -      | 16     | 0    | 0    | 0    | -    | -     | 0    | 0    | 
+------------+-----------------+--------+--------+--------+--------+--------+------+------+------+------+-------+------+------+

Note: The table above is a preliminary report that shows the DSPs inferred at the current stage of the synthesis flow. Some DSP may be reimplemented as non DSP primitives later in the synthesis flow. Multiple instantiated DSPs are reported only once.
---------------------------------------------------------------------------------
Finished ROM, RAM, DSP, Shift Register and Retiming Reporting
---------------------------------------------------------------------------------
---------------------------------------------------------------------------------
Start Applying XDC Timing Constraints
---------------------------------------------------------------------------------
---------------------------------------------------------------------------------
Finished Applying XDC Timing Constraints : Time (s): cpu = 00:00:20 ; elapsed = 00:00:26 . Memory (MB): peak = 1584.895 ; gain = 662.090
---------------------------------------------------------------------------------
---------------------------------------------------------------------------------
Start Timing Optimization
---------------------------------------------------------------------------------
---------------------------------------------------------------------------------
Finished Timing Optimization : Time (s): cpu = 00:00:20 ; elapsed = 00:00:26 . Memory (MB): peak = 1584.895 ; gain = 662.090
---------------------------------------------------------------------------------
---------------------------------------------------------------------------------
Start Technology Mapping
---------------------------------------------------------------------------------
---------------------------------------------------------------------------------
Finished Technology Mapping : Time (s): cpu = 00:00:20 ; elapsed = 00:00:26 . Memory (MB): peak = 1584.895 ; gain = 662.090
---------------------------------------------------------------------------------
---------------------------------------------------------------------------------
Start IO Insertion
---------------------------------------------------------------------------------
---------------------------------------------------------------------------------
Start Flattening Before IO Insertion
---------------------------------------------------------------------------------
---------------------------------------------------------------------------------
Finished Flattening Before IO Insertion
---------------------------------------------------------------------------------
---------------------------------------------------------------------------------
Start Final Netlist Cleanup
---------------------------------------------------------------------------------
---------------------------------------------------------------------------------
Finished Final Netlist Cleanup
---------------------------------------------------------------------------------
CRITICAL WARNING: [Synth 8-4442] BlackBox module \img_io/buffer0  has unconnected pin wea[0]
CRITICAL WARNING: [Synth 8-4442] BlackBox module \img_io/buffer1  has unconnected pin wea[0]
---------------------------------------------------------------------------------
Finished IO Insertion : Time (s): cpu = 00:00:24 ; elapsed = 00:00:31 . Memory (MB): peak = 1584.895 ; gain = 662.090
---------------------------------------------------------------------------------
---------------------------------------------------------------------------------
Start Renaming Generated Instances
---------------------------------------------------------------------------------
---------------------------------------------------------------------------------
Finished Renaming Generated Instances : Time (s): cpu = 00:00:24 ; elapsed = 00:00:31 . Memory (MB): peak = 1584.895 ; gain = 662.090
---------------------------------------------------------------------------------
---------------------------------------------------------------------------------
Start Rebuilding User Hierarchy
---------------------------------------------------------------------------------
---------------------------------------------------------------------------------
Finished Rebuilding User Hierarchy : Time (s): cpu = 00:00:24 ; elapsed = 00:00:31 . Memory (MB): peak = 1584.895 ; gain = 662.090
---------------------------------------------------------------------------------
---------------------------------------------------------------------------------
Start Renaming Generated Ports
---------------------------------------------------------------------------------
---------------------------------------------------------------------------------
Finished Renaming Generated Ports : Time (s): cpu = 00:00:24 ; elapsed = 00:00:31 . Memory (MB): peak = 1584.895 ; gain = 662.090
---------------------------------------------------------------------------------
---------------------------------------------------------------------------------
Start Handling Custom Attributes
---------------------------------------------------------------------------------
---------------------------------------------------------------------------------
Finished Handling Custom Attributes : Time (s): cpu = 00:00:24 ; elapsed = 00:00:31 . Memory (MB): peak = 1584.895 ; gain = 662.090
---------------------------------------------------------------------------------
---------------------------------------------------------------------------------
Start Renaming Generated Nets
---------------------------------------------------------------------------------
---------------------------------------------------------------------------------
Finished Renaming Generated Nets : Time (s): cpu = 00:00:24 ; elapsed = 00:00:31 . Memory (MB): peak = 1584.895 ; gain = 662.090
---------------------------------------------------------------------------------
---------------------------------------------------------------------------------
Start ROM, RAM, DSP, Shift Register and Retiming Reporting
---------------------------------------------------------------------------------

Static Shift Register Report:
+------------+-------------------------------+--------+-------+--------------+--------------------+-------------------+--------+---------+
|Module Name | RTL Name                      | Length | Width | Reset Signal | Pull out first Reg | Pull out last Reg | SRL16E | SRLC32E | 
+------------+-------------------------------+--------+-------+--------------+--------------------+-------------------+--------+---------+
|top_module  | ftrig/kbd/scancode_sr_reg[13] | 4      | 1     | NO           | NO                 | YES               | 1      | 0       | 
+------------+-------------------------------+--------+-------+--------------+--------------------+-------------------+--------+---------+

---------------------------------------------------------------------------------
Finished ROM, RAM, DSP, Shift Register and Retiming Reporting
---------------------------------------------------------------------------------
---------------------------------------------------------------------------------
Start Writing Synthesis Report
---------------------------------------------------------------------------------

DSP Final Report (the ' indicates corresponding REG is set)
+------------+-------------+--------+--------+--------+--------+--------+------+------+------+------+-------+------+------+
|Module Name | DSP Mapping | A Size | B Size | C Size | D Size | P Size | AREG | BREG | CREG | DREG | ADREG | MREG | PREG | 
+------------+-------------+--------+--------+--------+--------+--------+------+------+------+------+-------+------+------+
|top_module  | C'+A'*B     | 11     | 10     | 11     | -      | 16     | 1    | 0    | 0    | -    | -     | 0    | 0    | 
|image_io    | C+A*B       | 11     | 10     | 11     | -      | 16     | 0    | 0    | 0    | -    | -     | 0    | 0    | 
+------------+-------------+--------+--------+--------+--------+--------+------+------+------+------+-------+------+------+


Report BlackBoxes: 
+------+--------------+----------+
|      |BlackBox name |Instances |
+------+--------------+----------+
|1     |blk_mem_gen_0 |         2|
+------+--------------+----------+

Report Cell Usage: 
+------+--------------+------+
|      |Cell          |Count |
+------+--------------+------+
|1     |blk_mem_gen   |     1|
|2     |blk_mem_gen_0 |     1|
|3     |BUFG          |     2|
|4     |CARRY4        |    11|
|5     |DSP48E1       |     2|
|7     |LUT1          |    14|
|8     |LUT2          |    24|
|9     |LUT3          |    38|
|10    |LUT4          |    21|
|11    |LUT5          |    34|
|12    |LUT6          |    55|
|13    |SRL16E        |     1|
|14    |FDRE          |   119|
|15    |FDSE          |    14|
|16    |LD            |     1|
|17    |IBUF          |     3|
|18    |OBUF          |    22|
+------+--------------+------+
---------------------------------------------------------------------------------
Finished Writing Synthesis Report : Time (s): cpu = 00:00:24 ; elapsed = 00:00:31 . Memory (MB): peak = 1584.895 ; gain = 662.090
---------------------------------------------------------------------------------
Synthesis finished with 0 errors, 2 critical warnings and 3 warnings.
Synthesis Optimization Runtime : Time (s): cpu = 00:00:18 ; elapsed = 00:00:29 . Memory (MB): peak = 1584.895 ; gain = 564.102
Synthesis Optimization Complete : Time (s): cpu = 00:00:24 ; elapsed = 00:00:31 . Memory (MB): peak = 1584.895 ; gain = 662.090
INFO: [Project 1-571] Translating synthesized netlist
Netlist sorting complete. Time (s): cpu = 00:00:00 ; elapsed = 00:00:00.004 . Memory (MB): peak = 1584.895 ; gain = 0.000
INFO: [Netlist 29-17] Analyzing 14 Unisim elements for replacement
INFO: [Netlist 29-28] Unisim Transformation completed in 0 CPU seconds
INFO: [Project 1-570] Preparing netlist for logic optimization
INFO: [Opt 31-138] Pushed 1 inverter(s) to 1 load pin(s).
Netlist sorting complete. Time (s): cpu = 00:00:00 ; elapsed = 00:00:00 . Memory (MB): peak = 1584.895 ; gain = 0.000
INFO: [Project 1-111] Unisim Transformation Summary:
  A total of 1 instances were transformed.
  LD => LDCE: 1 instance 

Synth Design complete | Checksum: 76305a39
INFO: [Common 17-83] Releasing license: Synthesis
39 Infos, 17 Warnings, 2 Critical Warnings and 0 Errors encountered.
synth_design completed successfully
synth_design: Time (s): cpu = 00:00:28 ; elapsed = 00:00:36 . Memory (MB): peak = 1584.895 ; gain = 1064.688
INFO: [runtcl-6] Synthesis results are not added to the cache due to CRITICAL_WARNING
Write ShapeDB Complete: Time (s): cpu = 00:00:00 ; elapsed = 00:00:00.001 . Memory (MB): peak = 1584.895 ; gain = 0.000
INFO: [Common 17-1381] The checkpoint 'C:/Users/youssef/Desktop/DigitalSystems/FPGA-Lab5/FPGA-Lab5.runs/synth_1/top_module.dcp' has been generated.
INFO: [Vivado 12-24828] Executing command : report_utilization -file top_module_utilization_synth.rpt -pb top_module_utilization_synth.pb
INFO: [Common 17-206] Exiting Vivado at Mon Nov  4 16:11:49 2024...
