Copyright 1986-2022 Xilinx, Inc. All Rights Reserved. Copyright 2022-2024 Advanced Micro Devices, Inc. All Rights Reserved.
---------------------------------------------------------------------------------------------------------------------------------------------------------------------------------------------------------------------------
| Tool Version : Vivado v.2024.1 (win64) Build 5076996 Wed May 22 18:37:14 MDT 2024
| Date         : Wed Oct 30 10:57:23 2024
| Host         : DESKTOP-339EFSV running 64-bit major release  (build 9200)
| Command      : report_timing_summary -max_paths 10 -report_unconstrained -file top_module_timing_summary_routed.rpt -pb top_module_timing_summary_routed.pb -rpx top_module_timing_summary_routed.rpx -warn_on_violation
| Design       : top_module
| Device       : 7a35t-cpg236
| Speed File   : -1  PRODUCTION 1.23 2018-06-13
| Design State : Routed
---------------------------------------------------------------------------------------------------------------------------------------------------------------------------------------------------------------------------

Timing Summary Report

------------------------------------------------------------------------------------------------
| Timer Settings
| --------------
------------------------------------------------------------------------------------------------

  Enable Multi Corner Analysis               :  Yes
  Enable Pessimism Removal                   :  Yes
  Pessimism Removal Resolution               :  Nearest Common Node
  Enable Input Delay Default Clock           :  No
  Enable Preset / Clear Arcs                 :  No
  Disable Flight Delays                      :  No
  Ignore I/O Paths                           :  No
  Timing Early Launch at Borrowing Latches   :  No
  Borrow Time for Max Delay Exceptions       :  Yes
  Merge Timing Exceptions                    :  Yes
  Inter-SLR Compensation                     :  Conservative

  Corner  Analyze    Analyze    
  Name    Max Paths  Min Paths  
  ------  ---------  ---------  
  Slow    Yes        Yes        
  Fast    Yes        Yes        


------------------------------------------------------------------------------------------------
| Report Methodology
| ------------------
------------------------------------------------------------------------------------------------

Rule       Severity          Description                  Violations  
---------  ----------------  ---------------------------  ----------  
TIMING-17  Critical Warning  Non-clocked sequential cell  120         

Note: This report is based on the most recent report_methodology run and may not be up-to-date. Run report_methodology on the current design for the latest report.



check_timing report

Table of Contents
-----------------
1. checking no_clock (120)
2. checking constant_clock (0)
3. checking pulse_width_clock (0)
4. checking unconstrained_internal_endpoints (253)
5. checking no_input_delay (1)
6. checking no_output_delay (30)
7. checking multiple_clock (0)
8. checking generated_clocks (0)
9. checking loops (0)
10. checking partial_input_delay (0)
11. checking partial_output_delay (0)
12. checking latch_loops (0)

1. checking no_clock (120)
--------------------------
 There are 83 register/latch pins with no clock driven by root clock pin: clk (HIGH)

 There are 15 register/latch pins with no clock driven by root clock pin: kclk (HIGH)

 There are 22 register/latch pins with no clock driven by root clock pin: displayDriver/pixelClockDivider/out_clk_reg/Q (HIGH)


2. checking constant_clock (0)
------------------------------
 There are 0 register/latch pins with constant_clock.


3. checking pulse_width_clock (0)
---------------------------------
 There are 0 register/latch pins which need pulse_width check


4. checking unconstrained_internal_endpoints (253)
--------------------------------------------------
 There are 253 pins that are not constrained for maximum delay. (HIGH)

 There are 0 pins that are not constrained for maximum delay due to constant clock.


5. checking no_input_delay (1)
------------------------------
 There is 1 input port with no input delay specified. (HIGH)

 There are 0 input ports with no input delay but user has a false path constraint.


6. checking no_output_delay (30)
--------------------------------
 There are 30 ports with no output delay specified. (HIGH)

 There are 0 ports with no output delay but user has a false path constraint

 There are 0 ports with no output delay but with a timing clock defined on it or propagating through it


7. checking multiple_clock (0)
------------------------------
 There are 0 register/latch pins with multiple clocks.


8. checking generated_clocks (0)
--------------------------------
 There are 0 generated clocks that are not connected to a clock source.


9. checking loops (0)
---------------------
 There are 0 combinational loops in the design.


10. checking partial_input_delay (0)
------------------------------------
 There are 0 input ports with partial input delay specified.


11. checking partial_output_delay (0)
-------------------------------------
 There are 0 ports with partial output delay specified.


12. checking latch_loops (0)
----------------------------
 There are 0 combinational latch loops in the design through latch input



------------------------------------------------------------------------------------------------
| Design Timing Summary
| ---------------------
------------------------------------------------------------------------------------------------

    WNS(ns)      TNS(ns)  TNS Failing Endpoints  TNS Total Endpoints      WHS(ns)      THS(ns)  THS Failing Endpoints  THS Total Endpoints     WPWS(ns)     TPWS(ns)  TPWS Failing Endpoints  TPWS Total Endpoints  
    -------      -------  ---------------------  -------------------      -------      -------  ---------------------  -------------------     --------     --------  ----------------------  --------------------  
        inf        0.000                      0                  283          inf        0.000                      0                  283           NA           NA                      NA                    NA  


There are no user specified timing constraints.


------------------------------------------------------------------------------------------------
| Clock Summary
| -------------
------------------------------------------------------------------------------------------------


------------------------------------------------------------------------------------------------
| Intra Clock Table
| -----------------
------------------------------------------------------------------------------------------------

Clock             WNS(ns)      TNS(ns)  TNS Failing Endpoints  TNS Total Endpoints      WHS(ns)      THS(ns)  THS Failing Endpoints  THS Total Endpoints     WPWS(ns)     TPWS(ns)  TPWS Failing Endpoints  TPWS Total Endpoints  
-----             -------      -------  ---------------------  -------------------      -------      -------  ---------------------  -------------------     --------     --------  ----------------------  --------------------  


------------------------------------------------------------------------------------------------
| Inter Clock Table
| -----------------
------------------------------------------------------------------------------------------------

From Clock    To Clock          WNS(ns)      TNS(ns)  TNS Failing Endpoints  TNS Total Endpoints      WHS(ns)      THS(ns)  THS Failing Endpoints  THS Total Endpoints  
----------    --------          -------      -------  ---------------------  -------------------      -------      -------  ---------------------  -------------------  


------------------------------------------------------------------------------------------------
| Other Path Groups Table
| -----------------------
------------------------------------------------------------------------------------------------

Path Group    From Clock    To Clock          WNS(ns)      TNS(ns)  TNS Failing Endpoints  TNS Total Endpoints      WHS(ns)      THS(ns)  THS Failing Endpoints  THS Total Endpoints  
----------    ----------    --------          -------      -------  ---------------------  -------------------      -------      -------  ---------------------  -------------------  


------------------------------------------------------------------------------------------------
| User Ignored Path Table
| -----------------------
------------------------------------------------------------------------------------------------

Path Group    From Clock    To Clock    
----------    ----------    --------    


------------------------------------------------------------------------------------------------
| Unconstrained Path Table
| ------------------------
------------------------------------------------------------------------------------------------

Path Group    From Clock    To Clock    
----------    ----------    --------    
(none)                                    


------------------------------------------------------------------------------------------------
| Timing Details
| --------------
------------------------------------------------------------------------------------------------


--------------------------------------------------------------------------------------
Path Group:  (none)
From Clock:  
  To Clock:  

Max Delay           283 Endpoints
Min Delay           283 Endpoints
--------------------------------------------------------------------------------------


Max Delay Paths
--------------------------------------------------------------------------------------
Slack:                    inf
  Source:                 displayDriver/xCoord_reg[0]/C
                            (rising edge-triggered cell FDRE)
  Destination:            HORIZ_SYNC
                            (output port)
  Path Group:             (none)
  Path Type:              Max at Slow Process Corner
  Data Path Delay:        9.038ns  (logic 4.608ns (50.979%)  route 4.430ns (49.021%))
  Logic Levels:           4  (FDRE=1 LUT4=1 LUT5=1 OBUF=1)

    Location             Delay type                Incr(ns)  Path(ns)    Netlist Resource(s)
  -------------------------------------------------------------------    -------------------
    SLICE_X9Y23          FDRE                         0.000     0.000 r  displayDriver/xCoord_reg[0]/C
    SLICE_X9Y23          FDRE (Prop_fdre_C_Q)         0.633     0.633 f  displayDriver/xCoord_reg[0]/Q
                         net (fo=28, routed)          1.477     2.110    displayDriver/xCoord_reg[1]_2[0]
    SLICE_X10Y25         LUT4 (Prop_lut4_I3_O)        0.124     2.234 f  displayDriver/HORIZ_SYNC_OBUF_inst_i_2/O
                         net (fo=6, routed)           1.060     3.295    displayDriver/HORIZ_SYNC_OBUF_inst_i_2_n_0
    SLICE_X6Y25          LUT5 (Prop_lut5_I0_O)        0.150     3.445 r  displayDriver/HORIZ_SYNC_OBUF_inst_i_1/O
                         net (fo=1, routed)           1.893     5.337    HORIZ_SYNC_OBUF
    P19                  OBUF (Prop_obuf_I_O)         3.701     9.038 r  HORIZ_SYNC_OBUF_inst/O
                         net (fo=0)                   0.000     9.038    HORIZ_SYNC
    P19                                                               r  HORIZ_SYNC (OUT)
  -------------------------------------------------------------------    -------------------

Slack:                    inf
  Source:                 displayDriver/yCoord_reg[6]/C
                            (rising edge-triggered cell FDRE)
  Destination:            VERT_SYNC
                            (output port)
  Path Group:             (none)
  Path Type:              Max at Slow Process Corner
  Data Path Delay:        8.446ns  (logic 4.682ns (55.435%)  route 3.764ns (44.565%))
  Logic Levels:           4  (FDRE=1 LUT3=1 LUT6=1 OBUF=1)

    Location             Delay type                Incr(ns)  Path(ns)    Netlist Resource(s)
  -------------------------------------------------------------------    -------------------
    SLICE_X6Y24          FDRE                         0.000     0.000 r  displayDriver/yCoord_reg[6]/C
    SLICE_X6Y24          FDRE (Prop_fdre_C_Q)         0.695     0.695 f  displayDriver/yCoord_reg[6]/Q
                         net (fo=9, routed)           0.855     1.550    displayDriver/yCoord[6]
    SLICE_X6Y24          LUT3 (Prop_lut3_I2_O)        0.153     1.703 f  displayDriver/VERT_SYNC_OBUF_inst_i_2/O
                         net (fo=1, routed)           0.889     2.592    displayDriver/VERT_SYNC_OBUF_inst_i_2_n_0
    SLICE_X8Y24          LUT6 (Prop_lut6_I0_O)        0.331     2.923 r  displayDriver/VERT_SYNC_OBUF_inst_i_1/O
                         net (fo=1, routed)           2.020     4.943    VERT_SYNC_OBUF
    R19                  OBUF (Prop_obuf_I_O)         3.503     8.446 r  VERT_SYNC_OBUF_inst/O
                         net (fo=0)                   0.000     8.446    VERT_SYNC
    R19                                                               r  VERT_SYNC (OUT)
  -------------------------------------------------------------------    -------------------

Slack:                    inf
  Source:                 scancode_led_reg[1]/C
                            (rising edge-triggered cell FDRE)
  Destination:            scancode_led[1]
                            (output port)
  Path Group:             (none)
  Path Type:              Max at Slow Process Corner
  Data Path Delay:        6.328ns  (logic 3.986ns (62.989%)  route 2.342ns (37.011%))
  Logic Levels:           2  (FDRE=1 OBUF=1)

    Location             Delay type                Incr(ns)  Path(ns)    Netlist Resource(s)
  -------------------------------------------------------------------    -------------------
    SLICE_X0Y20          FDRE                         0.000     0.000 r  scancode_led_reg[1]/C
    SLICE_X0Y20          FDRE (Prop_fdre_C_Q)         0.456     0.456 r  scancode_led_reg[1]/Q
                         net (fo=1, routed)           2.342     2.798    scancode_led_OBUF[1]
    E19                  OBUF (Prop_obuf_I_O)         3.530     6.328 r  scancode_led_OBUF[1]_inst/O
                         net (fo=0)                   0.000     6.328    scancode_led[1]
    E19                                                               r  scancode_led[1] (OUT)
  -------------------------------------------------------------------    -------------------

Slack:                    inf
  Source:                 scancode_led_reg[6]/C
                            (rising edge-triggered cell FDRE)
  Destination:            scancode_led[6]
                            (output port)
  Path Group:             (none)
  Path Type:              Max at Slow Process Corner
  Data Path Delay:        6.247ns  (logic 3.962ns (63.426%)  route 2.285ns (36.574%))
  Logic Levels:           2  (FDRE=1 OBUF=1)

    Location             Delay type                Incr(ns)  Path(ns)    Netlist Resource(s)
  -------------------------------------------------------------------    -------------------
    SLICE_X0Y18          FDRE                         0.000     0.000 r  scancode_led_reg[6]/C
    SLICE_X0Y18          FDRE (Prop_fdre_C_Q)         0.456     0.456 r  scancode_led_reg[6]/Q
                         net (fo=1, routed)           2.285     2.741    scancode_led_OBUF[6]
    U14                  OBUF (Prop_obuf_I_O)         3.506     6.247 r  scancode_led_OBUF[6]_inst/O
                         net (fo=0)                   0.000     6.247    scancode_led[6]
    U14                                                               r  scancode_led[6] (OUT)
  -------------------------------------------------------------------    -------------------

Slack:                    inf
  Source:                 scancode_led_reg[0]/C
                            (rising edge-triggered cell FDRE)
  Destination:            scancode_led[0]
                            (output port)
  Path Group:             (none)
  Path Type:              Max at Slow Process Corner
  Data Path Delay:        6.235ns  (logic 3.961ns (63.525%)  route 2.274ns (36.475%))
  Logic Levels:           2  (FDRE=1 OBUF=1)

    Location             Delay type                Incr(ns)  Path(ns)    Netlist Resource(s)
  -------------------------------------------------------------------    -------------------
    SLICE_X0Y19          FDRE                         0.000     0.000 r  scancode_led_reg[0]/C
    SLICE_X0Y19          FDRE (Prop_fdre_C_Q)         0.456     0.456 r  scancode_led_reg[0]/Q
                         net (fo=1, routed)           2.274     2.730    scancode_led_OBUF[0]
    U16                  OBUF (Prop_obuf_I_O)         3.505     6.235 r  scancode_led_OBUF[0]_inst/O
                         net (fo=0)                   0.000     6.235    scancode_led[0]
    U16                                                               r  scancode_led[0] (OUT)
  -------------------------------------------------------------------    -------------------

Slack:                    inf
  Source:                 scancode_led_reg[7]/C
                            (rising edge-triggered cell FDRE)
  Destination:            scancode_led[7]
                            (output port)
  Path Group:             (none)
  Path Type:              Max at Slow Process Corner
  Data Path Delay:        6.228ns  (logic 3.957ns (63.532%)  route 2.271ns (36.468%))
  Logic Levels:           2  (FDRE=1 OBUF=1)

    Location             Delay type                Incr(ns)  Path(ns)    Netlist Resource(s)
  -------------------------------------------------------------------    -------------------
    SLICE_X0Y18          FDRE                         0.000     0.000 r  scancode_led_reg[7]/C
    SLICE_X0Y18          FDRE (Prop_fdre_C_Q)         0.456     0.456 r  scancode_led_reg[7]/Q
                         net (fo=1, routed)           2.271     2.727    scancode_led_OBUF[7]
    V14                  OBUF (Prop_obuf_I_O)         3.501     6.228 r  scancode_led_OBUF[7]_inst/O
                         net (fo=0)                   0.000     6.228    scancode_led[7]
    V14                                                               r  scancode_led[7] (OUT)
  -------------------------------------------------------------------    -------------------

Slack:                    inf
  Source:                 lcdDriver/segement_reg[1]/C
                            (rising edge-triggered cell FDRE)
  Destination:            segement[1]
                            (output port)
  Path Group:             (none)
  Path Type:              Max at Slow Process Corner
  Data Path Delay:        6.190ns  (logic 4.180ns (67.539%)  route 2.009ns (32.461%))
  Logic Levels:           2  (FDRE=1 OBUF=1)

    Location             Delay type                Incr(ns)  Path(ns)    Netlist Resource(s)
  -------------------------------------------------------------------    -------------------
    SLICE_X64Y20         FDRE                         0.000     0.000 r  lcdDriver/segement_reg[1]/C
    SLICE_X64Y20         FDRE (Prop_fdre_C_Q)         0.478     0.478 r  lcdDriver/segement_reg[1]/Q
                         net (fo=1, routed)           2.009     2.487    segement_OBUF[1]
    U7                   OBUF (Prop_obuf_I_O)         3.702     6.190 r  segement_OBUF[1]_inst/O
                         net (fo=0)                   0.000     6.190    segement[1]
    U7                                                                r  segement[1] (OUT)
  -------------------------------------------------------------------    -------------------

Slack:                    inf
  Source:                 lcdDriver/segement_reg[0]/C
                            (rising edge-triggered cell FDRE)
  Destination:            segement[0]
                            (output port)
  Path Group:             (none)
  Path Type:              Max at Slow Process Corner
  Data Path Delay:        6.077ns  (logic 4.016ns (66.079%)  route 2.061ns (33.921%))
  Logic Levels:           2  (FDRE=1 OBUF=1)

    Location             Delay type                Incr(ns)  Path(ns)    Netlist Resource(s)
  -------------------------------------------------------------------    -------------------
    SLICE_X64Y20         FDRE                         0.000     0.000 r  lcdDriver/segement_reg[0]/C
    SLICE_X64Y20         FDRE (Prop_fdre_C_Q)         0.518     0.518 r  lcdDriver/segement_reg[0]/Q
                         net (fo=1, routed)           2.061     2.579    segement_OBUF[0]
    V7                   OBUF (Prop_obuf_I_O)         3.498     6.077 r  segement_OBUF[0]_inst/O
                         net (fo=0)                   0.000     6.077    segement[0]
    V7                                                                r  segement[0] (OUT)
  -------------------------------------------------------------------    -------------------

Slack:                    inf
  Source:                 scancode_led_reg[5]/C
                            (rising edge-triggered cell FDRE)
  Destination:            scancode_led[5]
                            (output port)
  Path Group:             (none)
  Path Type:              Max at Slow Process Corner
  Data Path Delay:        6.038ns  (logic 3.970ns (65.759%)  route 2.067ns (34.241%))
  Logic Levels:           2  (FDRE=1 OBUF=1)

    Location             Delay type                Incr(ns)  Path(ns)    Netlist Resource(s)
  -------------------------------------------------------------------    -------------------
    SLICE_X0Y18          FDRE                         0.000     0.000 r  scancode_led_reg[5]/C
    SLICE_X0Y18          FDRE (Prop_fdre_C_Q)         0.456     0.456 r  scancode_led_reg[5]/Q
                         net (fo=1, routed)           2.067     2.523    scancode_led_OBUF[5]
    U15                  OBUF (Prop_obuf_I_O)         3.514     6.038 r  scancode_led_OBUF[5]_inst/O
                         net (fo=0)                   0.000     6.038    scancode_led[5]
    U15                                                               r  scancode_led[5] (OUT)
  -------------------------------------------------------------------    -------------------

Slack:                    inf
  Source:                 displayDriver/xCoord_reg[0]/C
                            (rising edge-triggered cell FDRE)
  Destination:            GREEN_reg[3]/D
  Path Group:             (none)
  Path Type:              Max at Slow Process Corner
  Data Path Delay:        6.031ns  (logic 1.005ns (16.664%)  route 5.026ns (83.336%))
  Logic Levels:           4  (FDRE=1 LUT4=2 LUT5=1)

    Location             Delay type                Incr(ns)  Path(ns)    Netlist Resource(s)
  -------------------------------------------------------------------    -------------------
    SLICE_X9Y23          FDRE                         0.000     0.000 r  displayDriver/xCoord_reg[0]/C
    SLICE_X9Y23          FDRE (Prop_fdre_C_Q)         0.633     0.633 f  displayDriver/xCoord_reg[0]/Q
                         net (fo=28, routed)          1.477     2.110    displayDriver/xCoord_reg[1]_2[0]
    SLICE_X10Y25         LUT4 (Prop_lut4_I3_O)        0.124     2.234 f  displayDriver/HORIZ_SYNC_OBUF_inst_i_2/O
                         net (fo=6, routed)           1.060     3.295    displayDriver/HORIZ_SYNC_OBUF_inst_i_2_n_0
    SLICE_X6Y25          LUT4 (Prop_lut4_I0_O)        0.124     3.419 f  displayDriver/xCoord[10]_i_4/O
                         net (fo=4, routed)           0.686     4.105    displayDriver/xCoord[10]_i_4_n_0
    SLICE_X6Y26          LUT5 (Prop_lut5_I2_O)        0.124     4.229 r  displayDriver/RED[0]_i_1/O
                         net (fo=12, routed)          1.802     6.031    RED0
    SLICE_X0Y42          FDRE                                         r  GREEN_reg[3]/D
  -------------------------------------------------------------------    -------------------





Min Delay Paths
--------------------------------------------------------------------------------------
Slack:                    inf
  Source:                 keyboardInterface/scancode_sr_reg[9]/C
                            (rising edge-triggered cell FDRE)
  Destination:            scancode_led_reg[0]/D
  Path Group:             (none)
  Path Type:              Min at Fast Process Corner
  Data Path Delay:        0.222ns  (logic 0.133ns (59.977%)  route 0.089ns (40.023%))
  Logic Levels:           1  (FDRE=1)

    Location             Delay type                Incr(ns)  Path(ns)    Netlist Resource(s)
  -------------------------------------------------------------------    -------------------
    SLICE_X1Y19          FDRE                         0.000     0.000 r  keyboardInterface/scancode_sr_reg[9]/C
    SLICE_X1Y19          FDRE (Prop_fdre_C_Q)         0.133     0.133 r  keyboardInterface/scancode_sr_reg[9]/Q
                         net (fo=7, routed)           0.089     0.222    scancode[0]
    SLICE_X0Y19          FDRE                                         r  scancode_led_reg[0]/D
  -------------------------------------------------------------------    -------------------

Slack:                    inf
  Source:                 keyboardInterface/scancode_sr_reg[7]/C
                            (rising edge-triggered cell FDRE)
  Destination:            keyboardInterface/scancode_sr_reg[8]/D
  Path Group:             (none)
  Path Type:              Min at Fast Process Corner
  Data Path Delay:        0.268ns  (logic 0.133ns (49.549%)  route 0.135ns (50.451%))
  Logic Levels:           1  (FDRE=1)

    Location             Delay type                Incr(ns)  Path(ns)    Netlist Resource(s)
  -------------------------------------------------------------------    -------------------
    SLICE_X1Y19          FDRE                         0.000     0.000 r  keyboardInterface/scancode_sr_reg[7]/C
    SLICE_X1Y19          FDRE (Prop_fdre_C_Q)         0.133     0.133 r  keyboardInterface/scancode_sr_reg[7]/Q
                         net (fo=8, routed)           0.135     0.268    keyboardInterface/Q[5]
    SLICE_X1Y19          FDRE                                         r  keyboardInterface/scancode_sr_reg[8]/D
  -------------------------------------------------------------------    -------------------

Slack:                    inf
  Source:                 testFont2/addra_reg[7]/C
                            (rising edge-triggered cell FDRE)
  Destination:            testFont2/fontMemory/U0/inst_blk_mem_gen/gnbram.gnativebmg.native_blk_mem_gen/valid.cstr/ramloop[0].ram.r/prim_init.ram/DEVICE_7SERIES.NO_BMM_INFO.SP.WIDE_PRIM18.ram/ADDRARDADDR[12]
  Path Group:             (none)
  Path Type:              Min at Fast Process Corner
  Data Path Delay:        0.291ns  (logic 0.128ns (44.029%)  route 0.163ns (55.971%))
  Logic Levels:           1  (FDRE=1)

    Location             Delay type                Incr(ns)  Path(ns)    Netlist Resource(s)
  -------------------------------------------------------------------    -------------------
    SLICE_X9Y26          FDRE                         0.000     0.000 r  testFont2/addra_reg[7]/C
    SLICE_X9Y26          FDRE (Prop_fdre_C_Q)         0.128     0.128 r  testFont2/addra_reg[7]/Q
                         net (fo=2, routed)           0.163     0.291    testFont2/fontMemory/U0/inst_blk_mem_gen/gnbram.gnativebmg.native_blk_mem_gen/valid.cstr/ramloop[0].ram.r/prim_init.ram/addra[7]
    RAMB18_X0Y11         RAMB18E1                                     r  testFont2/fontMemory/U0/inst_blk_mem_gen/gnbram.gnativebmg.native_blk_mem_gen/valid.cstr/ramloop[0].ram.r/prim_init.ram/DEVICE_7SERIES.NO_BMM_INFO.SP.WIDE_PRIM18.ram/ADDRARDADDR[12]
  -------------------------------------------------------------------    -------------------

Slack:                    inf
  Source:                 testFont4/fontMemory/U0/inst_blk_mem_gen/gnbram.gnativebmg.native_blk_mem_gen/valid.cstr/ramloop[0].ram.r/prim_init.ram/testFont4/fontMemory/U0/inst_blk_mem_gen/gnbram.gnativebmg.native_blk_mem_gen/valid.cstr/ramloop[0].ram.r/prim_init.ram/DEVICE_7SERIES.NO_BMM_INFO.SP.WIDE_PRIM18.ram_cooolgate_en_gate_7_cooolDelFlop/C
                            (rising edge-triggered cell FDCE)
  Destination:            testFont4/fontMemory/U0/inst_blk_mem_gen/gnbram.gnativebmg.native_blk_mem_gen/valid.cstr/ramloop[0].ram.r/prim_init.ram/DEVICE_7SERIES.NO_BMM_INFO.SP.WIDE_PRIM18.ram/ENARDEN
  Path Group:             (none)
  Path Type:              Min at Fast Process Corner
  Data Path Delay:        0.293ns  (logic 0.141ns (48.113%)  route 0.152ns (51.887%))
  Logic Levels:           1  (FDCE=1)

    Location             Delay type                Incr(ns)  Path(ns)    Netlist Resource(s)
  -------------------------------------------------------------------    -------------------
    SLICE_X9Y22          FDCE                         0.000     0.000 r  testFont4/fontMemory/U0/inst_blk_mem_gen/gnbram.gnativebmg.native_blk_mem_gen/valid.cstr/ramloop[0].ram.r/prim_init.ram/testFont4/fontMemory/U0/inst_blk_mem_gen/gnbram.gnativebmg.native_blk_mem_gen/valid.cstr/ramloop[0].ram.r/prim_init.ram/DEVICE_7SERIES.NO_BMM_INFO.SP.WIDE_PRIM18.ram_cooolgate_en_gate_7_cooolDelFlop/C
    SLICE_X9Y22          FDCE (Prop_fdce_C_Q)         0.141     0.141 r  testFont4/fontMemory/U0/inst_blk_mem_gen/gnbram.gnativebmg.native_blk_mem_gen/valid.cstr/ramloop[0].ram.r/prim_init.ram/testFont4/fontMemory/U0/inst_blk_mem_gen/gnbram.gnativebmg.native_blk_mem_gen/valid.cstr/ramloop[0].ram.r/prim_init.ram/DEVICE_7SERIES.NO_BMM_INFO.SP.WIDE_PRIM18.ram_cooolgate_en_gate_7_cooolDelFlop/Q
                         net (fo=2, routed)           0.152     0.293    testFont4/fontMemory/U0/inst_blk_mem_gen/gnbram.gnativebmg.native_blk_mem_gen/valid.cstr/ramloop[0].ram.r/prim_init.ram/testFont4/fontMemory/U0/inst_blk_mem_gen/gnbram.gnativebmg.native_blk_mem_gen/valid.cstr/ramloop[0].ram.r/prim_init.ram/DEVICE_7SERIES.NO_BMM_INFO.SP.WIDE_PRIM18.ram_cooolgate_en_sig_3
    RAMB18_X0Y9          RAMB18E1                                     r  testFont4/fontMemory/U0/inst_blk_mem_gen/gnbram.gnativebmg.native_blk_mem_gen/valid.cstr/ramloop[0].ram.r/prim_init.ram/DEVICE_7SERIES.NO_BMM_INFO.SP.WIDE_PRIM18.ram/ENARDEN
  -------------------------------------------------------------------    -------------------

Slack:                    inf
  Source:                 testFont2/fontMemory/U0/inst_blk_mem_gen/gnbram.gnativebmg.native_blk_mem_gen/valid.cstr/ramloop[0].ram.r/prim_init.ram/testFont2/fontMemory/U0/inst_blk_mem_gen/gnbram.gnativebmg.native_blk_mem_gen/valid.cstr/ramloop[0].ram.r/prim_init.ram/DEVICE_7SERIES.NO_BMM_INFO.SP.WIDE_PRIM18.ram_cooolgate_en_gate_1_cooolDelFlop/C
                            (rising edge-triggered cell FDCE)
  Destination:            testFont2/fontMemory/U0/inst_blk_mem_gen/gnbram.gnativebmg.native_blk_mem_gen/valid.cstr/ramloop[0].ram.r/prim_init.ram/DEVICE_7SERIES.NO_BMM_INFO.SP.WIDE_PRIM18.ram/ENARDEN
  Path Group:             (none)
  Path Type:              Min at Fast Process Corner
  Data Path Delay:        0.294ns  (logic 0.141ns (47.922%)  route 0.153ns (52.078%))
  Logic Levels:           1  (FDCE=1)

    Location             Delay type                Incr(ns)  Path(ns)    Netlist Resource(s)
  -------------------------------------------------------------------    -------------------
    SLICE_X9Y27          FDCE                         0.000     0.000 r  testFont2/fontMemory/U0/inst_blk_mem_gen/gnbram.gnativebmg.native_blk_mem_gen/valid.cstr/ramloop[0].ram.r/prim_init.ram/testFont2/fontMemory/U0/inst_blk_mem_gen/gnbram.gnativebmg.native_blk_mem_gen/valid.cstr/ramloop[0].ram.r/prim_init.ram/DEVICE_7SERIES.NO_BMM_INFO.SP.WIDE_PRIM18.ram_cooolgate_en_gate_1_cooolDelFlop/C
    SLICE_X9Y27          FDCE (Prop_fdce_C_Q)         0.141     0.141 r  testFont2/fontMemory/U0/inst_blk_mem_gen/gnbram.gnativebmg.native_blk_mem_gen/valid.cstr/ramloop[0].ram.r/prim_init.ram/testFont2/fontMemory/U0/inst_blk_mem_gen/gnbram.gnativebmg.native_blk_mem_gen/valid.cstr/ramloop[0].ram.r/prim_init.ram/DEVICE_7SERIES.NO_BMM_INFO.SP.WIDE_PRIM18.ram_cooolgate_en_gate_1_cooolDelFlop/Q
                         net (fo=2, routed)           0.153     0.294    testFont2/fontMemory/U0/inst_blk_mem_gen/gnbram.gnativebmg.native_blk_mem_gen/valid.cstr/ramloop[0].ram.r/prim_init.ram/testFont2/fontMemory/U0/inst_blk_mem_gen/gnbram.gnativebmg.native_blk_mem_gen/valid.cstr/ramloop[0].ram.r/prim_init.ram/DEVICE_7SERIES.NO_BMM_INFO.SP.WIDE_PRIM18.ram_cooolgate_en_sig_1
    RAMB18_X0Y11         RAMB18E1                                     r  testFont2/fontMemory/U0/inst_blk_mem_gen/gnbram.gnativebmg.native_blk_mem_gen/valid.cstr/ramloop[0].ram.r/prim_init.ram/DEVICE_7SERIES.NO_BMM_INFO.SP.WIDE_PRIM18.ram/ENARDEN
  -------------------------------------------------------------------    -------------------

Slack:                    inf
  Source:                 testFont2/fontMemory/U0/inst_blk_mem_gen/gnbram.gnativebmg.native_blk_mem_gen/valid.cstr/ramloop[0].ram.r/prim_init.ram/testFont2/fontMemory/U0/inst_blk_mem_gen/gnbram.gnativebmg.native_blk_mem_gen/valid.cstr/ramloop[0].ram.r/prim_init.ram/DEVICE_7SERIES.NO_BMM_INFO.SP.WIDE_PRIM18.ram_cooolgate_en_gate_1_cooolDelFlop/C
                            (rising edge-triggered cell FDCE)
  Destination:            testFont2/fontMemory/U0/inst_blk_mem_gen/gnbram.gnativebmg.native_blk_mem_gen/valid.cstr/ramloop[0].ram.r/prim_init.ram/DEVICE_7SERIES.NO_BMM_INFO.SP.WIDE_PRIM18.ram/ENBWREN
  Path Group:             (none)
  Path Type:              Min at Fast Process Corner
  Data Path Delay:        0.294ns  (logic 0.141ns (47.922%)  route 0.153ns (52.078%))
  Logic Levels:           1  (FDCE=1)

    Location             Delay type                Incr(ns)  Path(ns)    Netlist Resource(s)
  -------------------------------------------------------------------    -------------------
    SLICE_X9Y27          FDCE                         0.000     0.000 r  testFont2/fontMemory/U0/inst_blk_mem_gen/gnbram.gnativebmg.native_blk_mem_gen/valid.cstr/ramloop[0].ram.r/prim_init.ram/testFont2/fontMemory/U0/inst_blk_mem_gen/gnbram.gnativebmg.native_blk_mem_gen/valid.cstr/ramloop[0].ram.r/prim_init.ram/DEVICE_7SERIES.NO_BMM_INFO.SP.WIDE_PRIM18.ram_cooolgate_en_gate_1_cooolDelFlop/C
    SLICE_X9Y27          FDCE (Prop_fdce_C_Q)         0.141     0.141 r  testFont2/fontMemory/U0/inst_blk_mem_gen/gnbram.gnativebmg.native_blk_mem_gen/valid.cstr/ramloop[0].ram.r/prim_init.ram/testFont2/fontMemory/U0/inst_blk_mem_gen/gnbram.gnativebmg.native_blk_mem_gen/valid.cstr/ramloop[0].ram.r/prim_init.ram/DEVICE_7SERIES.NO_BMM_INFO.SP.WIDE_PRIM18.ram_cooolgate_en_gate_1_cooolDelFlop/Q
                         net (fo=2, routed)           0.153     0.294    testFont2/fontMemory/U0/inst_blk_mem_gen/gnbram.gnativebmg.native_blk_mem_gen/valid.cstr/ramloop[0].ram.r/prim_init.ram/testFont2/fontMemory/U0/inst_blk_mem_gen/gnbram.gnativebmg.native_blk_mem_gen/valid.cstr/ramloop[0].ram.r/prim_init.ram/DEVICE_7SERIES.NO_BMM_INFO.SP.WIDE_PRIM18.ram_cooolgate_en_sig_1
    RAMB18_X0Y11         RAMB18E1                                     r  testFont2/fontMemory/U0/inst_blk_mem_gen/gnbram.gnativebmg.native_blk_mem_gen/valid.cstr/ramloop[0].ram.r/prim_init.ram/DEVICE_7SERIES.NO_BMM_INFO.SP.WIDE_PRIM18.ram/ENBWREN
  -------------------------------------------------------------------    -------------------

Slack:                    inf
  Source:                 testFont3/fontMemory/U0/inst_blk_mem_gen/gnbram.gnativebmg.native_blk_mem_gen/valid.cstr/ramloop[0].ram.r/prim_init.ram/testFont3/fontMemory/U0/inst_blk_mem_gen/gnbram.gnativebmg.native_blk_mem_gen/valid.cstr/ramloop[0].ram.r/prim_init.ram/DEVICE_7SERIES.NO_BMM_INFO.SP.WIDE_PRIM18.ram_cooolgate_en_gate_4_cooolDelFlop/C
                            (rising edge-triggered cell FDCE)
  Destination:            testFont3/fontMemory/U0/inst_blk_mem_gen/gnbram.gnativebmg.native_blk_mem_gen/valid.cstr/ramloop[0].ram.r/prim_init.ram/DEVICE_7SERIES.NO_BMM_INFO.SP.WIDE_PRIM18.ram/ENARDEN
  Path Group:             (none)
  Path Type:              Min at Fast Process Corner
  Data Path Delay:        0.294ns  (logic 0.141ns (47.922%)  route 0.153ns (52.078%))
  Logic Levels:           1  (FDCE=1)

    Location             Delay type                Incr(ns)  Path(ns)    Netlist Resource(s)
  -------------------------------------------------------------------    -------------------
    SLICE_X9Y22          FDCE                         0.000     0.000 r  testFont3/fontMemory/U0/inst_blk_mem_gen/gnbram.gnativebmg.native_blk_mem_gen/valid.cstr/ramloop[0].ram.r/prim_init.ram/testFont3/fontMemory/U0/inst_blk_mem_gen/gnbram.gnativebmg.native_blk_mem_gen/valid.cstr/ramloop[0].ram.r/prim_init.ram/DEVICE_7SERIES.NO_BMM_INFO.SP.WIDE_PRIM18.ram_cooolgate_en_gate_4_cooolDelFlop/C
    SLICE_X9Y22          FDCE (Prop_fdce_C_Q)         0.141     0.141 r  testFont3/fontMemory/U0/inst_blk_mem_gen/gnbram.gnativebmg.native_blk_mem_gen/valid.cstr/ramloop[0].ram.r/prim_init.ram/testFont3/fontMemory/U0/inst_blk_mem_gen/gnbram.gnativebmg.native_blk_mem_gen/valid.cstr/ramloop[0].ram.r/prim_init.ram/DEVICE_7SERIES.NO_BMM_INFO.SP.WIDE_PRIM18.ram_cooolgate_en_gate_4_cooolDelFlop/Q
                         net (fo=2, routed)           0.153     0.294    testFont3/fontMemory/U0/inst_blk_mem_gen/gnbram.gnativebmg.native_blk_mem_gen/valid.cstr/ramloop[0].ram.r/prim_init.ram/testFont3/fontMemory/U0/inst_blk_mem_gen/gnbram.gnativebmg.native_blk_mem_gen/valid.cstr/ramloop[0].ram.r/prim_init.ram/DEVICE_7SERIES.NO_BMM_INFO.SP.WIDE_PRIM18.ram_cooolgate_en_sig_2
    RAMB18_X0Y8          RAMB18E1                                     r  testFont3/fontMemory/U0/inst_blk_mem_gen/gnbram.gnativebmg.native_blk_mem_gen/valid.cstr/ramloop[0].ram.r/prim_init.ram/DEVICE_7SERIES.NO_BMM_INFO.SP.WIDE_PRIM18.ram/ENARDEN
  -------------------------------------------------------------------    -------------------

Slack:                    inf
  Source:                 testFont3/fontMemory/U0/inst_blk_mem_gen/gnbram.gnativebmg.native_blk_mem_gen/valid.cstr/ramloop[0].ram.r/prim_init.ram/testFont3/fontMemory/U0/inst_blk_mem_gen/gnbram.gnativebmg.native_blk_mem_gen/valid.cstr/ramloop[0].ram.r/prim_init.ram/DEVICE_7SERIES.NO_BMM_INFO.SP.WIDE_PRIM18.ram_cooolgate_en_gate_4_cooolDelFlop/C
                            (rising edge-triggered cell FDCE)
  Destination:            testFont3/fontMemory/U0/inst_blk_mem_gen/gnbram.gnativebmg.native_blk_mem_gen/valid.cstr/ramloop[0].ram.r/prim_init.ram/DEVICE_7SERIES.NO_BMM_INFO.SP.WIDE_PRIM18.ram/ENBWREN
  Path Group:             (none)
  Path Type:              Min at Fast Process Corner
  Data Path Delay:        0.294ns  (logic 0.141ns (47.922%)  route 0.153ns (52.078%))
  Logic Levels:           1  (FDCE=1)

    Location             Delay type                Incr(ns)  Path(ns)    Netlist Resource(s)
  -------------------------------------------------------------------    -------------------
    SLICE_X9Y22          FDCE                         0.000     0.000 r  testFont3/fontMemory/U0/inst_blk_mem_gen/gnbram.gnativebmg.native_blk_mem_gen/valid.cstr/ramloop[0].ram.r/prim_init.ram/testFont3/fontMemory/U0/inst_blk_mem_gen/gnbram.gnativebmg.native_blk_mem_gen/valid.cstr/ramloop[0].ram.r/prim_init.ram/DEVICE_7SERIES.NO_BMM_INFO.SP.WIDE_PRIM18.ram_cooolgate_en_gate_4_cooolDelFlop/C
    SLICE_X9Y22          FDCE (Prop_fdce_C_Q)         0.141     0.141 r  testFont3/fontMemory/U0/inst_blk_mem_gen/gnbram.gnativebmg.native_blk_mem_gen/valid.cstr/ramloop[0].ram.r/prim_init.ram/testFont3/fontMemory/U0/inst_blk_mem_gen/gnbram.gnativebmg.native_blk_mem_gen/valid.cstr/ramloop[0].ram.r/prim_init.ram/DEVICE_7SERIES.NO_BMM_INFO.SP.WIDE_PRIM18.ram_cooolgate_en_gate_4_cooolDelFlop/Q
                         net (fo=2, routed)           0.153     0.294    testFont3/fontMemory/U0/inst_blk_mem_gen/gnbram.gnativebmg.native_blk_mem_gen/valid.cstr/ramloop[0].ram.r/prim_init.ram/testFont3/fontMemory/U0/inst_blk_mem_gen/gnbram.gnativebmg.native_blk_mem_gen/valid.cstr/ramloop[0].ram.r/prim_init.ram/DEVICE_7SERIES.NO_BMM_INFO.SP.WIDE_PRIM18.ram_cooolgate_en_sig_2
    RAMB18_X0Y8          RAMB18E1                                     r  testFont3/fontMemory/U0/inst_blk_mem_gen/gnbram.gnativebmg.native_blk_mem_gen/valid.cstr/ramloop[0].ram.r/prim_init.ram/DEVICE_7SERIES.NO_BMM_INFO.SP.WIDE_PRIM18.ram/ENBWREN
  -------------------------------------------------------------------    -------------------

Slack:                    inf
  Source:                 testFont3/addra_reg[2]/C
                            (rising edge-triggered cell FDRE)
  Destination:            testFont3/fontMemory/U0/inst_blk_mem_gen/gnbram.gnativebmg.native_blk_mem_gen/valid.cstr/ramloop[0].ram.r/prim_init.ram/DEVICE_7SERIES.NO_BMM_INFO.SP.WIDE_PRIM18.ram/ADDRARDADDR[7]
  Path Group:             (none)
  Path Type:              Min at Fast Process Corner
  Data Path Delay:        0.302ns  (logic 0.141ns (46.622%)  route 0.161ns (53.378%))
  Logic Levels:           1  (FDRE=1)

    Location             Delay type                Incr(ns)  Path(ns)    Netlist Resource(s)
  -------------------------------------------------------------------    -------------------
    SLICE_X9Y21          FDRE                         0.000     0.000 r  testFont3/addra_reg[2]/C
    SLICE_X9Y21          FDRE (Prop_fdre_C_Q)         0.141     0.141 r  testFont3/addra_reg[2]/Q
                         net (fo=2, routed)           0.161     0.302    testFont3/fontMemory/U0/inst_blk_mem_gen/gnbram.gnativebmg.native_blk_mem_gen/valid.cstr/ramloop[0].ram.r/prim_init.ram/addra[2]
    RAMB18_X0Y8          RAMB18E1                                     r  testFont3/fontMemory/U0/inst_blk_mem_gen/gnbram.gnativebmg.native_blk_mem_gen/valid.cstr/ramloop[0].ram.r/prim_init.ram/DEVICE_7SERIES.NO_BMM_INFO.SP.WIDE_PRIM18.ram/ADDRARDADDR[7]
  -------------------------------------------------------------------    -------------------

Slack:                    inf
  Source:                 keyboardInterface/scancode_sr_reg[8]/C
                            (rising edge-triggered cell FDRE)
  Destination:            scancode_led_reg[1]/D
  Path Group:             (none)
  Path Type:              Min at Fast Process Corner
  Data Path Delay:        0.308ns  (logic 0.133ns (43.122%)  route 0.175ns (56.878%))
  Logic Levels:           1  (FDRE=1)

    Location             Delay type                Incr(ns)  Path(ns)    Netlist Resource(s)
  -------------------------------------------------------------------    -------------------
    SLICE_X1Y19          FDRE                         0.000     0.000 r  keyboardInterface/scancode_sr_reg[8]/C
    SLICE_X1Y19          FDRE (Prop_fdre_C_Q)         0.133     0.133 r  keyboardInterface/scancode_sr_reg[8]/Q
                         net (fo=8, routed)           0.175     0.308    scancode[1]
    SLICE_X0Y20          FDRE                                         r  scancode_led_reg[1]/D
  -------------------------------------------------------------------    -------------------





