Copyright 1986-2022 Xilinx, Inc. All Rights Reserved. Copyright 2022-2024 Advanced Micro Devices, Inc. All Rights Reserved.
---------------------------------------------------------------------------------------------------------------------------------------------
| Tool Version : Vivado v.2024.1 (win64) Build 5076996 Wed May 22 18:37:14 MDT 2024
| Date         : Wed Oct 30 10:57:02 2024
| Host         : DESKTOP-339EFSV running 64-bit major release  (build 9200)
| Command      : report_control_sets -verbose -file top_module_control_sets_placed.rpt
| Design       : top_module
| Device       : xc7a35t
---------------------------------------------------------------------------------------------------------------------------------------------

Control Set Information

Table of Contents
-----------------
1. Summary
2. Histogram
3. Flip-Flop Distribution
4. Detailed Control Set Information

1. Summary
----------

+----------------------------------------------------------+-------+
|                          Status                          | Count |
+----------------------------------------------------------+-------+
| Total control sets                                       |    11 |
|    Minimum number of control sets                        |    11 |
|    Addition due to synthesis replication                 |     0 |
|    Addition due to physical synthesis replication        |     0 |
| Unused register locations in slices containing registers |    32 |
+----------------------------------------------------------+-------+
* Control sets can be merged at opt_design using control_set_merge or merge_equivalent_drivers
** Run report_qor_suggestions for automated merging and remapping suggestions


2. Histogram
------------

+--------------------+-------+
|       Fanout       | Count |
+--------------------+-------+
| Total control sets |    11 |
| >= 0 to < 4        |     1 |
| >= 4 to < 6        |     1 |
| >= 6 to < 8        |     1 |
| >= 8 to < 10       |     3 |
| >= 10 to < 12      |     3 |
| >= 12 to < 14      |     1 |
| >= 14 to < 16      |     0 |
| >= 16              |     1 |
+--------------------+-------+
* Control sets can be remapped at either synth_design or opt_design


3. Flip-Flop Distribution
-------------------------

+--------------+-----------------------+------------------------+-----------------+--------------+
| Clock Enable | Synchronous Set/Reset | Asynchronous Set/Reset | Total Registers | Total Slices |
+--------------+-----------------------+------------------------+-----------------+--------------+
| No           | No                    | No                     |              41 |           20 |
| No           | No                    | Yes                    |               0 |            0 |
| No           | Yes                   | No                     |              17 |            6 |
| Yes          | No                    | No                     |              54 |           15 |
| Yes          | No                    | Yes                    |               0 |            0 |
| Yes          | Yes                   | No                     |               0 |            0 |
+--------------+-----------------------+------------------------+-----------------+--------------+


4. Detailed Control Set Information
-----------------------------------

+--------------------------------------+----------------------------------+----------------------------------+------------------+----------------+--------------+
|             Clock Signal             |           Enable Signal          |         Set/Reset Signal         | Slice Load Count | Bel Load Count | Bels / Slice |
+--------------------------------------+----------------------------------+----------------------------------+------------------+----------------+--------------+
|  clk_IBUF_BUFG                       |                                  | displayDriver/SS[0]              |                1 |              2 |         2.00 |
| ~kclk_IBUF_BUFG                      |                                  | keyboardInterface/clear          |                1 |              4 |         4.00 |
|  clk_IBUF_BUFG                       | displayDriver/yCoord_reg[4]_0[0] |                                  |                2 |              7 |         3.50 |
|  clk_IBUF_BUFG                       | displayDriver/E[0]               |                                  |                2 |              8 |         4.00 |
|  clk_IBUF_BUFG                       | displayDriver/xCoord_reg[4]_0[0] |                                  |                1 |              8 |         8.00 |
|  clk_IBUF_BUFG                       | displayDriver/xCoord_reg[4]_1[0] |                                  |                2 |              8 |         4.00 |
|  displayDriver/pixelClockDivider/CLK |                                  | displayDriver/xCoord[10]_i_1_n_0 |                4 |             11 |         2.75 |
|  displayDriver/pixelClockDivider/CLK | displayDriver/xCoord[10]_i_1_n_0 |                                  |                5 |             11 |         2.20 |
| ~kclk_IBUF_BUFG                      |                                  |                                  |                4 |             11 |         2.75 |
|  clk_IBUF_BUFG                       | keyboardInterface/E[0]           |                                  |                3 |             12 |         4.00 |
|  clk_IBUF_BUFG                       |                                  |                                  |               16 |             30 |         1.88 |
+--------------------------------------+----------------------------------+----------------------------------+------------------+----------------+--------------+


