
*** Running vivado
    with args -log top_module.vds -m64 -product Vivado -mode batch -messageDb vivado.pb -notrace -source top_module.tcl



****** Vivado v2024.1 (64-bit)
  **** SW Build 5076996 on Wed May 22 18:37:14 MDT 2024
  **** IP Build 5075265 on Wed May 22 21:45:21 MDT 2024
  **** SharedData Build 5076995 on Wed May 22 18:29:18 MDT 2024
  **** Start of session at: Wed Oct 30 10:55:28 2024
    ** Copyright 1986-2022 Xilinx, Inc. All Rights Reserved.
    ** Copyright 2022-2024 Advanced Micro Devices, Inc. All Rights Reserved.

source top_module.tcl -notrace
create_project: Time (s): cpu = 00:00:06 ; elapsed = 00:00:07 . Memory (MB): peak = 507.559 ; gain = 198.656
Command: synth_design -top top_module -part xc7a35tcpg236-1
Starting synth_design
Attempting to get a license for feature 'Synthesis' and/or device 'xc7a35t'
INFO: [Common 17-349] Got license for feature 'Synthesis' and/or device 'xc7a35t'
INFO: [Device 21-403] Loading part xc7a35tcpg236-1
INFO: [Device 21-9227] Part: xc7a35tcpg236-1 does not have CEAM library.
INFO: [Synth 8-7079] Multithreading enabled for synth_design using a maximum of 2 processes.
INFO: [Synth 8-7078] Launching helper process for spawning children vivado processes
INFO: [Synth 8-7075] Helper process launched with PID 31400
---------------------------------------------------------------------------------
Starting RTL Elaboration : Time (s): cpu = 00:00:04 ; elapsed = 00:00:05 . Memory (MB): peak = 1369.871 ; gain = 447.883
---------------------------------------------------------------------------------
INFO: [Synth 8-6157] synthesizing module 'top_module' [C:/Users/youssef/Desktop/DigitalSystems/FPGA-Lab4/FPGA-Lab4.srcs/sources_1/new/top_module.v:23]
INFO: [Synth 8-6157] synthesizing module 'ps2_keyboard' [C:/Users/youssef/Desktop/DigitalSystems/FPGA-Lab4/FPGA-Lab4.srcs/sources_1/new/ps2_keyboard.v:23]
INFO: [Synth 8-6155] done synthesizing module 'ps2_keyboard' (0#1) [C:/Users/youssef/Desktop/DigitalSystems/FPGA-Lab4/FPGA-Lab4.srcs/sources_1/new/ps2_keyboard.v:23]
WARNING: [Synth 8-7071] port 'prev_scancode' of module 'ps2_keyboard' is unconnected for instance 'keyboardInterface' [C:/Users/youssef/Desktop/DigitalSystems/FPGA-Lab4/FPGA-Lab4.srcs/sources_1/new/top_module.v:49]
WARNING: [Synth 8-7023] instance 'keyboardInterface' of module 'ps2_keyboard' has 6 connections declared, but only 5 given [C:/Users/youssef/Desktop/DigitalSystems/FPGA-Lab4/FPGA-Lab4.srcs/sources_1/new/top_module.v:49]
INFO: [Synth 8-6157] synthesizing module 'vga_driver' [C:/Users/youssef/Desktop/DigitalSystems/FPGA-Lab4/FPGA-Lab4.srcs/sources_1/new/vga_driver.v:15]
INFO: [Synth 8-6157] synthesizing module 'clock_divider' [C:/Users/youssef/Desktop/DigitalSystems/FPGA-Lab4/FPGA-Lab4.srcs/sources_1/new/clock_divider.v:24]
	Parameter TARGET_VALUE bound to: 3 - type: integer 
INFO: [Synth 8-6155] done synthesizing module 'clock_divider' (0#1) [C:/Users/youssef/Desktop/DigitalSystems/FPGA-Lab4/FPGA-Lab4.srcs/sources_1/new/clock_divider.v:24]
INFO: [Synth 8-6155] done synthesizing module 'vga_driver' (0#1) [C:/Users/youssef/Desktop/DigitalSystems/FPGA-Lab4/FPGA-Lab4.srcs/sources_1/new/vga_driver.v:15]
WARNING: [Synth 8-7071] port 'pixelClock' of module 'vga_driver' is unconnected for instance 'displayDriver' [C:/Users/youssef/Desktop/DigitalSystems/FPGA-Lab4/FPGA-Lab4.srcs/sources_1/new/top_module.v:55]
WARNING: [Synth 8-7023] instance 'displayDriver' of module 'vga_driver' has 7 connections declared, but only 6 given [C:/Users/youssef/Desktop/DigitalSystems/FPGA-Lab4/FPGA-Lab4.srcs/sources_1/new/top_module.v:55]
INFO: [Synth 8-6157] synthesizing module 'bitmap_font' [C:/Users/youssef/Desktop/DigitalSystems/FPGA-Lab4/FPGA-Lab4.srcs/sources_1/new/bitmap_font.v:22]
INFO: [Synth 8-6157] synthesizing module 'blk_mem_gen_0' [C:/Users/youssef/Desktop/DigitalSystems/FPGA-Lab4/FPGA-Lab4.runs/synth_1/.Xil/Vivado-23268-DESKTOP-339EFSV/realtime/blk_mem_gen_0_stub.v:6]
INFO: [Synth 8-6155] done synthesizing module 'blk_mem_gen_0' (0#1) [C:/Users/youssef/Desktop/DigitalSystems/FPGA-Lab4/FPGA-Lab4.runs/synth_1/.Xil/Vivado-23268-DESKTOP-339EFSV/realtime/blk_mem_gen_0_stub.v:6]
INFO: [Synth 8-6155] done synthesizing module 'bitmap_font' (0#1) [C:/Users/youssef/Desktop/DigitalSystems/FPGA-Lab4/FPGA-Lab4.srcs/sources_1/new/bitmap_font.v:22]
WARNING: [Synth 8-689] width (32) of port connection 'digit' does not match port width (4) of module 'bitmap_font' [C:/Users/youssef/Desktop/DigitalSystems/FPGA-Lab4/FPGA-Lab4.srcs/sources_1/new/top_module.v:76]
WARNING: [Synth 8-689] width (32) of port connection 'digit' does not match port width (4) of module 'bitmap_font' [C:/Users/youssef/Desktop/DigitalSystems/FPGA-Lab4/FPGA-Lab4.srcs/sources_1/new/top_module.v:85]
WARNING: [Synth 8-689] width (32) of port connection 'digit' does not match port width (4) of module 'bitmap_font' [C:/Users/youssef/Desktop/DigitalSystems/FPGA-Lab4/FPGA-Lab4.srcs/sources_1/new/top_module.v:93]
INFO: [Synth 8-6157] synthesizing module 'segment_driver' [C:/Users/youssef/Desktop/DigitalSystems/FPGA-Lab4/FPGA-Lab4.srcs/sources_1/new/segment_driver.v:23]
INFO: [Synth 8-226] default block is never used [C:/Users/youssef/Desktop/DigitalSystems/FPGA-Lab4/FPGA-Lab4.srcs/sources_1/new/segment_driver.v:30]
INFO: [Synth 8-6155] done synthesizing module 'segment_driver' (0#1) [C:/Users/youssef/Desktop/DigitalSystems/FPGA-Lab4/FPGA-Lab4.srcs/sources_1/new/segment_driver.v:23]
INFO: [Synth 8-6155] done synthesizing module 'top_module' (0#1) [C:/Users/youssef/Desktop/DigitalSystems/FPGA-Lab4/FPGA-Lab4.srcs/sources_1/new/top_module.v:23]
WARNING: [Synth 8-6014] Unused sequential element BLUE_reg was removed.  [C:/Users/youssef/Desktop/DigitalSystems/FPGA-Lab4/FPGA-Lab4.srcs/sources_1/new/top_module.v:124]
WARNING: [Synth 8-3917] design top_module has port anode[3] driven by constant 1
WARNING: [Synth 8-3917] design top_module has port anode[2] driven by constant 1
WARNING: [Synth 8-3917] design top_module has port anode[1] driven by constant 1
WARNING: [Synth 8-3917] design top_module has port anode[0] driven by constant 0
WARNING: [Synth 8-7129] Port clk in module ps2_keyboard is either unconnected or has no load
---------------------------------------------------------------------------------
Finished RTL Elaboration : Time (s): cpu = 00:00:06 ; elapsed = 00:00:07 . Memory (MB): peak = 1482.988 ; gain = 561.000
---------------------------------------------------------------------------------
---------------------------------------------------------------------------------
Start Handling Custom Attributes
---------------------------------------------------------------------------------
---------------------------------------------------------------------------------
Finished Handling Custom Attributes : Time (s): cpu = 00:00:06 ; elapsed = 00:00:07 . Memory (MB): peak = 1482.988 ; gain = 561.000
---------------------------------------------------------------------------------
---------------------------------------------------------------------------------
Finished RTL Optimization Phase 1 : Time (s): cpu = 00:00:06 ; elapsed = 00:00:07 . Memory (MB): peak = 1482.988 ; gain = 561.000
---------------------------------------------------------------------------------
Netlist sorting complete. Time (s): cpu = 00:00:00 ; elapsed = 00:00:00.005 . Memory (MB): peak = 1482.988 ; gain = 0.000
INFO: [Project 1-570] Preparing netlist for logic optimization

Processing XDC Constraints
Initializing timing engine
Parsing XDC File [c:/Users/youssef/Desktop/DigitalSystems/FPGA-Lab4/FPGA-Lab4.gen/sources_1/ip/blk_mem_gen_0/blk_mem_gen_0/blk_mem_gen_0_in_context.xdc] for cell 'testFont/fontMemory'
Finished Parsing XDC File [c:/Users/youssef/Desktop/DigitalSystems/FPGA-Lab4/FPGA-Lab4.gen/sources_1/ip/blk_mem_gen_0/blk_mem_gen_0/blk_mem_gen_0_in_context.xdc] for cell 'testFont/fontMemory'
Parsing XDC File [c:/Users/youssef/Desktop/DigitalSystems/FPGA-Lab4/FPGA-Lab4.gen/sources_1/ip/blk_mem_gen_0/blk_mem_gen_0/blk_mem_gen_0_in_context.xdc] for cell 'testFont2/fontMemory'
Finished Parsing XDC File [c:/Users/youssef/Desktop/DigitalSystems/FPGA-Lab4/FPGA-Lab4.gen/sources_1/ip/blk_mem_gen_0/blk_mem_gen_0/blk_mem_gen_0_in_context.xdc] for cell 'testFont2/fontMemory'
Parsing XDC File [c:/Users/youssef/Desktop/DigitalSystems/FPGA-Lab4/FPGA-Lab4.gen/sources_1/ip/blk_mem_gen_0/blk_mem_gen_0/blk_mem_gen_0_in_context.xdc] for cell 'testFont3/fontMemory'
Finished Parsing XDC File [c:/Users/youssef/Desktop/DigitalSystems/FPGA-Lab4/FPGA-Lab4.gen/sources_1/ip/blk_mem_gen_0/blk_mem_gen_0/blk_mem_gen_0_in_context.xdc] for cell 'testFont3/fontMemory'
Parsing XDC File [c:/Users/youssef/Desktop/DigitalSystems/FPGA-Lab4/FPGA-Lab4.gen/sources_1/ip/blk_mem_gen_0/blk_mem_gen_0/blk_mem_gen_0_in_context.xdc] for cell 'testFont4/fontMemory'
Finished Parsing XDC File [c:/Users/youssef/Desktop/DigitalSystems/FPGA-Lab4/FPGA-Lab4.gen/sources_1/ip/blk_mem_gen_0/blk_mem_gen_0/blk_mem_gen_0_in_context.xdc] for cell 'testFont4/fontMemory'
Parsing XDC File [C:/Users/youssef/Desktop/DigitalSystems/FPGA-Lab4/FPGA-Lab4.srcs/constrs_1/new/constraints.xdc]
Finished Parsing XDC File [C:/Users/youssef/Desktop/DigitalSystems/FPGA-Lab4/FPGA-Lab4.srcs/constrs_1/new/constraints.xdc]
INFO: [Project 1-236] Implementation specific constraints were found while reading constraint file [C:/Users/youssef/Desktop/DigitalSystems/FPGA-Lab4/FPGA-Lab4.srcs/constrs_1/new/constraints.xdc]. These constraints will be ignored for synthesis but will be used in implementation. Impacted constraints are listed in the file [.Xil/top_module_propImpl.xdc].
Resolution: To avoid this warning, move constraints listed in [.Xil/top_module_propImpl.xdc] to another XDC file and exclude this new file from synthesis with the used_in_synthesis property (File Properties dialog in GUI) and re-run elaboration/synthesis.
Completed Processing XDC Constraints

Netlist sorting complete. Time (s): cpu = 00:00:00 ; elapsed = 00:00:00 . Memory (MB): peak = 1583.480 ; gain = 0.000
INFO: [Project 1-111] Unisim Transformation Summary:
No Unisim elements were transformed.

Constraint Validation Runtime : Time (s): cpu = 00:00:00 ; elapsed = 00:00:00.003 . Memory (MB): peak = 1583.480 ; gain = 0.000
---------------------------------------------------------------------------------
Finished Constraint Validation : Time (s): cpu = 00:00:13 ; elapsed = 00:00:15 . Memory (MB): peak = 1583.480 ; gain = 661.492
---------------------------------------------------------------------------------
---------------------------------------------------------------------------------
Start Loading Part and Timing Information
---------------------------------------------------------------------------------
Loading part: xc7a35tcpg236-1
---------------------------------------------------------------------------------
Finished Loading Part and Timing Information : Time (s): cpu = 00:00:13 ; elapsed = 00:00:15 . Memory (MB): peak = 1583.480 ; gain = 661.492
---------------------------------------------------------------------------------
---------------------------------------------------------------------------------
Start Applying 'set_property' XDC Constraints
---------------------------------------------------------------------------------
Applied set_property KEEP_HIERARCHY = SOFT for testFont/fontMemory. (constraint file  auto generated constraint).
Applied set_property KEEP_HIERARCHY = SOFT for testFont2/fontMemory. (constraint file  auto generated constraint).
Applied set_property KEEP_HIERARCHY = SOFT for testFont3/fontMemory. (constraint file  auto generated constraint).
Applied set_property KEEP_HIERARCHY = SOFT for testFont4/fontMemory. (constraint file  auto generated constraint).
---------------------------------------------------------------------------------
Finished applying 'set_property' XDC Constraints : Time (s): cpu = 00:00:13 ; elapsed = 00:00:15 . Memory (MB): peak = 1583.480 ; gain = 661.492
---------------------------------------------------------------------------------
---------------------------------------------------------------------------------
Finished RTL Optimization Phase 2 : Time (s): cpu = 00:00:13 ; elapsed = 00:00:15 . Memory (MB): peak = 1583.480 ; gain = 661.492
---------------------------------------------------------------------------------
---------------------------------------------------------------------------------
Start RTL Component Statistics 
---------------------------------------------------------------------------------
Detailed RTL Component Info : 
+---Adders : 
	   3 Input   13 Bit       Adders := 8     
	   2 Input   11 Bit       Adders := 2     
	   2 Input    5 Bit       Adders := 3     
	   2 Input    4 Bit       Adders := 2     
	   3 Input    4 Bit       Adders := 8     
	   2 Input    2 Bit       Adders := 1     
+---Registers : 
	               22 Bit    Registers := 1     
	               11 Bit    Registers := 2     
	                8 Bit    Registers := 2     
	                4 Bit    Registers := 3     
	                2 Bit    Registers := 1     
	                1 Bit    Registers := 8     
+---Muxes : 
	   2 Input    4 Bit        Muxes := 5     
---------------------------------------------------------------------------------
Finished RTL Component Statistics 
---------------------------------------------------------------------------------
---------------------------------------------------------------------------------
Start Part Resource Summary
---------------------------------------------------------------------------------
Part Resources:
DSPs: 90 (col length:60)
BRAMs: 100 (col length: RAMB18 60 RAMB36 30)
---------------------------------------------------------------------------------
Finished Part Resource Summary
---------------------------------------------------------------------------------
---------------------------------------------------------------------------------
Start Cross Boundary and Area Optimization
---------------------------------------------------------------------------------
WARNING: [Synth 8-7080] Parallel synthesis criteria is not met
WARNING: [Synth 8-3936] Found unconnected internal register 'keyboardInterface/scancode_sr_reg' and it is trimmed from '22' to '21' bits. [C:/Users/youssef/Desktop/DigitalSystems/FPGA-Lab4/FPGA-Lab4.srcs/sources_1/new/ps2_keyboard.v:40]
WARNING: [Synth 8-3917] design top_module has port anode[3] driven by constant 1
WARNING: [Synth 8-3917] design top_module has port anode[2] driven by constant 1
WARNING: [Synth 8-3917] design top_module has port anode[1] driven by constant 1
WARNING: [Synth 8-3917] design top_module has port anode[0] driven by constant 0
---------------------------------------------------------------------------------
Finished Cross Boundary and Area Optimization : Time (s): cpu = 00:00:15 ; elapsed = 00:00:18 . Memory (MB): peak = 1583.480 ; gain = 661.492
---------------------------------------------------------------------------------
---------------------------------------------------------------------------------
Start Applying XDC Timing Constraints
---------------------------------------------------------------------------------
---------------------------------------------------------------------------------
Finished Applying XDC Timing Constraints : Time (s): cpu = 00:00:20 ; elapsed = 00:00:23 . Memory (MB): peak = 1583.480 ; gain = 661.492
---------------------------------------------------------------------------------
---------------------------------------------------------------------------------
Start Timing Optimization
---------------------------------------------------------------------------------
---------------------------------------------------------------------------------
Finished Timing Optimization : Time (s): cpu = 00:00:20 ; elapsed = 00:00:23 . Memory (MB): peak = 1583.480 ; gain = 661.492
---------------------------------------------------------------------------------
---------------------------------------------------------------------------------
Start Technology Mapping
---------------------------------------------------------------------------------
---------------------------------------------------------------------------------
Finished Technology Mapping : Time (s): cpu = 00:00:20 ; elapsed = 00:00:23 . Memory (MB): peak = 1583.480 ; gain = 661.492
---------------------------------------------------------------------------------
---------------------------------------------------------------------------------
Start IO Insertion
---------------------------------------------------------------------------------
---------------------------------------------------------------------------------
Start Flattening Before IO Insertion
---------------------------------------------------------------------------------
---------------------------------------------------------------------------------
Finished Flattening Before IO Insertion
---------------------------------------------------------------------------------
---------------------------------------------------------------------------------
Start Final Netlist Cleanup
---------------------------------------------------------------------------------
---------------------------------------------------------------------------------
Finished Final Netlist Cleanup
---------------------------------------------------------------------------------
---------------------------------------------------------------------------------
Finished IO Insertion : Time (s): cpu = 00:00:25 ; elapsed = 00:00:28 . Memory (MB): peak = 1583.480 ; gain = 661.492
---------------------------------------------------------------------------------
---------------------------------------------------------------------------------
Start Renaming Generated Instances
---------------------------------------------------------------------------------
---------------------------------------------------------------------------------
Finished Renaming Generated Instances : Time (s): cpu = 00:00:25 ; elapsed = 00:00:28 . Memory (MB): peak = 1583.480 ; gain = 661.492
---------------------------------------------------------------------------------
---------------------------------------------------------------------------------
Start Rebuilding User Hierarchy
---------------------------------------------------------------------------------
---------------------------------------------------------------------------------
Finished Rebuilding User Hierarchy : Time (s): cpu = 00:00:25 ; elapsed = 00:00:28 . Memory (MB): peak = 1583.480 ; gain = 661.492
---------------------------------------------------------------------------------
---------------------------------------------------------------------------------
Start Renaming Generated Ports
---------------------------------------------------------------------------------
---------------------------------------------------------------------------------
Finished Renaming Generated Ports : Time (s): cpu = 00:00:25 ; elapsed = 00:00:28 . Memory (MB): peak = 1583.480 ; gain = 661.492
---------------------------------------------------------------------------------
---------------------------------------------------------------------------------
Start Handling Custom Attributes
---------------------------------------------------------------------------------
---------------------------------------------------------------------------------
Finished Handling Custom Attributes : Time (s): cpu = 00:00:25 ; elapsed = 00:00:28 . Memory (MB): peak = 1583.480 ; gain = 661.492
---------------------------------------------------------------------------------
---------------------------------------------------------------------------------
Start Renaming Generated Nets
---------------------------------------------------------------------------------
---------------------------------------------------------------------------------
Finished Renaming Generated Nets : Time (s): cpu = 00:00:25 ; elapsed = 00:00:28 . Memory (MB): peak = 1583.480 ; gain = 661.492
---------------------------------------------------------------------------------
---------------------------------------------------------------------------------
Start Writing Synthesis Report
---------------------------------------------------------------------------------

Report BlackBoxes: 
+------+--------------+----------+
|      |BlackBox name |Instances |
+------+--------------+----------+
|1     |blk_mem_gen_0 |         4|
+------+--------------+----------+

Report Cell Usage: 
+------+--------------+------+
|      |Cell          |Count |
+------+--------------+------+
|1     |blk_mem_gen   |     1|
|2     |blk_mem_gen_0 |     3|
|5     |BUFG          |     2|
|6     |LUT1          |     4|
|7     |LUT2          |     8|
|8     |LUT3          |    15|
|9     |LUT4          |    36|
|10    |LUT5          |    12|
|11    |LUT6          |    43|
|12    |FDRE          |    99|
|13    |FDSE          |     1|
|14    |IBUF          |     3|
|15    |OBUF          |    34|
+------+--------------+------+
---------------------------------------------------------------------------------
Finished Writing Synthesis Report : Time (s): cpu = 00:00:25 ; elapsed = 00:00:28 . Memory (MB): peak = 1583.480 ; gain = 661.492
---------------------------------------------------------------------------------
Synthesis finished with 0 errors, 0 critical warnings and 6 warnings.
Synthesis Optimization Runtime : Time (s): cpu = 00:00:18 ; elapsed = 00:00:26 . Memory (MB): peak = 1583.480 ; gain = 561.000
Synthesis Optimization Complete : Time (s): cpu = 00:00:25 ; elapsed = 00:00:28 . Memory (MB): peak = 1583.480 ; gain = 661.492
INFO: [Project 1-571] Translating synthesized netlist
Netlist sorting complete. Time (s): cpu = 00:00:00 ; elapsed = 00:00:00.002 . Memory (MB): peak = 1583.480 ; gain = 0.000
INFO: [Project 1-570] Preparing netlist for logic optimization
INFO: [Opt 31-138] Pushed 0 inverter(s) to 0 load pin(s).
Netlist sorting complete. Time (s): cpu = 00:00:00 ; elapsed = 00:00:00.001 . Memory (MB): peak = 1583.480 ; gain = 0.000
INFO: [Project 1-111] Unisim Transformation Summary:
No Unisim elements were transformed.

Synth Design complete | Checksum: fc470ff5
INFO: [Common 17-83] Releasing license: Synthesis
29 Infos, 19 Warnings, 0 Critical Warnings and 0 Errors encountered.
synth_design completed successfully
synth_design: Time (s): cpu = 00:00:30 ; elapsed = 00:00:33 . Memory (MB): peak = 1583.480 ; gain = 1063.289
Write ShapeDB Complete: Time (s): cpu = 00:00:00 ; elapsed = 00:00:00.001 . Memory (MB): peak = 1583.480 ; gain = 0.000
INFO: [Common 17-1381] The checkpoint 'C:/Users/youssef/Desktop/DigitalSystems/FPGA-Lab4/FPGA-Lab4.runs/synth_1/top_module.dcp' has been generated.
INFO: [Vivado 12-24828] Executing command : report_utilization -file top_module_utilization_synth.rpt -pb top_module_utilization_synth.pb
INFO: [Common 17-206] Exiting Vivado at Wed Oct 30 10:56:11 2024...
