#-----------------------------------------------------------
# Vivado v2024.1 (64-bit)
# SW Build 5076996 on Wed May 22 18:37:14 MDT 2024
# IP Build 5075265 on Wed May 22 21:45:21 MDT 2024
# SharedData Build 5076995 on Wed May 22 18:29:18 MDT 2024
# Start of session at: Wed Oct 16 09:01:49 2024
# Process ID: 50284
# Current directory: C:/Users/youssef/Desktop/DigitalSystems/FPGA-Lab3/PS2Keyboard.runs/impl_1
# Command line: vivado.exe -log top_module.vdi -applog -product Vivado -messageDb vivado.pb -mode batch -source top_module.tcl -notrace
# Log file: C:/Users/youssef/Desktop/DigitalSystems/FPGA-Lab3/PS2Keyboard.runs/impl_1/top_module.vdi
# Journal file: C:/Users/youssef/Desktop/DigitalSystems/FPGA-Lab3/PS2Keyboard.runs/impl_1\vivado.jou
# Running On        :DESKTOP-339EFSV
# Platform          :Windows Server 2016 or Windows 10
# Operating System  :22631
# Processor Detail  :AMD Ryzen 7 5700X3D 8-Core Processor           
# CPU Frequency     :3000 MHz
# CPU Physical cores:8
# CPU Logical cores :16
# Host memory       :51481 MB
# Swap memory       :9126 MB
# Total Virtual     :60607 MB
# Available Virtual :25050 MB
#-----------------------------------------------------------
source top_module.tcl -notrace
