Vivado Simulator v2024.1
Copyright 1986-2022 Xilinx, Inc. All Rights Reserved.
Copyright 2022-2024 Advanced Micro Devices, Inc. All Rights Reserved.
Running: C:/Xilinx/Vivado/2024.1/bin/unwrapped/win64.o/xelab.exe --incr --debug typical --relax --mt 2 -L xil_defaultlib -L blk_mem_gen_v8_4_8 -L uvm -L unisims_ver -L unimacro_ver -L secureip -L xpm --snapshot collision_tb_behav xil_defaultlib.collision_tb xil_defaultlib.glbl -log elaborate.log 
Using 2 slave threads.
Starting static elaboration
Pass Through NonSizing Optimizer
WARNING: [VRFC 10-3291] enum literal 'BLOCK_NONE' width (12) must match enum width (32) [C:/Users/youssef/Desktop/DigitalSystems/Bomberman/Bomberman.srcs/sources_1/new/bomb_pkg.sv:22]
WARNING: [VRFC 10-3291] enum literal 'BLOCK_PILLAR' width (12) must match enum width (32) [C:/Users/youssef/Desktop/DigitalSystems/Bomberman/Bomberman.srcs/sources_1/new/bomb_pkg.sv:23]
WARNING: [VRFC 10-3291] enum literal 'BLOCK_BLOCK' width (12) must match enum width (32) [C:/Users/youssef/Desktop/DigitalSystems/Bomberman/Bomberman.srcs/sources_1/new/bomb_pkg.sv:24]
WARNING: [VRFC 10-3291] enum literal 'BLOCK_BOMB' width (12) must match enum width (32) [C:/Users/youssef/Desktop/DigitalSystems/Bomberman/Bomberman.srcs/sources_1/new/bomb_pkg.sv:26]
WARNING: [VRFC 10-3291] enum literal 'BLOCK_LEFT_FIRE' width (12) must match enum width (32) [C:/Users/youssef/Desktop/DigitalSystems/Bomberman/Bomberman.srcs/sources_1/new/bomb_pkg.sv:27]
WARNING: [VRFC 10-3291] enum literal 'BLOCK_TOP_FIRE' width (12) must match enum width (32) [C:/Users/youssef/Desktop/DigitalSystems/Bomberman/Bomberman.srcs/sources_1/new/bomb_pkg.sv:28]
WARNING: [VRFC 10-3291] enum literal 'BLOCK_RIGHT_FIRE' width (12) must match enum width (32) [C:/Users/youssef/Desktop/DigitalSystems/Bomberman/Bomberman.srcs/sources_1/new/bomb_pkg.sv:29]
WARNING: [VRFC 10-3291] enum literal 'BLOCK_BOTTOM_FIRE' width (12) must match enum width (32) [C:/Users/youssef/Desktop/DigitalSystems/Bomberman/Bomberman.srcs/sources_1/new/bomb_pkg.sv:30]
WARNING: [VRFC 10-3291] enum literal 'BLOCK_PILLAR6' width (12) must match enum width (32) [C:/Users/youssef/Desktop/DigitalSystems/Bomberman/Bomberman.srcs/sources_1/new/bomb_pkg.sv:32]
WARNING: [VRFC 10-3291] enum literal 'BLOCK_PILLAR5' width (12) must match enum width (32) [C:/Users/youssef/Desktop/DigitalSystems/Bomberman/Bomberman.srcs/sources_1/new/bomb_pkg.sv:33]
WARNING: [VRFC 10-3291] enum literal 'BLOCK_PILLAR4' width (12) must match enum width (32) [C:/Users/youssef/Desktop/DigitalSystems/Bomberman/Bomberman.srcs/sources_1/new/bomb_pkg.sv:34]
WARNING: [VRFC 10-3291] enum literal 'BLOCK_PILLAR3' width (12) must match enum width (32) [C:/Users/youssef/Desktop/DigitalSystems/Bomberman/Bomberman.srcs/sources_1/new/bomb_pkg.sv:35]
WARNING: [VRFC 10-3291] enum literal 'BLOCK_PILLAR2' width (12) must match enum width (32) [C:/Users/youssef/Desktop/DigitalSystems/Bomberman/Bomberman.srcs/sources_1/new/bomb_pkg.sv:36]
WARNING: [VRFC 10-3291] enum literal 'BLOCK_PILLAR1' width (12) must match enum width (32) [C:/Users/youssef/Desktop/DigitalSystems/Bomberman/Bomberman.srcs/sources_1/new/bomb_pkg.sv:37]
WARNING: [VRFC 10-3091] actual bit length 32 differs from formal bit length 11 for port 'i_xCoord' [C:/Users/youssef/Desktop/DigitalSystems/Bomberman/Bomberman.srcs/sim_1/new/collision_tb.sv:18]
WARNING: [VRFC 10-3091] actual bit length 32 differs from formal bit length 11 for port 'i_yCoord' [C:/Users/youssef/Desktop/DigitalSystems/Bomberman/Bomberman.srcs/sim_1/new/collision_tb.sv:19]
WARNING: [VRFC 10-3091] actual bit length 32 differs from formal bit length 12 for port 'dina' [C:/Users/youssef/Desktop/DigitalSystems/Bomberman/Bomberman.srcs/sources_1/new/bomberman_map.sv:40]
WARNING: [VRFC 10-3091] actual bit length 32 differs from formal bit length 1 for port 'wea' [C:/Users/youssef/Desktop/DigitalSystems/Bomberman/Bomberman.srcs/sources_1/new/bomberman_map.sv:41]
WARNING: [VRFC 10-3091] actual bit length 32 differs from formal bit length 11 for port 'i_xCoord' [C:/Users/youssef/Desktop/DigitalSystems/Bomberman/Bomberman.srcs/sim_1/new/collision_tb.sv:33]
WARNING: [VRFC 10-3091] actual bit length 32 differs from formal bit length 11 for port 'i_yCoord' [C:/Users/youssef/Desktop/DigitalSystems/Bomberman/Bomberman.srcs/sim_1/new/collision_tb.sv:34]
WARNING: [VRFC 10-3091] actual bit length 32 differs from formal bit length 1 for port 'i_bomb' [C:/Users/youssef/Desktop/DigitalSystems/Bomberman/Bomberman.srcs/sim_1/new/collision_tb.sv:35]
WARNING: [VRFC 10-3091] actual bit length 32 differs from formal bit length 1 for port 'i_up' [C:/Users/youssef/Desktop/DigitalSystems/Bomberman/Bomberman.srcs/sim_1/new/collision_tb.sv:36]
WARNING: [VRFC 10-3091] actual bit length 32 differs from formal bit length 1 for port 'i_down' [C:/Users/youssef/Desktop/DigitalSystems/Bomberman/Bomberman.srcs/sim_1/new/collision_tb.sv:37]
WARNING: [VRFC 10-3091] actual bit length 32 differs from formal bit length 1 for port 'i_left' [C:/Users/youssef/Desktop/DigitalSystems/Bomberman/Bomberman.srcs/sim_1/new/collision_tb.sv:38]
WARNING: [VRFC 10-3091] actual bit length 32 differs from formal bit length 1 for port 'i_right' [C:/Users/youssef/Desktop/DigitalSystems/Bomberman/Bomberman.srcs/sim_1/new/collision_tb.sv:39]
WARNING: [VRFC 10-3823] variable 'player_pos' might have multiple concurrent drivers [C:/Users/youssef/Desktop/DigitalSystems/Bomberman/Bomberman.srcs/sim_1/new/collision_tb.sv:42]
Completed static elaboration
Starting simulation data flow analysis
Completed simulation data flow analysis
Time Resolution for simulation is 1ps
Compiling package xil_defaultlib.bomb_pkg
Compiling module blk_mem_gen_v8_4_8.blk_mem_gen_v8_4_8_output_stage(...
Compiling module blk_mem_gen_v8_4_8.blk_mem_gen_v8_4_8_softecc_outpu...
Compiling module blk_mem_gen_v8_4_8.blk_mem_gen_v8_4_8_mem_module(C_...
Compiling module blk_mem_gen_v8_4_8.blk_mem_gen_v8_4_8(C_FAMILY="art...
Compiling module xil_defaultlib.map_mem
Compiling module blk_mem_gen_v8_4_8.blk_mem_gen_v8_4_8_output_stage(...
Compiling module blk_mem_gen_v8_4_8.blk_mem_gen_v8_4_8_softecc_outpu...
Compiling module blk_mem_gen_v8_4_8.blk_mem_gen_v8_4_8_mem_module(C_...
Compiling module blk_mem_gen_v8_4_8.blk_mem_gen_v8_4_8(C_FAMILY="art...
Compiling module xil_defaultlib.pillar_rom_gen
Compiling module blk_mem_gen_v8_4_8.blk_mem_gen_v8_4_8_output_stage(...
Compiling module blk_mem_gen_v8_4_8.blk_mem_gen_v8_4_8_softecc_outpu...
Compiling module blk_mem_gen_v8_4_8.blk_mem_gen_v8_4_8_mem_module(C_...
Compiling module blk_mem_gen_v8_4_8.blk_mem_gen_v8_4_8(C_FAMILY="art...
Compiling module xil_defaultlib.block_sprite
Compiling module blk_mem_gen_v8_4_8.blk_mem_gen_v8_4_8_mem_module(C_...
Compiling module blk_mem_gen_v8_4_8.blk_mem_gen_v8_4_8(C_FAMILY="art...
Compiling module xil_defaultlib.bomb_rom
Compiling module xil_defaultlib.block_renderer
Compiling module xil_defaultlib.bomberman_map
Compiling module xil_defaultlib.collision_detection
Compiling module xil_defaultlib.key_filter
Compiling module xil_defaultlib.bomberman_physics
Compiling module xil_defaultlib.bomberman_sprite_animator
Compiling module blk_mem_gen_v8_4_8.blk_mem_gen_v8_4_8_output_stage(...
Compiling module blk_mem_gen_v8_4_8.blk_mem_gen_v8_4_8_softecc_outpu...
Compiling module blk_mem_gen_v8_4_8.blk_mem_gen_v8_4_8_mem_module(C_...
Compiling module blk_mem_gen_v8_4_8.blk_mem_gen_v8_4_8(C_FAMILY="art...
Compiling module xil_defaultlib.bomberman_sprite_gen
Compiling module xil_defaultlib.bomberman_renderer
Compiling module xil_defaultlib.bomberman
Compiling module xil_defaultlib.collision_tb
Compiling module xil_defaultlib.glbl
Built simulation snapshot collision_tb_behav
