Copyright 1986-2022 Xilinx, Inc. All Rights Reserved. Copyright 2022-2024 Advanced Micro Devices, Inc. All Rights Reserved.
---------------------------------------------------------------------------------------------------------------------------------------------------------------------------------------------------------------------------
| Tool Version : Vivado v.2024.1 (win64) Build 5076996 Wed May 22 18:37:14 MDT 2024
| Date         : Fri Nov 15 14:57:19 2024
| Host         : DESKTOP-339EFSV running 64-bit major release  (build 9200)
| Command      : report_timing_summary -max_paths 10 -report_unconstrained -file top_module_timing_summary_routed.rpt -pb top_module_timing_summary_routed.pb -rpx top_module_timing_summary_routed.rpx -warn_on_violation
| Design       : top_module
| Device       : 7a35t-cpg236
| Speed File   : -1  PRODUCTION 1.23 2018-06-13
| Design State : Routed
---------------------------------------------------------------------------------------------------------------------------------------------------------------------------------------------------------------------------

Timing Summary Report

------------------------------------------------------------------------------------------------
| Timer Settings
| --------------
------------------------------------------------------------------------------------------------

  Enable Multi Corner Analysis               :  Yes
  Enable Pessimism Removal                   :  Yes
  Pessimism Removal Resolution               :  Nearest Common Node
  Enable Input Delay Default Clock           :  No
  Enable Preset / Clear Arcs                 :  No
  Disable Flight Delays                      :  No
  Ignore I/O Paths                           :  No
  Timing Early Launch at Borrowing Latches   :  No
  Borrow Time for Max Delay Exceptions       :  Yes
  Merge Timing Exceptions                    :  Yes
  Inter-SLR Compensation                     :  Conservative

  Corner  Analyze    Analyze    
  Name    Max Paths  Min Paths  
  ------  ---------  ---------  
  Slow    Yes        Yes        
  Fast    Yes        Yes        


------------------------------------------------------------------------------------------------
| Report Methodology
| ------------------
------------------------------------------------------------------------------------------------

Rule       Severity          Description                  Violations  
---------  ----------------  ---------------------------  ----------  
TIMING-17  Critical Warning  Non-clocked sequential cell  215         

Note: This report is based on the most recent report_methodology run and may not be up-to-date. Run report_methodology on the current design for the latest report.



check_timing report

Table of Contents
-----------------
1. checking no_clock (215)
2. checking constant_clock (0)
3. checking pulse_width_clock (0)
4. checking unconstrained_internal_endpoints (931)
5. checking no_input_delay (1)
6. checking no_output_delay (19)
7. checking multiple_clock (0)
8. checking generated_clocks (0)
9. checking loops (0)
10. checking partial_input_delay (0)
11. checking partial_output_delay (0)
12. checking latch_loops (0)

1. checking no_clock (215)
--------------------------
 There are 169 register/latch pins with no clock driven by root clock pin: clk (HIGH)

 There are 24 register/latch pins with no clock driven by root clock pin: kclk (HIGH)

 There are 22 register/latch pins with no clock driven by root clock pin: displayDriver/pixelClockDivider/out_clk_reg/Q (HIGH)


2. checking constant_clock (0)
------------------------------
 There are 0 register/latch pins with constant_clock.


3. checking pulse_width_clock (0)
---------------------------------
 There are 0 register/latch pins which need pulse_width check


4. checking unconstrained_internal_endpoints (931)
--------------------------------------------------
 There are 931 pins that are not constrained for maximum delay. (HIGH)

 There are 0 pins that are not constrained for maximum delay due to constant clock.


5. checking no_input_delay (1)
------------------------------
 There is 1 input port with no input delay specified. (HIGH)

 There are 0 input ports with no input delay but user has a false path constraint.


6. checking no_output_delay (19)
--------------------------------
 There are 19 ports with no output delay specified. (HIGH)

 There are 0 ports with no output delay but user has a false path constraint

 There are 0 ports with no output delay but with a timing clock defined on it or propagating through it


7. checking multiple_clock (0)
------------------------------
 There are 0 register/latch pins with multiple clocks.


8. checking generated_clocks (0)
--------------------------------
 There are 0 generated clocks that are not connected to a clock source.


9. checking loops (0)
---------------------
 There are 0 combinational loops in the design.


10. checking partial_input_delay (0)
------------------------------------
 There are 0 input ports with partial input delay specified.


11. checking partial_output_delay (0)
-------------------------------------
 There are 0 ports with partial output delay specified.


12. checking latch_loops (0)
----------------------------
 There are 0 combinational latch loops in the design through latch input



------------------------------------------------------------------------------------------------
| Design Timing Summary
| ---------------------
------------------------------------------------------------------------------------------------

    WNS(ns)      TNS(ns)  TNS Failing Endpoints  TNS Total Endpoints      WHS(ns)      THS(ns)  THS Failing Endpoints  THS Total Endpoints     WPWS(ns)     TPWS(ns)  TPWS Failing Endpoints  TPWS Total Endpoints  
    -------      -------  ---------------------  -------------------      -------      -------  ---------------------  -------------------     --------     --------  ----------------------  --------------------  
        inf        0.000                      0                  950          inf        0.000                      0                  950           NA           NA                      NA                    NA  


There are no user specified timing constraints.


------------------------------------------------------------------------------------------------
| Clock Summary
| -------------
------------------------------------------------------------------------------------------------


------------------------------------------------------------------------------------------------
| Intra Clock Table
| -----------------
------------------------------------------------------------------------------------------------

Clock             WNS(ns)      TNS(ns)  TNS Failing Endpoints  TNS Total Endpoints      WHS(ns)      THS(ns)  THS Failing Endpoints  THS Total Endpoints     WPWS(ns)     TPWS(ns)  TPWS Failing Endpoints  TPWS Total Endpoints  
-----             -------      -------  ---------------------  -------------------      -------      -------  ---------------------  -------------------     --------     --------  ----------------------  --------------------  


------------------------------------------------------------------------------------------------
| Inter Clock Table
| -----------------
------------------------------------------------------------------------------------------------

From Clock    To Clock          WNS(ns)      TNS(ns)  TNS Failing Endpoints  TNS Total Endpoints      WHS(ns)      THS(ns)  THS Failing Endpoints  THS Total Endpoints  
----------    --------          -------      -------  ---------------------  -------------------      -------      -------  ---------------------  -------------------  


------------------------------------------------------------------------------------------------
| Other Path Groups Table
| -----------------------
------------------------------------------------------------------------------------------------

Path Group    From Clock    To Clock          WNS(ns)      TNS(ns)  TNS Failing Endpoints  TNS Total Endpoints      WHS(ns)      THS(ns)  THS Failing Endpoints  THS Total Endpoints  
----------    ----------    --------          -------      -------  ---------------------  -------------------      -------      -------  ---------------------  -------------------  


------------------------------------------------------------------------------------------------
| User Ignored Path Table
| -----------------------
------------------------------------------------------------------------------------------------

Path Group    From Clock    To Clock    
----------    ----------    --------    


------------------------------------------------------------------------------------------------
| Unconstrained Path Table
| ------------------------
------------------------------------------------------------------------------------------------

Path Group    From Clock    To Clock    
----------    ----------    --------    
(none)                                    


------------------------------------------------------------------------------------------------
| Timing Details
| --------------
------------------------------------------------------------------------------------------------


--------------------------------------------------------------------------------------
Path Group:  (none)
From Clock:  
  To Clock:  

Max Delay           950 Endpoints
Min Delay           950 Endpoints
--------------------------------------------------------------------------------------


Max Delay Paths
--------------------------------------------------------------------------------------
Slack:                    inf
  Source:                 displayDriver/xCoord_reg[0]/C
                            (rising edge-triggered cell FDRE)
  Destination:            HORIZ_SYNC
                            (output port)
  Path Group:             (none)
  Path Type:              Max at Slow Process Corner
  Data Path Delay:        9.118ns  (logic 4.558ns (49.983%)  route 4.561ns (50.017%))
  Logic Levels:           5  (FDRE=1 LUT3=1 LUT6=2 OBUF=1)

    Location             Delay type                Incr(ns)  Path(ns)    Netlist Resource(s)
  -------------------------------------------------------------------    -------------------
    SLICE_X3Y19          FDRE                         0.000     0.000 r  displayDriver/xCoord_reg[0]/C
    SLICE_X3Y19          FDRE (Prop_fdre_C_Q)         0.456     0.456 f  displayDriver/xCoord_reg[0]/Q
                         net (fo=10, routed)          0.872     1.328    displayDriver/vga_x[0]
    SLICE_X3Y19          LUT3 (Prop_lut3_I1_O)        0.154     1.482 r  displayDriver/HORIZ_SYNC_OBUF_inst_i_4/O
                         net (fo=1, routed)           0.811     2.292    displayDriver/HORIZ_SYNC_OBUF_inst_i_4_n_0
    SLICE_X4Y21          LUT6 (Prop_lut6_I2_O)        0.327     2.619 r  displayDriver/HORIZ_SYNC_OBUF_inst_i_3/O
                         net (fo=1, routed)           0.979     3.598    displayDriver/HORIZ_SYNC_OBUF_inst_i_3_n_0
    SLICE_X0Y23          LUT6 (Prop_lut6_I5_O)        0.124     3.722 r  displayDriver/HORIZ_SYNC_OBUF_inst_i_1/O
                         net (fo=1, routed)           1.899     5.622    HORIZ_SYNC_OBUF
    P19                  OBUF (Prop_obuf_I_O)         3.497     9.118 r  HORIZ_SYNC_OBUF_inst/O
                         net (fo=0)                   0.000     9.118    HORIZ_SYNC
    P19                                                               r  HORIZ_SYNC (OUT)
  -------------------------------------------------------------------    -------------------

Slack:                    inf
  Source:                 displayDriver/yCoord_reg[3]/C
                            (rising edge-triggered cell FDRE)
  Destination:            VERT_SYNC
                            (output port)
  Path Group:             (none)
  Path Type:              Max at Slow Process Corner
  Data Path Delay:        7.884ns  (logic 4.400ns (55.815%)  route 3.483ns (44.185%))
  Logic Levels:           4  (FDRE=1 LUT6=2 OBUF=1)

    Location             Delay type                Incr(ns)  Path(ns)    Netlist Resource(s)
  -------------------------------------------------------------------    -------------------
    SLICE_X2Y26          FDRE                         0.000     0.000 r  displayDriver/yCoord_reg[3]/C
    SLICE_X2Y26          FDRE (Prop_fdre_C_Q)         0.478     0.478 r  displayDriver/yCoord_reg[3]/Q
                         net (fo=10, routed)          1.120     1.598    displayDriver/vga_y[3]
    SLICE_X2Y25          LUT6 (Prop_lut6_I2_O)        0.295     1.893 r  displayDriver/VERT_SYNC_OBUF_inst_i_4/O
                         net (fo=1, routed)           0.494     2.388    displayDriver/VERT_SYNC_OBUF_inst_i_4_n_0
    SLICE_X2Y25          LUT6 (Prop_lut6_I5_O)        0.124     2.512 r  displayDriver/VERT_SYNC_OBUF_inst_i_1/O
                         net (fo=1, routed)           1.869     4.380    VERT_SYNC_OBUF
    R19                  OBUF (Prop_obuf_I_O)         3.503     7.884 r  VERT_SYNC_OBUF_inst/O
                         net (fo=0)                   0.000     7.884    VERT_SYNC
    R19                                                               r  VERT_SYNC (OUT)
  -------------------------------------------------------------------    -------------------

Slack:                    inf
  Source:                 read_offset_y_reg[0]/C
                            (rising edge-triggered cell FDRE)
  Destination:            b0/bram_ip/U0/inst_blk_mem_gen/gnbram.gnativebmg.native_blk_mem_gen/valid.cstr/ramloop[2].ram.r/prim_init.ram/DEVICE_7SERIES.NO_BMM_INFO.TRUE_DP.CASCADED_PRIM36.ram_T/ADDRARDADDR[15]
  Path Group:             (none)
  Path Type:              Max at Slow Process Corner
  Data Path Delay:        7.565ns  (logic 2.146ns (28.366%)  route 5.419ns (71.634%))
  Logic Levels:           7  (CARRY4=4 FDRE=1 LUT2=1 LUT6=1)

    Location             Delay type                Incr(ns)  Path(ns)    Netlist Resource(s)
  -------------------------------------------------------------------    -------------------
    SLICE_X0Y24          FDRE                         0.000     0.000 r  read_offset_y_reg[0]/C
    SLICE_X0Y24          FDRE (Prop_fdre_C_Q)         0.456     0.456 r  read_offset_y_reg[0]/Q
                         net (fo=9, routed)           1.005     1.461    b0/bram_ip_i_31_0[0]
    SLICE_X2Y22          LUT2 (Prop_lut2_I1_O)        0.124     1.585 r  b0/bram_ip_i_50/O
                         net (fo=1, routed)           0.000     1.585    b0/bram_ip_i_50_n_0
    SLICE_X2Y22          CARRY4 (Prop_carry4_S[0]_O[2])
                                                      0.544     2.129 r  b0/bram_ip_i_32/O[2]
                         net (fo=2, routed)           0.818     2.947    displayDriver/i_yCoord1[2]
    SLICE_X5Y22          LUT6 (Prop_lut6_I0_O)        0.301     3.248 r  displayDriver/bram_ip_i_19/O
                         net (fo=1, routed)           0.542     3.791    displayDriver/A[2]
    SLICE_X4Y22          CARRY4 (Prop_carry4_DI[3]_CO[3])
                                                      0.385     4.176 r  displayDriver/bram_ip_i_3/CO[3]
                         net (fo=1, routed)           0.000     4.176    displayDriver/bram_ip_i_3_n_0
    SLICE_X4Y23          CARRY4 (Prop_carry4_CI_CO[3])
                                                      0.114     4.290 r  displayDriver/bram_ip_i_2/CO[3]
                         net (fo=1, routed)           0.000     4.290    displayDriver/bram_ip_i_2_n_0
    SLICE_X4Y24          CARRY4 (Prop_carry4_CI_O[0])
                                                      0.222     4.512 r  displayDriver/bram_ip_i_1/O[0]
                         net (fo=8, routed)           3.053     7.565    b0/bram_ip/U0/inst_blk_mem_gen/gnbram.gnativebmg.native_blk_mem_gen/valid.cstr/ramloop[2].ram.r/prim_init.ram/addra[15]
    RAMB36_X1Y7          RAMB36E1                                     r  b0/bram_ip/U0/inst_blk_mem_gen/gnbram.gnativebmg.native_blk_mem_gen/valid.cstr/ramloop[2].ram.r/prim_init.ram/DEVICE_7SERIES.NO_BMM_INFO.TRUE_DP.CASCADED_PRIM36.ram_T/ADDRARDADDR[15]
  -------------------------------------------------------------------    -------------------

Slack:                    inf
  Source:                 read_offset_y_reg[0]/C
                            (rising edge-triggered cell FDRE)
  Destination:            b0/bram_ip/U0/inst_blk_mem_gen/gnbram.gnativebmg.native_blk_mem_gen/valid.cstr/ramloop[2].ram.r/prim_init.ram/DEVICE_7SERIES.NO_BMM_INFO.TRUE_DP.CASCADED_PRIM36.ram_T/ADDRARDADDR[11]
  Path Group:             (none)
  Path Type:              Max at Slow Process Corner
  Data Path Delay:        7.220ns  (logic 2.032ns (28.143%)  route 5.188ns (71.857%))
  Logic Levels:           6  (CARRY4=3 FDRE=1 LUT2=1 LUT6=1)

    Location             Delay type                Incr(ns)  Path(ns)    Netlist Resource(s)
  -------------------------------------------------------------------    -------------------
    SLICE_X0Y24          FDRE                         0.000     0.000 r  read_offset_y_reg[0]/C
    SLICE_X0Y24          FDRE (Prop_fdre_C_Q)         0.456     0.456 r  read_offset_y_reg[0]/Q
                         net (fo=9, routed)           1.005     1.461    b0/bram_ip_i_31_0[0]
    SLICE_X2Y22          LUT2 (Prop_lut2_I1_O)        0.124     1.585 r  b0/bram_ip_i_50/O
                         net (fo=1, routed)           0.000     1.585    b0/bram_ip_i_50_n_0
    SLICE_X2Y22          CARRY4 (Prop_carry4_S[0]_O[2])
                                                      0.544     2.129 r  b0/bram_ip_i_32/O[2]
                         net (fo=2, routed)           0.818     2.947    displayDriver/i_yCoord1[2]
    SLICE_X5Y22          LUT6 (Prop_lut6_I0_O)        0.301     3.248 r  displayDriver/bram_ip_i_19/O
                         net (fo=1, routed)           0.542     3.791    displayDriver/A[2]
    SLICE_X4Y22          CARRY4 (Prop_carry4_DI[3]_CO[3])
                                                      0.385     4.176 r  displayDriver/bram_ip_i_3/CO[3]
                         net (fo=1, routed)           0.000     4.176    displayDriver/bram_ip_i_3_n_0
    SLICE_X4Y23          CARRY4 (Prop_carry4_CI_O[0])
                                                      0.222     4.398 r  displayDriver/bram_ip_i_2/O[0]
                         net (fo=8, routed)           2.822     7.220    b0/bram_ip/U0/inst_blk_mem_gen/gnbram.gnativebmg.native_blk_mem_gen/valid.cstr/ramloop[2].ram.r/prim_init.ram/addra[11]
    RAMB36_X1Y7          RAMB36E1                                     r  b0/bram_ip/U0/inst_blk_mem_gen/gnbram.gnativebmg.native_blk_mem_gen/valid.cstr/ramloop[2].ram.r/prim_init.ram/DEVICE_7SERIES.NO_BMM_INFO.TRUE_DP.CASCADED_PRIM36.ram_T/ADDRARDADDR[11]
  -------------------------------------------------------------------    -------------------

Slack:                    inf
  Source:                 read_offset_y_reg[0]/C
                            (rising edge-triggered cell FDRE)
  Destination:            b0/bram_ip/U0/inst_blk_mem_gen/gnbram.gnativebmg.native_blk_mem_gen/valid.cstr/ramloop[2].ram.r/prim_init.ram/DEVICE_7SERIES.NO_BMM_INFO.TRUE_DP.CASCADED_PRIM36.ram_B/ADDRARDADDR[15]
  Path Group:             (none)
  Path Type:              Max at Slow Process Corner
  Data Path Delay:        7.218ns  (logic 2.146ns (29.732%)  route 5.072ns (70.268%))
  Logic Levels:           7  (CARRY4=4 FDRE=1 LUT2=1 LUT6=1)

    Location             Delay type                Incr(ns)  Path(ns)    Netlist Resource(s)
  -------------------------------------------------------------------    -------------------
    SLICE_X0Y24          FDRE                         0.000     0.000 r  read_offset_y_reg[0]/C
    SLICE_X0Y24          FDRE (Prop_fdre_C_Q)         0.456     0.456 r  read_offset_y_reg[0]/Q
                         net (fo=9, routed)           1.005     1.461    b0/bram_ip_i_31_0[0]
    SLICE_X2Y22          LUT2 (Prop_lut2_I1_O)        0.124     1.585 r  b0/bram_ip_i_50/O
                         net (fo=1, routed)           0.000     1.585    b0/bram_ip_i_50_n_0
    SLICE_X2Y22          CARRY4 (Prop_carry4_S[0]_O[2])
                                                      0.544     2.129 r  b0/bram_ip_i_32/O[2]
                         net (fo=2, routed)           0.818     2.947    displayDriver/i_yCoord1[2]
    SLICE_X5Y22          LUT6 (Prop_lut6_I0_O)        0.301     3.248 r  displayDriver/bram_ip_i_19/O
                         net (fo=1, routed)           0.542     3.791    displayDriver/A[2]
    SLICE_X4Y22          CARRY4 (Prop_carry4_DI[3]_CO[3])
                                                      0.385     4.176 r  displayDriver/bram_ip_i_3/CO[3]
                         net (fo=1, routed)           0.000     4.176    displayDriver/bram_ip_i_3_n_0
    SLICE_X4Y23          CARRY4 (Prop_carry4_CI_CO[3])
                                                      0.114     4.290 r  displayDriver/bram_ip_i_2/CO[3]
                         net (fo=1, routed)           0.000     4.290    displayDriver/bram_ip_i_2_n_0
    SLICE_X4Y24          CARRY4 (Prop_carry4_CI_O[0])
                                                      0.222     4.512 r  displayDriver/bram_ip_i_1/O[0]
                         net (fo=8, routed)           2.706     7.218    b0/bram_ip/U0/inst_blk_mem_gen/gnbram.gnativebmg.native_blk_mem_gen/valid.cstr/ramloop[2].ram.r/prim_init.ram/addra[15]
    RAMB36_X1Y6          RAMB36E1                                     r  b0/bram_ip/U0/inst_blk_mem_gen/gnbram.gnativebmg.native_blk_mem_gen/valid.cstr/ramloop[2].ram.r/prim_init.ram/DEVICE_7SERIES.NO_BMM_INFO.TRUE_DP.CASCADED_PRIM36.ram_B/ADDRARDADDR[15]
  -------------------------------------------------------------------    -------------------

Slack:                    inf
  Source:                 current_pixel_x_reg[5]/C
                            (rising edge-triggered cell FDRE)
  Destination:            b0/bram_ip/U0/inst_blk_mem_gen/gnbram.gnativebmg.native_blk_mem_gen/valid.cstr/ramloop[2].ram.r/prim_init.ram/DEVICE_7SERIES.NO_BMM_INFO.TRUE_DP.CASCADED_PRIM36.ram_T/ADDRARDADDR[9]
  Path Group:             (none)
  Path Type:              Max at Slow Process Corner
  Data Path Delay:        7.102ns  (logic 2.369ns (33.359%)  route 4.733ns (66.641%))
  Logic Levels:           6  (CARRY4=3 FDRE=1 LUT2=1 LUT5=1)

    Location             Delay type                Incr(ns)  Path(ns)    Netlist Resource(s)
  -------------------------------------------------------------------    -------------------
    SLICE_X4Y18          FDRE                         0.000     0.000 r  current_pixel_x_reg[5]/C
    SLICE_X4Y18          FDRE (Prop_fdre_C_Q)         0.419     0.419 r  current_pixel_x_reg[5]/Q
                         net (fo=14, routed)          1.040     1.459    b0/write_x_reg[10]_0[5]
    SLICE_X5Y20          LUT2 (Prop_lut2_I0_O)        0.299     1.758 r  b0/bram_ip_i_37/O
                         net (fo=1, routed)           0.000     1.758    b0/bram_ip_i_37_n_0
    SLICE_X5Y20          CARRY4 (Prop_carry4_S[1]_CO[3])
                                                      0.550     2.308 r  b0/bram_ip_i_26/CO[3]
                         net (fo=1, routed)           0.000     2.308    b0/bram_ip_i_26_n_0
    SLICE_X5Y21          CARRY4 (Prop_carry4_CI_O[0])
                                                      0.222     2.530 r  b0/bram_ip_i_34/O[0]
                         net (fo=1, routed)           0.642     3.172    b0/i_xCoord1[8]
    SLICE_X4Y22          LUT5 (Prop_lut5_I4_O)        0.299     3.471 r  b0/bram_ip_i_24/O
                         net (fo=1, routed)           0.000     3.471    displayDriver/S[0]
    SLICE_X4Y22          CARRY4 (Prop_carry4_S[1]_O[2])
                                                      0.580     4.051 r  displayDriver/bram_ip_i_3/O[2]
                         net (fo=8, routed)           3.050     7.102    b0/bram_ip/U0/inst_blk_mem_gen/gnbram.gnativebmg.native_blk_mem_gen/valid.cstr/ramloop[2].ram.r/prim_init.ram/addra[9]
    RAMB36_X1Y7          RAMB36E1                                     r  b0/bram_ip/U0/inst_blk_mem_gen/gnbram.gnativebmg.native_blk_mem_gen/valid.cstr/ramloop[2].ram.r/prim_init.ram/DEVICE_7SERIES.NO_BMM_INFO.TRUE_DP.CASCADED_PRIM36.ram_T/ADDRARDADDR[9]
  -------------------------------------------------------------------    -------------------

Slack:                    inf
  Source:                 read_offset_y_reg[0]/C
                            (rising edge-triggered cell FDRE)
  Destination:            b0/bram_ip/U0/inst_blk_mem_gen/gnbram.gnativebmg.native_blk_mem_gen/valid.cstr/ramloop[2].ram.r/prim_init.ram/DEVICE_7SERIES.NO_BMM_INFO.TRUE_DP.CASCADED_PRIM36.ram_T/ADDRARDADDR[14]
  Path Group:             (none)
  Path Type:              Max at Slow Process Corner
  Data Path Delay:        7.030ns  (logic 2.123ns (30.200%)  route 4.907ns (69.800%))
  Logic Levels:           6  (CARRY4=3 FDRE=1 LUT2=1 LUT6=1)

    Location             Delay type                Incr(ns)  Path(ns)    Netlist Resource(s)
  -------------------------------------------------------------------    -------------------
    SLICE_X0Y24          FDRE                         0.000     0.000 r  read_offset_y_reg[0]/C
    SLICE_X0Y24          FDRE (Prop_fdre_C_Q)         0.456     0.456 r  read_offset_y_reg[0]/Q
                         net (fo=9, routed)           1.005     1.461    b0/bram_ip_i_31_0[0]
    SLICE_X2Y22          LUT2 (Prop_lut2_I1_O)        0.124     1.585 r  b0/bram_ip_i_50/O
                         net (fo=1, routed)           0.000     1.585    b0/bram_ip_i_50_n_0
    SLICE_X2Y22          CARRY4 (Prop_carry4_S[0]_O[2])
                                                      0.544     2.129 r  b0/bram_ip_i_32/O[2]
                         net (fo=2, routed)           0.818     2.947    displayDriver/i_yCoord1[2]
    SLICE_X5Y22          LUT6 (Prop_lut6_I0_O)        0.301     3.248 r  displayDriver/bram_ip_i_19/O
                         net (fo=1, routed)           0.542     3.791    displayDriver/A[2]
    SLICE_X4Y22          CARRY4 (Prop_carry4_DI[3]_CO[3])
                                                      0.385     4.176 r  displayDriver/bram_ip_i_3/CO[3]
                         net (fo=1, routed)           0.000     4.176    displayDriver/bram_ip_i_3_n_0
    SLICE_X4Y23          CARRY4 (Prop_carry4_CI_O[3])
                                                      0.313     4.489 r  displayDriver/bram_ip_i_2/O[3]
                         net (fo=8, routed)           2.541     7.030    b0/bram_ip/U0/inst_blk_mem_gen/gnbram.gnativebmg.native_blk_mem_gen/valid.cstr/ramloop[2].ram.r/prim_init.ram/addra[14]
    RAMB36_X1Y7          RAMB36E1                                     r  b0/bram_ip/U0/inst_blk_mem_gen/gnbram.gnativebmg.native_blk_mem_gen/valid.cstr/ramloop[2].ram.r/prim_init.ram/DEVICE_7SERIES.NO_BMM_INFO.TRUE_DP.CASCADED_PRIM36.ram_T/ADDRARDADDR[14]
  -------------------------------------------------------------------    -------------------

Slack:                    inf
  Source:                 read_offset_y_reg[0]/C
                            (rising edge-triggered cell FDRE)
  Destination:            b0/bram_ip/U0/inst_blk_mem_gen/gnbram.gnativebmg.native_blk_mem_gen/valid.cstr/ramloop[2].ram.r/prim_init.ram/DEVICE_7SERIES.NO_BMM_INFO.TRUE_DP.CASCADED_PRIM36.ram_T/ADDRARDADDR[13]
  Path Group:             (none)
  Path Type:              Max at Slow Process Corner
  Data Path Delay:        6.988ns  (logic 2.049ns (29.323%)  route 4.939ns (70.677%))
  Logic Levels:           6  (CARRY4=3 FDRE=1 LUT2=1 LUT6=1)

    Location             Delay type                Incr(ns)  Path(ns)    Netlist Resource(s)
  -------------------------------------------------------------------    -------------------
    SLICE_X0Y24          FDRE                         0.000     0.000 r  read_offset_y_reg[0]/C
    SLICE_X0Y24          FDRE (Prop_fdre_C_Q)         0.456     0.456 r  read_offset_y_reg[0]/Q
                         net (fo=9, routed)           1.005     1.461    b0/bram_ip_i_31_0[0]
    SLICE_X2Y22          LUT2 (Prop_lut2_I1_O)        0.124     1.585 r  b0/bram_ip_i_50/O
                         net (fo=1, routed)           0.000     1.585    b0/bram_ip_i_50_n_0
    SLICE_X2Y22          CARRY4 (Prop_carry4_S[0]_O[2])
                                                      0.544     2.129 r  b0/bram_ip_i_32/O[2]
                         net (fo=2, routed)           0.818     2.947    displayDriver/i_yCoord1[2]
    SLICE_X5Y22          LUT6 (Prop_lut6_I0_O)        0.301     3.248 r  displayDriver/bram_ip_i_19/O
                         net (fo=1, routed)           0.542     3.791    displayDriver/A[2]
    SLICE_X4Y22          CARRY4 (Prop_carry4_DI[3]_CO[3])
                                                      0.385     4.176 r  displayDriver/bram_ip_i_3/CO[3]
                         net (fo=1, routed)           0.000     4.176    displayDriver/bram_ip_i_3_n_0
    SLICE_X4Y23          CARRY4 (Prop_carry4_CI_O[2])
                                                      0.239     4.415 r  displayDriver/bram_ip_i_2/O[2]
                         net (fo=8, routed)           2.573     6.988    b0/bram_ip/U0/inst_blk_mem_gen/gnbram.gnativebmg.native_blk_mem_gen/valid.cstr/ramloop[2].ram.r/prim_init.ram/addra[13]
    RAMB36_X1Y7          RAMB36E1                                     r  b0/bram_ip/U0/inst_blk_mem_gen/gnbram.gnativebmg.native_blk_mem_gen/valid.cstr/ramloop[2].ram.r/prim_init.ram/DEVICE_7SERIES.NO_BMM_INFO.TRUE_DP.CASCADED_PRIM36.ram_T/ADDRARDADDR[13]
  -------------------------------------------------------------------    -------------------

Slack:                    inf
  Source:                 read_offset_y_reg[0]/C
                            (rising edge-triggered cell FDRE)
  Destination:            b0/bram_ip/U0/inst_blk_mem_gen/gnbram.gnativebmg.native_blk_mem_gen/valid.cstr/ramloop[0].ram.r/prim_init.ram/DEVICE_7SERIES.NO_BMM_INFO.TRUE_DP.CASCADED_PRIM36.ram_B/ADDRARDADDR[11]
  Path Group:             (none)
  Path Type:              Max at Slow Process Corner
  Data Path Delay:        6.882ns  (logic 2.032ns (29.525%)  route 4.850ns (70.475%))
  Logic Levels:           6  (CARRY4=3 FDRE=1 LUT2=1 LUT6=1)

    Location             Delay type                Incr(ns)  Path(ns)    Netlist Resource(s)
  -------------------------------------------------------------------    -------------------
    SLICE_X0Y24          FDRE                         0.000     0.000 r  read_offset_y_reg[0]/C
    SLICE_X0Y24          FDRE (Prop_fdre_C_Q)         0.456     0.456 r  read_offset_y_reg[0]/Q
                         net (fo=9, routed)           1.005     1.461    b0/bram_ip_i_31_0[0]
    SLICE_X2Y22          LUT2 (Prop_lut2_I1_O)        0.124     1.585 r  b0/bram_ip_i_50/O
                         net (fo=1, routed)           0.000     1.585    b0/bram_ip_i_50_n_0
    SLICE_X2Y22          CARRY4 (Prop_carry4_S[0]_O[2])
                                                      0.544     2.129 r  b0/bram_ip_i_32/O[2]
                         net (fo=2, routed)           0.818     2.947    displayDriver/i_yCoord1[2]
    SLICE_X5Y22          LUT6 (Prop_lut6_I0_O)        0.301     3.248 r  displayDriver/bram_ip_i_19/O
                         net (fo=1, routed)           0.542     3.791    displayDriver/A[2]
    SLICE_X4Y22          CARRY4 (Prop_carry4_DI[3]_CO[3])
                                                      0.385     4.176 r  displayDriver/bram_ip_i_3/CO[3]
                         net (fo=1, routed)           0.000     4.176    displayDriver/bram_ip_i_3_n_0
    SLICE_X4Y23          CARRY4 (Prop_carry4_CI_O[0])
                                                      0.222     4.398 r  displayDriver/bram_ip_i_2/O[0]
                         net (fo=8, routed)           2.484     6.882    b0/bram_ip/U0/inst_blk_mem_gen/gnbram.gnativebmg.native_blk_mem_gen/valid.cstr/ramloop[0].ram.r/prim_init.ram/addra[11]
    RAMB36_X1Y4          RAMB36E1                                     r  b0/bram_ip/U0/inst_blk_mem_gen/gnbram.gnativebmg.native_blk_mem_gen/valid.cstr/ramloop[0].ram.r/prim_init.ram/DEVICE_7SERIES.NO_BMM_INFO.TRUE_DP.CASCADED_PRIM36.ram_B/ADDRARDADDR[11]
  -------------------------------------------------------------------    -------------------

Slack:                    inf
  Source:                 read_offset_y_reg[0]/C
                            (rising edge-triggered cell FDRE)
  Destination:            b0/bram_ip/U0/inst_blk_mem_gen/gnbram.gnativebmg.native_blk_mem_gen/valid.cstr/ramloop[2].ram.r/prim_init.ram/DEVICE_7SERIES.NO_BMM_INFO.TRUE_DP.CASCADED_PRIM36.ram_B/ADDRARDADDR[11]
  Path Group:             (none)
  Path Type:              Max at Slow Process Corner
  Data Path Delay:        6.882ns  (logic 2.032ns (29.525%)  route 4.850ns (70.475%))
  Logic Levels:           6  (CARRY4=3 FDRE=1 LUT2=1 LUT6=1)

    Location             Delay type                Incr(ns)  Path(ns)    Netlist Resource(s)
  -------------------------------------------------------------------    -------------------
    SLICE_X0Y24          FDRE                         0.000     0.000 r  read_offset_y_reg[0]/C
    SLICE_X0Y24          FDRE (Prop_fdre_C_Q)         0.456     0.456 r  read_offset_y_reg[0]/Q
                         net (fo=9, routed)           1.005     1.461    b0/bram_ip_i_31_0[0]
    SLICE_X2Y22          LUT2 (Prop_lut2_I1_O)        0.124     1.585 r  b0/bram_ip_i_50/O
                         net (fo=1, routed)           0.000     1.585    b0/bram_ip_i_50_n_0
    SLICE_X2Y22          CARRY4 (Prop_carry4_S[0]_O[2])
                                                      0.544     2.129 r  b0/bram_ip_i_32/O[2]
                         net (fo=2, routed)           0.818     2.947    displayDriver/i_yCoord1[2]
    SLICE_X5Y22          LUT6 (Prop_lut6_I0_O)        0.301     3.248 r  displayDriver/bram_ip_i_19/O
                         net (fo=1, routed)           0.542     3.791    displayDriver/A[2]
    SLICE_X4Y22          CARRY4 (Prop_carry4_DI[3]_CO[3])
                                                      0.385     4.176 r  displayDriver/bram_ip_i_3/CO[3]
                         net (fo=1, routed)           0.000     4.176    displayDriver/bram_ip_i_3_n_0
    SLICE_X4Y23          CARRY4 (Prop_carry4_CI_O[0])
                                                      0.222     4.398 r  displayDriver/bram_ip_i_2/O[0]
                         net (fo=8, routed)           2.484     6.882    b0/bram_ip/U0/inst_blk_mem_gen/gnbram.gnativebmg.native_blk_mem_gen/valid.cstr/ramloop[2].ram.r/prim_init.ram/addra[11]
    RAMB36_X1Y6          RAMB36E1                                     r  b0/bram_ip/U0/inst_blk_mem_gen/gnbram.gnativebmg.native_blk_mem_gen/valid.cstr/ramloop[2].ram.r/prim_init.ram/DEVICE_7SERIES.NO_BMM_INFO.TRUE_DP.CASCADED_PRIM36.ram_B/ADDRARDADDR[11]
  -------------------------------------------------------------------    -------------------





Min Delay Paths
--------------------------------------------------------------------------------------
Slack:                    inf
  Source:                 next_state_reg[0]/C
                            (rising edge-triggered cell FDRE)
  Destination:            current_state_reg[0]/D
  Path Group:             (none)
  Path Type:              Min at Fast Process Corner
  Data Path Delay:        0.253ns  (logic 0.141ns (55.730%)  route 0.112ns (44.270%))
  Logic Levels:           1  (FDRE=1)

    Location             Delay type                Incr(ns)  Path(ns)    Netlist Resource(s)
  -------------------------------------------------------------------    -------------------
    SLICE_X5Y23          FDRE                         0.000     0.000 r  next_state_reg[0]/C
    SLICE_X5Y23          FDRE (Prop_fdre_C_Q)         0.141     0.141 r  next_state_reg[0]/Q
                         net (fo=1, routed)           0.112     0.253    next_state_reg_n_0_[0]
    SLICE_X5Y24          FDRE                                         r  current_state_reg[0]/D
  -------------------------------------------------------------------    -------------------

Slack:                    inf
  Source:                 kbd/scancode_sr_reg[18]/C
                            (rising edge-triggered cell FDRE)
  Destination:            kbd/scancode_sr_reg[19]/D
  Path Group:             (none)
  Path Type:              Min at Fast Process Corner
  Data Path Delay:        0.280ns  (logic 0.151ns (53.923%)  route 0.129ns (46.077%))
  Logic Levels:           1  (FDRE=1)

    Location             Delay type                Incr(ns)  Path(ns)    Netlist Resource(s)
  -------------------------------------------------------------------    -------------------
    SLICE_X2Y52          FDRE                         0.000     0.000 r  kbd/scancode_sr_reg[18]/C
    SLICE_X2Y52          FDRE (Prop_fdre_C_Q)         0.151     0.151 r  kbd/scancode_sr_reg[18]/Q
                         net (fo=2, routed)           0.129     0.280    kbd/prev_scancode[2]
    SLICE_X2Y52          FDRE                                         r  kbd/scancode_sr_reg[19]/D
  -------------------------------------------------------------------    -------------------

Slack:                    inf
  Source:                 b0/o_valid_reg/C
                            (rising edge-triggered cell FDRE)
  Destination:            trigger_copy_reg/D
  Path Group:             (none)
  Path Type:              Min at Fast Process Corner
  Data Path Delay:        0.281ns  (logic 0.209ns (74.287%)  route 0.072ns (25.713%))
  Logic Levels:           2  (FDRE=1 LUT6=1)

    Location             Delay type                Incr(ns)  Path(ns)    Netlist Resource(s)
  -------------------------------------------------------------------    -------------------
    SLICE_X6Y23          FDRE                         0.000     0.000 r  b0/o_valid_reg/C
    SLICE_X6Y23          FDRE (Prop_fdre_C_Q)         0.164     0.164 r  b0/o_valid_reg/Q
                         net (fo=4, routed)           0.072     0.236    b0/o_valid
    SLICE_X7Y23          LUT6 (Prop_lut6_I1_O)        0.045     0.281 r  b0/trigger_copy_i_1/O
                         net (fo=1, routed)           0.000     0.281    b0_n_36
    SLICE_X7Y23          FDRE                                         r  trigger_copy_reg/D
  -------------------------------------------------------------------    -------------------

Slack:                    inf
  Source:                 kbd/scancode_sr_reg[13]/C
                            (rising edge-triggered cell FDRE)
  Destination:            kbd/scancode_sr_reg[14]/D
  Path Group:             (none)
  Path Type:              Min at Fast Process Corner
  Data Path Delay:        0.287ns  (logic 0.151ns (52.529%)  route 0.136ns (47.471%))
  Logic Levels:           1  (FDRE=1)

    Location             Delay type                Incr(ns)  Path(ns)    Netlist Resource(s)
  -------------------------------------------------------------------    -------------------
    SLICE_X2Y53          FDRE                         0.000     0.000 r  kbd/scancode_sr_reg[13]/C
    SLICE_X2Y53          FDRE (Prop_fdre_C_Q)         0.151     0.151 r  kbd/scancode_sr_reg[13]/Q
                         net (fo=2, routed)           0.136     0.287    kbd/prev_scancode[7]
    SLICE_X4Y53          FDRE                                         r  kbd/scancode_sr_reg[14]/D
  -------------------------------------------------------------------    -------------------

Slack:                    inf
  Source:                 kbd/scancode_sr_reg[19]/C
                            (rising edge-triggered cell FDRE)
  Destination:            kbd/scancode_sr_reg[20]/D
  Path Group:             (none)
  Path Type:              Min at Fast Process Corner
  Data Path Delay:        0.293ns  (logic 0.167ns (56.930%)  route 0.126ns (43.070%))
  Logic Levels:           1  (FDRE=1)

    Location             Delay type                Incr(ns)  Path(ns)    Netlist Resource(s)
  -------------------------------------------------------------------    -------------------
    SLICE_X2Y52          FDRE                         0.000     0.000 r  kbd/scancode_sr_reg[19]/C
    SLICE_X2Y52          FDRE (Prop_fdre_C_Q)         0.167     0.167 r  kbd/scancode_sr_reg[19]/Q
                         net (fo=3, routed)           0.126     0.293    kbd/prev_scancode[1]
    SLICE_X4Y53          FDRE                                         r  kbd/scancode_sr_reg[20]/D
  -------------------------------------------------------------------    -------------------

Slack:                    inf
  Source:                 current_pixel_y_reg[5]/C
                            (rising edge-triggered cell FDRE)
  Destination:            b0/write_y_reg[5]/D
  Path Group:             (none)
  Path Type:              Min at Fast Process Corner
  Data Path Delay:        0.294ns  (logic 0.164ns (55.832%)  route 0.130ns (44.168%))
  Logic Levels:           1  (FDRE=1)

    Location             Delay type                Incr(ns)  Path(ns)    Netlist Resource(s)
  -------------------------------------------------------------------    -------------------
    SLICE_X2Y20          FDRE                         0.000     0.000 r  current_pixel_y_reg[5]/C
    SLICE_X2Y20          FDRE (Prop_fdre_C_Q)         0.164     0.164 r  current_pixel_y_reg[5]/Q
                         net (fo=11, routed)          0.130     0.294    b0/write_y_reg[10]_0[5]
    SLICE_X3Y20          FDRE                                         r  b0/write_y_reg[5]/D
  -------------------------------------------------------------------    -------------------

Slack:                    inf
  Source:                 b0/next_state_reg[1]/C
                            (rising edge-triggered cell FDRE)
  Destination:            b0/current_state_reg[1]/D
  Path Group:             (none)
  Path Type:              Min at Fast Process Corner
  Data Path Delay:        0.294ns  (logic 0.212ns (72.083%)  route 0.082ns (27.917%))
  Logic Levels:           2  (FDRE=1 LUT4=1)

    Location             Delay type                Incr(ns)  Path(ns)    Netlist Resource(s)
  -------------------------------------------------------------------    -------------------
    SLICE_X6Y23          FDRE                         0.000     0.000 r  b0/next_state_reg[1]/C
    SLICE_X6Y23          FDRE (Prop_fdre_C_Q)         0.164     0.164 r  b0/next_state_reg[1]/Q
                         net (fo=1, routed)           0.082     0.246    b0/next_state_reg_n_0_[1]
    SLICE_X7Y23          LUT4 (Prop_lut4_I0_O)        0.048     0.294 r  b0/current_state[1]_i_1/O
                         net (fo=1, routed)           0.000     0.294    b0/current_state[1]_i_1_n_0
    SLICE_X7Y23          FDRE                                         r  b0/current_state_reg[1]/D
  -------------------------------------------------------------------    -------------------

Slack:                    inf
  Source:                 current_pixel_y_reg[3]/C
                            (rising edge-triggered cell FDRE)
  Destination:            b0/write_y_reg[3]/D
  Path Group:             (none)
  Path Type:              Min at Fast Process Corner
  Data Path Delay:        0.303ns  (logic 0.141ns (46.588%)  route 0.162ns (53.412%))
  Logic Levels:           1  (FDRE=1)

    Location             Delay type                Incr(ns)  Path(ns)    Netlist Resource(s)
  -------------------------------------------------------------------    -------------------
    SLICE_X0Y21          FDRE                         0.000     0.000 r  current_pixel_y_reg[3]/C
    SLICE_X0Y21          FDRE (Prop_fdre_C_Q)         0.141     0.141 r  current_pixel_y_reg[3]/Q
                         net (fo=9, routed)           0.162     0.303    b0/write_y_reg[10]_0[3]
    SLICE_X0Y20          FDRE                                         r  b0/write_y_reg[3]/D
  -------------------------------------------------------------------    -------------------

Slack:                    inf
  Source:                 kbd/scancode_sr_reg[7]/C
                            (rising edge-triggered cell FDRE)
  Destination:            kbd/scancode_sr_reg[8]/D
  Path Group:             (none)
  Path Type:              Min at Fast Process Corner
  Data Path Delay:        0.313ns  (logic 0.146ns (46.643%)  route 0.167ns (53.357%))
  Logic Levels:           1  (FDRE=1)

    Location             Delay type                Incr(ns)  Path(ns)    Netlist Resource(s)
  -------------------------------------------------------------------    -------------------
    SLICE_X1Y53          FDRE                         0.000     0.000 r  kbd/scancode_sr_reg[7]/C
    SLICE_X1Y53          FDRE (Prop_fdre_C_Q)         0.146     0.146 r  kbd/scancode_sr_reg[7]/Q
                         net (fo=2, routed)           0.167     0.313    kbd/scancode[2]
    SLICE_X3Y52          FDRE                                         r  kbd/scancode_sr_reg[8]/D
  -------------------------------------------------------------------    -------------------

Slack:                    inf
  Source:                 current_pixel_y_reg[6]/C
                            (rising edge-triggered cell FDRE)
  Destination:            b0/write_y_reg[6]/D
  Path Group:             (none)
  Path Type:              Min at Fast Process Corner
  Data Path Delay:        0.317ns  (logic 0.141ns (44.497%)  route 0.176ns (55.503%))
  Logic Levels:           1  (FDRE=1)

    Location             Delay type                Incr(ns)  Path(ns)    Netlist Resource(s)
  -------------------------------------------------------------------    -------------------
    SLICE_X0Y21          FDRE                         0.000     0.000 r  current_pixel_y_reg[6]/C
    SLICE_X0Y21          FDRE (Prop_fdre_C_Q)         0.141     0.141 r  current_pixel_y_reg[6]/Q
                         net (fo=14, routed)          0.176     0.317    b0/write_y_reg[10]_0[6]
    SLICE_X0Y20          FDRE                                         r  b0/write_y_reg[6]/D
  -------------------------------------------------------------------    -------------------





