Copyright 1986-2022 Xilinx, Inc. All Rights Reserved. Copyright 2022-2024 Advanced Micro Devices, Inc. All Rights Reserved.
---------------------------------------------------------------------------------------------------------------------------------------------
| Tool Version : Vivado v.2024.1 (win64) Build 5076996 Wed May 22 18:37:14 MDT 2024
| Date         : Fri Nov 15 14:56:58 2024
| Host         : DESKTOP-339EFSV running 64-bit major release  (build 9200)
| Command      : report_control_sets -verbose -file top_module_control_sets_placed.rpt
| Design       : top_module
| Device       : xc7a35t
---------------------------------------------------------------------------------------------------------------------------------------------

Control Set Information

Table of Contents
-----------------
1. Summary
2. Histogram
3. Flip-Flop Distribution
4. Detailed Control Set Information

1. Summary
----------

+----------------------------------------------------------+-------+
|                          Status                          | Count |
+----------------------------------------------------------+-------+
| Total control sets                                       |    16 |
|    Minimum number of control sets                        |    16 |
|    Addition due to synthesis replication                 |     0 |
|    Addition due to physical synthesis replication        |     0 |
| Unused register locations in slices containing registers |    66 |
+----------------------------------------------------------+-------+
* Control sets can be merged at opt_design using control_set_merge or merge_equivalent_drivers
** Run report_qor_suggestions for automated merging and remapping suggestions


2. Histogram
------------

+--------------------+-------+
|       Fanout       | Count |
+--------------------+-------+
| Total control sets |    16 |
| >= 0 to < 4        |     0 |
| >= 4 to < 6        |     1 |
| >= 6 to < 8        |     1 |
| >= 8 to < 10       |     3 |
| >= 10 to < 12      |     8 |
| >= 12 to < 14      |     1 |
| >= 14 to < 16      |     0 |
| >= 16              |     2 |
+--------------------+-------+
* Control sets can be remapped at either synth_design or opt_design


3. Flip-Flop Distribution
-------------------------

+--------------+-----------------------+------------------------+-----------------+--------------+
| Clock Enable | Synchronous Set/Reset | Asynchronous Set/Reset | Total Registers | Total Slices |
+--------------+-----------------------+------------------------+-----------------+--------------+
| No           | No                    | No                     |              42 |           20 |
| No           | No                    | Yes                    |               0 |            0 |
| No           | Yes                   | No                     |              20 |            8 |
| Yes          | No                    | No                     |              76 |           35 |
| Yes          | No                    | Yes                    |               0 |            0 |
| Yes          | Yes                   | No                     |              44 |           13 |
+--------------+-----------------------+------------------------+-----------------+--------------+


4. Detailed Control Set Information
-----------------------------------

+--------------------------------------+----------------------------------+----------------------------------+------------------+----------------+--------------+
|             Clock Signal             |           Enable Signal          |         Set/Reset Signal         | Slice Load Count | Bel Load Count | Bels / Slice |
+--------------------------------------+----------------------------------+----------------------------------+------------------+----------------+--------------+
|  clk_IBUF_BUFG                       | b0/E[0]                          |                                  |                2 |              4 |         2.00 |
| ~clk_IBUF_BUFG                       |                                  |                                  |                3 |              6 |         2.00 |
|  clk_IBUF_BUFG                       | scancode_led[7]_i_1_n_0          |                                  |                6 |              8 |         1.33 |
|  clk_IBUF_BUFG                       | p_2_out                          |                                  |                4 |              9 |         2.25 |
| ~clk_IBUF_BUFG                       |                                  | displayDriver/yCoord_reg[10]_0   |                4 |              9 |         2.25 |
|  clk_IBUF_BUFG                       | current_pixel_x[10]_i_2_n_0      | current_pixel_x0                 |                4 |             11 |         2.75 |
|  clk_IBUF_BUFG                       | read_offset_x[10]_i_1_n_0        |                                  |                4 |             11 |         2.75 |
|  clk_IBUF_BUFG                       | current_pixel_y[10]_i_1_n_0      | current_pixel_x0                 |                3 |             11 |         3.67 |
|  clk_IBUF_BUFG                       | read_offset_y[10]_i_1_n_0        |                                  |                5 |             11 |         2.20 |
|  clk_IBUF_BUFG                       | b0/CEA2                          |                                  |                6 |             11 |         1.83 |
|  clk_IBUF_BUFG                       | b0/CEC                           |                                  |                5 |             11 |         2.20 |
|  displayDriver/pixelClockDivider/CLK |                                  | displayDriver/xCoord[10]_i_1_n_0 |                4 |             11 |         2.75 |
|  displayDriver/pixelClockDivider/CLK | displayDriver/xCoord[10]_i_1_n_0 |                                  |                3 |             11 |         3.67 |
|  clk_IBUF_BUFG                       |                                  |                                  |                8 |             13 |         1.62 |
|  clk_IBUF_BUFG                       | b0/write_y[10]_i_2_n_0           | b0/write_y[10]_i_1_n_0           |                6 |             22 |         3.67 |
| ~kclk_IBUF_BUFG                      |                                  |                                  |                9 |             24 |         2.67 |
+--------------------------------------+----------------------------------+----------------------------------+------------------+----------------+--------------+


