Copyright 1986-2022 Xilinx, Inc. All Rights Reserved.
---------------------------------------------------------------------------------------
| Tool Version : Vivado v.2022.2 (win64) Build 3671981 Fri Oct 14 05:00:03 MDT 2022
| Date         : Thu Nov 14 10:02:17 2024
| Host         : DESKTOP-339EFSV running 64-bit major release  (build 9200)
| Command      : report_control_sets -verbose -file top_module_control_sets_placed.rpt
| Design       : top_module
| Device       : xc7a35t
---------------------------------------------------------------------------------------

Control Set Information

Table of Contents
-----------------
1. Summary
2. Histogram
3. Flip-Flop Distribution
4. Detailed Control Set Information

1. Summary
----------

+----------------------------------------------------------+-------+
|                          Status                          | Count |
+----------------------------------------------------------+-------+
| Total control sets                                       |    17 |
|    Minimum number of control sets                        |    17 |
|    Addition due to synthesis replication                 |     0 |
|    Addition due to physical synthesis replication        |     0 |
| Unused register locations in slices containing registers |    60 |
+----------------------------------------------------------+-------+
* Control sets can be merged at opt_design using control_set_merge or merge_equivalent_drivers
** Run report_qor_suggestions for automated merging and remapping suggestions


2. Histogram
------------

+--------------------+-------+
|       Fanout       | Count |
+--------------------+-------+
| Total control sets |    17 |
| >= 0 to < 4        |     0 |
| >= 4 to < 6        |     2 |
| >= 6 to < 8        |     3 |
| >= 8 to < 10       |     2 |
| >= 10 to < 12      |     7 |
| >= 12 to < 14      |     0 |
| >= 14 to < 16      |     0 |
| >= 16              |     3 |
+--------------------+-------+
* Control sets can be remapped at either synth_design or opt_design


3. Flip-Flop Distribution
-------------------------

+--------------+-----------------------+------------------------+-----------------+--------------+
| Clock Enable | Synchronous Set/Reset | Asynchronous Set/Reset | Total Registers | Total Slices |
+--------------+-----------------------+------------------------+-----------------+--------------+
| No           | No                    | No                     |              45 |           20 |
| No           | No                    | Yes                    |               0 |            0 |
| No           | Yes                   | No                     |              20 |            9 |
| Yes          | No                    | No                     |              27 |           14 |
| Yes          | No                    | Yes                    |               0 |            0 |
| Yes          | Yes                   | No                     |              88 |           26 |
+--------------+-----------------------+------------------------+-----------------+--------------+


4. Detailed Control Set Information
-----------------------------------

+--------------------------------------+----------------------------------+----------------------------------+------------------+----------------+--------------+
|             Clock Signal             |           Enable Signal          |         Set/Reset Signal         | Slice Load Count | Bel Load Count | Bels / Slice |
+--------------------------------------+----------------------------------+----------------------------------+------------------+----------------+--------------+
|  clk_IBUF_BUFG                       | read_offset_y[3]_i_1_n_0         |                                  |                1 |              4 |         4.00 |
|  clk_IBUF_BUFG                       | b0/E[0]                          |                                  |                3 |              4 |         1.33 |
|  clk_IBUF_BUFG                       | p_2_out                          | pixelSum[5]_i_1_n_0              |                2 |              6 |         3.00 |
| ~clk_IBUF_BUFG                       |                                  |                                  |                4 |              6 |         1.50 |
|  clk_IBUF_BUFG                       | read_offset_y[3]_i_1_n_0         | read_offset_y[10]_i_1_n_0        |                3 |              7 |         2.33 |
|  clk_IBUF_BUFG                       | scancode_led[7]_i_1_n_0          |                                  |                6 |              8 |         1.33 |
| ~clk_IBUF_BUFG                       |                                  | displayDriver/xCoord_reg[7]_0    |                5 |              9 |         1.80 |
|  clk_IBUF_BUFG                       | b0/CEA2                          | b0/copy_y[10]_i_1_n_0            |                3 |             10 |         3.33 |
|  clk_IBUF_BUFG                       | b0/CEC                           | b0/copy_x[10]_i_1_n_0            |                3 |             10 |         3.33 |
|  clk_IBUF_BUFG                       | current_pixel_y[10]_i_1_n_0      | b0/current_state_reg[3]          |                4 |             11 |         2.75 |
|  clk_IBUF_BUFG                       | current_pixel_x[10]_i_2_n_0      | b0/current_state_reg[3]          |                3 |             11 |         3.67 |
|  clk_IBUF_BUFG                       | read_offset_x[10]_i_2_n_0        | read_offset_x[10]_i_1_n_0        |                3 |             11 |         3.67 |
|  displayDriver/pixelClockDivider/CLK |                                  | displayDriver/xCoord[10]_i_1_n_0 |                4 |             11 |         2.75 |
|  displayDriver/pixelClockDivider/CLK | displayDriver/xCoord[10]_i_1_n_0 |                                  |                4 |             11 |         2.75 |
|  clk_IBUF_BUFG                       |                                  |                                  |                7 |             16 |         2.29 |
|  clk_IBUF_BUFG                       | b0/write_y[10]_i_2_n_0           | b0/write_y[10]_i_1_n_0           |                5 |             22 |         4.40 |
| ~kclk_IBUF_BUFG                      |                                  |                                  |                9 |             24 |         2.67 |
+--------------------------------------+----------------------------------+----------------------------------+------------------+----------------+--------------+


