Copyright 1986-2022 Xilinx, Inc. All Rights Reserved. Copyright 2022-2024 Advanced Micro Devices, Inc. All Rights Reserved.
---------------------------------------------------------------------------------------------------------------------------------------------------------------------------------------------------------------------------
| Tool Version : Vivado v.2024.1 (win64) Build 5076996 Wed May 22 18:37:14 MDT 2024
| Date         : Wed Oct 30 12:09:05 2024
| Host         : DESKTOP-339EFSV running 64-bit major release  (build 9200)
| Command      : report_timing_summary -max_paths 10 -report_unconstrained -file top_module_timing_summary_routed.rpt -pb top_module_timing_summary_routed.pb -rpx top_module_timing_summary_routed.rpx -warn_on_violation
| Design       : top_module
| Device       : 7a35t-cpg236
| Speed File   : -1  PRODUCTION 1.23 2018-06-13
| Design State : Routed
---------------------------------------------------------------------------------------------------------------------------------------------------------------------------------------------------------------------------

Timing Summary Report

------------------------------------------------------------------------------------------------
| Timer Settings
| --------------
------------------------------------------------------------------------------------------------

  Enable Multi Corner Analysis               :  Yes
  Enable Pessimism Removal                   :  Yes
  Pessimism Removal Resolution               :  Nearest Common Node
  Enable Input Delay Default Clock           :  No
  Enable Preset / Clear Arcs                 :  No
  Disable Flight Delays                      :  No
  Ignore I/O Paths                           :  No
  Timing Early Launch at Borrowing Latches   :  No
  Borrow Time for Max Delay Exceptions       :  Yes
  Merge Timing Exceptions                    :  Yes
  Inter-SLR Compensation                     :  Conservative

  Corner  Analyze    Analyze    
  Name    Max Paths  Min Paths  
  ------  ---------  ---------  
  Slow    Yes        Yes        
  Fast    Yes        Yes        


------------------------------------------------------------------------------------------------
| Report Methodology
| ------------------
------------------------------------------------------------------------------------------------

Rule       Severity          Description                  Violations  
---------  ----------------  ---------------------------  ----------  
TIMING-17  Critical Warning  Non-clocked sequential cell  70          

Note: This report is based on the most recent report_methodology run and may not be up-to-date. Run report_methodology on the current design for the latest report.



check_timing report

Table of Contents
-----------------
1. checking no_clock (70)
2. checking constant_clock (0)
3. checking pulse_width_clock (0)
4. checking unconstrained_internal_endpoints (176)
5. checking no_input_delay (0)
6. checking no_output_delay (11)
7. checking multiple_clock (0)
8. checking generated_clocks (0)
9. checking loops (0)
10. checking partial_input_delay (0)
11. checking partial_output_delay (0)
12. checking latch_loops (0)

1. checking no_clock (70)
-------------------------
 There are 48 register/latch pins with no clock driven by root clock pin: clk (HIGH)

 There are 22 register/latch pins with no clock driven by root clock pin: displayDriver/pixelClockDivider/out_clk_reg/Q (HIGH)


2. checking constant_clock (0)
------------------------------
 There are 0 register/latch pins with constant_clock.


3. checking pulse_width_clock (0)
---------------------------------
 There are 0 register/latch pins which need pulse_width check


4. checking unconstrained_internal_endpoints (176)
--------------------------------------------------
 There are 176 pins that are not constrained for maximum delay. (HIGH)

 There are 0 pins that are not constrained for maximum delay due to constant clock.


5. checking no_input_delay (0)
------------------------------
 There are 0 input ports with no input delay specified.

 There are 0 input ports with no input delay but user has a false path constraint.


6. checking no_output_delay (11)
--------------------------------
 There are 11 ports with no output delay specified. (HIGH)

 There are 0 ports with no output delay but user has a false path constraint

 There are 0 ports with no output delay but with a timing clock defined on it or propagating through it


7. checking multiple_clock (0)
------------------------------
 There are 0 register/latch pins with multiple clocks.


8. checking generated_clocks (0)
--------------------------------
 There are 0 generated clocks that are not connected to a clock source.


9. checking loops (0)
---------------------
 There are 0 combinational loops in the design.


10. checking partial_input_delay (0)
------------------------------------
 There are 0 input ports with partial input delay specified.


11. checking partial_output_delay (0)
-------------------------------------
 There are 0 ports with partial output delay specified.


12. checking latch_loops (0)
----------------------------
 There are 0 combinational latch loops in the design through latch input



------------------------------------------------------------------------------------------------
| Design Timing Summary
| ---------------------
------------------------------------------------------------------------------------------------

    WNS(ns)      TNS(ns)  TNS Failing Endpoints  TNS Total Endpoints      WHS(ns)      THS(ns)  THS Failing Endpoints  THS Total Endpoints     WPWS(ns)     TPWS(ns)  TPWS Failing Endpoints  TPWS Total Endpoints  
    -------      -------  ---------------------  -------------------      -------      -------  ---------------------  -------------------     --------     --------  ----------------------  --------------------  
        inf        0.000                      0                  187          inf        0.000                      0                  187           NA           NA                      NA                    NA  


There are no user specified timing constraints.


------------------------------------------------------------------------------------------------
| Clock Summary
| -------------
------------------------------------------------------------------------------------------------


------------------------------------------------------------------------------------------------
| Intra Clock Table
| -----------------
------------------------------------------------------------------------------------------------

Clock             WNS(ns)      TNS(ns)  TNS Failing Endpoints  TNS Total Endpoints      WHS(ns)      THS(ns)  THS Failing Endpoints  THS Total Endpoints     WPWS(ns)     TPWS(ns)  TPWS Failing Endpoints  TPWS Total Endpoints  
-----             -------      -------  ---------------------  -------------------      -------      -------  ---------------------  -------------------     --------     --------  ----------------------  --------------------  


------------------------------------------------------------------------------------------------
| Inter Clock Table
| -----------------
------------------------------------------------------------------------------------------------

From Clock    To Clock          WNS(ns)      TNS(ns)  TNS Failing Endpoints  TNS Total Endpoints      WHS(ns)      THS(ns)  THS Failing Endpoints  THS Total Endpoints  
----------    --------          -------      -------  ---------------------  -------------------      -------      -------  ---------------------  -------------------  


------------------------------------------------------------------------------------------------
| Other Path Groups Table
| -----------------------
------------------------------------------------------------------------------------------------

Path Group    From Clock    To Clock          WNS(ns)      TNS(ns)  TNS Failing Endpoints  TNS Total Endpoints      WHS(ns)      THS(ns)  THS Failing Endpoints  THS Total Endpoints  
----------    ----------    --------          -------      -------  ---------------------  -------------------      -------      -------  ---------------------  -------------------  


------------------------------------------------------------------------------------------------
| User Ignored Path Table
| -----------------------
------------------------------------------------------------------------------------------------

Path Group    From Clock    To Clock    
----------    ----------    --------    


------------------------------------------------------------------------------------------------
| Unconstrained Path Table
| ------------------------
------------------------------------------------------------------------------------------------

Path Group    From Clock    To Clock    
----------    ----------    --------    
(none)                                    


------------------------------------------------------------------------------------------------
| Timing Details
| --------------
------------------------------------------------------------------------------------------------


--------------------------------------------------------------------------------------
Path Group:  (none)
From Clock:  
  To Clock:  

Max Delay           187 Endpoints
Min Delay           187 Endpoints
--------------------------------------------------------------------------------------


Max Delay Paths
--------------------------------------------------------------------------------------
Slack:                    inf
  Source:                 displayDriver/xCoord_reg[3]/C
                            (rising edge-triggered cell FDRE)
  Destination:            HORIZ_SYNC
                            (output port)
  Path Group:             (none)
  Path Type:              Max at Slow Process Corner
  Data Path Delay:        8.875ns  (logic 4.904ns (55.250%)  route 3.972ns (44.750%))
  Logic Levels:           4  (FDRE=1 LUT4=1 LUT5=1 OBUF=1)

    Location             Delay type                Incr(ns)  Path(ns)    Netlist Resource(s)
  -------------------------------------------------------------------    -------------------
    SLICE_X6Y33          FDRE                         0.000     0.000 r  displayDriver/xCoord_reg[3]/C
    SLICE_X6Y33          FDRE (Prop_fdre_C_Q)         0.689     0.689 f  displayDriver/xCoord_reg[3]/Q
                         net (fo=10, routed)          1.453     2.142    displayDriver/xCoord[3]
    SLICE_X7Y33          LUT4 (Prop_lut4_I0_O)        0.150     2.292 f  displayDriver/HORIZ_SYNC_OBUF_inst_i_2/O
                         net (fo=5, routed)           0.679     2.971    displayDriver/HORIZ_SYNC_OBUF_inst_i_2_n_0
    SLICE_X6Y32          LUT5 (Prop_lut5_I0_O)        0.361     3.332 r  displayDriver/HORIZ_SYNC_OBUF_inst_i_1/O
                         net (fo=1, routed)           1.840     5.172    HORIZ_SYNC_OBUF
    P19                  OBUF (Prop_obuf_I_O)         3.704     8.875 r  HORIZ_SYNC_OBUF_inst/O
                         net (fo=0)                   0.000     8.875    HORIZ_SYNC
    P19                                                               r  HORIZ_SYNC (OUT)
  -------------------------------------------------------------------    -------------------

Slack:                    inf
  Source:                 displayDriver/yCoord_reg[6]/C
                            (rising edge-triggered cell FDRE)
  Destination:            VERT_SYNC
                            (output port)
  Path Group:             (none)
  Path Type:              Max at Slow Process Corner
  Data Path Delay:        8.506ns  (logic 4.841ns (56.918%)  route 3.664ns (43.082%))
  Logic Levels:           4  (FDRE=1 LUT3=1 LUT5=1 OBUF=1)

    Location             Delay type                Incr(ns)  Path(ns)    Netlist Resource(s)
  -------------------------------------------------------------------    -------------------
    SLICE_X3Y32          FDRE                         0.000     0.000 r  displayDriver/yCoord_reg[6]/C
    SLICE_X3Y32          FDRE (Prop_fdre_C_Q)         0.627     0.627 f  displayDriver/yCoord_reg[6]/Q
                         net (fo=11, routed)          0.909     1.536    displayDriver/yCoord[6]
    SLICE_X4Y32          LUT3 (Prop_lut3_I2_O)        0.149     1.685 f  displayDriver/VERT_SYNC_OBUF_inst_i_3/O
                         net (fo=2, routed)           0.885     2.570    displayDriver/VERT_SYNC_OBUF_inst_i_3_n_0
    SLICE_X4Y32          LUT5 (Prop_lut5_I4_O)        0.360     2.930 r  displayDriver/VERT_SYNC_OBUF_inst_i_1/O
                         net (fo=1, routed)           1.870     4.800    VERT_SYNC_OBUF
    R19                  OBUF (Prop_obuf_I_O)         3.705     8.506 r  VERT_SYNC_OBUF_inst/O
                         net (fo=0)                   0.000     8.506    VERT_SYNC
    R19                                                               r  VERT_SYNC (OUT)
  -------------------------------------------------------------------    -------------------

Slack:                    inf
  Source:                 RED_reg[1]/C
                            (rising edge-triggered cell FDRE)
  Destination:            RED[1]
                            (output port)
  Path Group:             (none)
  Path Type:              Max at Slow Process Corner
  Data Path Delay:        6.230ns  (logic 4.174ns (67.001%)  route 2.056ns (32.999%))
  Logic Levels:           2  (FDRE=1 OBUF=1)

    Location             Delay type                Incr(ns)  Path(ns)    Netlist Resource(s)
  -------------------------------------------------------------------    -------------------
    SLICE_X2Y32          FDRE                         0.000     0.000 r  RED_reg[1]/C
    SLICE_X2Y32          FDRE (Prop_fdre_C_Q)         0.478     0.478 r  RED_reg[1]/Q
                         net (fo=1, routed)           2.056     2.534    RED_OBUF[1]
    H19                  OBUF (Prop_obuf_I_O)         3.696     6.230 r  RED_OBUF[1]_inst/O
                         net (fo=0)                   0.000     6.230    RED[1]
    H19                                                               r  RED[1] (OUT)
  -------------------------------------------------------------------    -------------------

Slack:                    inf
  Source:                 RED_reg[0]/C
                            (rising edge-triggered cell FDRE)
  Destination:            RED[0]
                            (output port)
  Path Group:             (none)
  Path Type:              Max at Slow Process Corner
  Data Path Delay:        6.102ns  (logic 4.042ns (66.236%)  route 2.060ns (33.764%))
  Logic Levels:           2  (FDRE=1 OBUF=1)

    Location             Delay type                Incr(ns)  Path(ns)    Netlist Resource(s)
  -------------------------------------------------------------------    -------------------
    SLICE_X2Y32          FDRE                         0.000     0.000 r  RED_reg[0]/C
    SLICE_X2Y32          FDRE (Prop_fdre_C_Q)         0.518     0.518 r  RED_reg[0]/Q
                         net (fo=1, routed)           2.060     2.578    RED_OBUF[0]
    G19                  OBUF (Prop_obuf_I_O)         3.524     6.102 r  RED_OBUF[0]_inst/O
                         net (fo=0)                   0.000     6.102    RED[0]
    G19                                                               r  RED[0] (OUT)
  -------------------------------------------------------------------    -------------------

Slack:                    inf
  Source:                 GREEN_reg[1]/C
                            (rising edge-triggered cell FDRE)
  Destination:            GREEN[1]
                            (output port)
  Path Group:             (none)
  Path Type:              Max at Slow Process Corner
  Data Path Delay:        6.060ns  (logic 4.023ns (66.390%)  route 2.037ns (33.610%))
  Logic Levels:           2  (FDRE=1 OBUF=1)

    Location             Delay type                Incr(ns)  Path(ns)    Netlist Resource(s)
  -------------------------------------------------------------------    -------------------
    SLICE_X2Y32          FDRE                         0.000     0.000 r  GREEN_reg[1]/C
    SLICE_X2Y32          FDRE (Prop_fdre_C_Q)         0.518     0.518 r  GREEN_reg[1]/Q
                         net (fo=1, routed)           2.037     2.555    GREEN_OBUF[1]
    H17                  OBUF (Prop_obuf_I_O)         3.505     6.060 r  GREEN_OBUF[1]_inst/O
                         net (fo=0)                   0.000     6.060    GREEN[1]
    H17                                                               r  GREEN[1] (OUT)
  -------------------------------------------------------------------    -------------------

Slack:                    inf
  Source:                 GREEN_reg[0]/C
                            (rising edge-triggered cell FDRE)
  Destination:            GREEN[0]
                            (output port)
  Path Group:             (none)
  Path Type:              Max at Slow Process Corner
  Data Path Delay:        5.875ns  (logic 4.039ns (68.743%)  route 1.836ns (31.257%))
  Logic Levels:           2  (FDRE=1 OBUF=1)

    Location             Delay type                Incr(ns)  Path(ns)    Netlist Resource(s)
  -------------------------------------------------------------------    -------------------
    SLICE_X2Y34          FDRE                         0.000     0.000 r  GREEN_reg[0]/C
    SLICE_X2Y34          FDRE (Prop_fdre_C_Q)         0.518     0.518 r  GREEN_reg[0]/Q
                         net (fo=1, routed)           1.836     2.354    GREEN_OBUF[0]
    J17                  OBUF (Prop_obuf_I_O)         3.521     5.875 r  GREEN_OBUF[0]_inst/O
                         net (fo=0)                   0.000     5.875    GREEN[0]
    J17                                                               r  GREEN[0] (OUT)
  -------------------------------------------------------------------    -------------------

Slack:                    inf
  Source:                 RED_reg[2]/C
                            (rising edge-triggered cell FDRE)
  Destination:            RED[2]
                            (output port)
  Path Group:             (none)
  Path Type:              Max at Slow Process Corner
  Data Path Delay:        5.860ns  (logic 3.980ns (67.915%)  route 1.880ns (32.085%))
  Logic Levels:           2  (FDRE=1 OBUF=1)

    Location             Delay type                Incr(ns)  Path(ns)    Netlist Resource(s)
  -------------------------------------------------------------------    -------------------
    SLICE_X4Y31          FDRE                         0.000     0.000 r  RED_reg[2]/C
    SLICE_X4Y31          FDRE (Prop_fdre_C_Q)         0.456     0.456 r  RED_reg[2]/Q
                         net (fo=1, routed)           1.880     2.336    RED_OBUF[2]
    J19                  OBUF (Prop_obuf_I_O)         3.524     5.860 r  RED_OBUF[2]_inst/O
                         net (fo=0)                   0.000     5.860    RED[2]
    J19                                                               r  RED[2] (OUT)
  -------------------------------------------------------------------    -------------------

Slack:                    inf
  Source:                 BLUE_reg[1]/C
                            (rising edge-triggered cell FDRE)
  Destination:            BLUE[1]
                            (output port)
  Path Group:             (none)
  Path Type:              Max at Slow Process Corner
  Data Path Delay:        5.858ns  (logic 4.021ns (68.649%)  route 1.836ns (31.351%))
  Logic Levels:           2  (FDRE=1 OBUF=1)

    Location             Delay type                Incr(ns)  Path(ns)    Netlist Resource(s)
  -------------------------------------------------------------------    -------------------
    SLICE_X2Y32          FDRE                         0.000     0.000 r  BLUE_reg[1]/C
    SLICE_X2Y32          FDRE (Prop_fdre_C_Q)         0.518     0.518 r  BLUE_reg[1]/Q
                         net (fo=1, routed)           1.836     2.354    BLUE_OBUF[1]
    L18                  OBUF (Prop_obuf_I_O)         3.503     5.858 r  BLUE_OBUF[1]_inst/O
                         net (fo=0)                   0.000     5.858    BLUE[1]
    L18                                                               r  BLUE[1] (OUT)
  -------------------------------------------------------------------    -------------------

Slack:                    inf
  Source:                 BLUE_reg[0]/C
                            (rising edge-triggered cell FDRE)
  Destination:            BLUE[0]
                            (output port)
  Path Group:             (none)
  Path Type:              Max at Slow Process Corner
  Data Path Delay:        5.794ns  (logic 3.951ns (68.198%)  route 1.843ns (31.802%))
  Logic Levels:           2  (FDRE=1 OBUF=1)

    Location             Delay type                Incr(ns)  Path(ns)    Netlist Resource(s)
  -------------------------------------------------------------------    -------------------
    SLICE_X4Y31          FDRE                         0.000     0.000 r  BLUE_reg[0]/C
    SLICE_X4Y31          FDRE (Prop_fdre_C_Q)         0.456     0.456 r  BLUE_reg[0]/Q
                         net (fo=1, routed)           1.843     2.299    BLUE_OBUF[0]
    N18                  OBUF (Prop_obuf_I_O)         3.495     5.794 r  BLUE_OBUF[0]_inst/O
                         net (fo=0)                   0.000     5.794    BLUE[0]
    N18                                                               r  BLUE[0] (OUT)
  -------------------------------------------------------------------    -------------------

Slack:                    inf
  Source:                 GREEN_reg[2]/C
                            (rising edge-triggered cell FDRE)
  Destination:            GREEN[2]
                            (output port)
  Path Group:             (none)
  Path Type:              Max at Slow Process Corner
  Data Path Delay:        5.765ns  (logic 4.047ns (70.201%)  route 1.718ns (29.799%))
  Logic Levels:           2  (FDRE=1 OBUF=1)

    Location             Delay type                Incr(ns)  Path(ns)    Netlist Resource(s)
  -------------------------------------------------------------------    -------------------
    SLICE_X2Y34          FDRE                         0.000     0.000 r  GREEN_reg[2]/C
    SLICE_X2Y34          FDRE (Prop_fdre_C_Q)         0.518     0.518 r  GREEN_reg[2]/Q
                         net (fo=1, routed)           1.718     2.236    GREEN_OBUF[2]
    G17                  OBUF (Prop_obuf_I_O)         3.529     5.765 r  GREEN_OBUF[2]_inst/O
                         net (fo=0)                   0.000     5.765    GREEN[2]
    G17                                                               r  GREEN[2] (OUT)
  -------------------------------------------------------------------    -------------------





Min Delay Paths
--------------------------------------------------------------------------------------
Slack:                    inf
  Source:                 img0/fontMemory/U0/inst_blk_mem_gen/gnbram.gnativebmg.native_blk_mem_gen/valid.cstr/has_mux_a.A/no_softecc_sel_reg.ce_pri.sel_pipe_reg[0]/C
                            (rising edge-triggered cell FDRE)
  Destination:            img0/fontMemory/U0/inst_blk_mem_gen/gnbram.gnativebmg.native_blk_mem_gen/valid.cstr/has_mux_a.A/no_softecc_norm_sel2.has_mem_regs.WITHOUT_ECC_PIPE.ce_pri.sel_pipe_d1_reg[0]/D
  Path Group:             (none)
  Path Type:              Min at Fast Process Corner
  Data Path Delay:        0.280ns  (logic 0.141ns (50.284%)  route 0.139ns (49.716%))
  Logic Levels:           1  (FDRE=1)

    Location             Delay type                Incr(ns)  Path(ns)    Netlist Resource(s)
  -------------------------------------------------------------------    -------------------
    SLICE_X9Y33          FDRE                         0.000     0.000 r  img0/fontMemory/U0/inst_blk_mem_gen/gnbram.gnativebmg.native_blk_mem_gen/valid.cstr/has_mux_a.A/no_softecc_sel_reg.ce_pri.sel_pipe_reg[0]/C
    SLICE_X9Y33          FDRE (Prop_fdre_C_Q)         0.141     0.141 r  img0/fontMemory/U0/inst_blk_mem_gen/gnbram.gnativebmg.native_blk_mem_gen/valid.cstr/has_mux_a.A/no_softecc_sel_reg.ce_pri.sel_pipe_reg[0]/Q
                         net (fo=5, routed)           0.139     0.280    img0/fontMemory/U0/inst_blk_mem_gen/gnbram.gnativebmg.native_blk_mem_gen/valid.cstr/has_mux_a.A/sel_pipe[0]
    SLICE_X9Y33          FDRE                                         r  img0/fontMemory/U0/inst_blk_mem_gen/gnbram.gnativebmg.native_blk_mem_gen/valid.cstr/has_mux_a.A/no_softecc_norm_sel2.has_mem_regs.WITHOUT_ECC_PIPE.ce_pri.sel_pipe_d1_reg[0]/D
  -------------------------------------------------------------------    -------------------

Slack:                    inf
  Source:                 img0/fontMemory/U0/inst_blk_mem_gen/gnbram.gnativebmg.native_blk_mem_gen/valid.cstr/has_mux_a.A/no_softecc_sel_reg.ce_pri.sel_pipe_reg[1]/C
                            (rising edge-triggered cell FDRE)
  Destination:            img0/fontMemory/U0/inst_blk_mem_gen/gnbram.gnativebmg.native_blk_mem_gen/valid.cstr/has_mux_a.A/no_softecc_norm_sel2.has_mem_regs.WITHOUT_ECC_PIPE.ce_pri.sel_pipe_d1_reg[1]/D
  Path Group:             (none)
  Path Type:              Min at Fast Process Corner
  Data Path Delay:        0.280ns  (logic 0.141ns (50.284%)  route 0.139ns (49.716%))
  Logic Levels:           1  (FDRE=1)

    Location             Delay type                Incr(ns)  Path(ns)    Netlist Resource(s)
  -------------------------------------------------------------------    -------------------
    SLICE_X9Y33          FDRE                         0.000     0.000 r  img0/fontMemory/U0/inst_blk_mem_gen/gnbram.gnativebmg.native_blk_mem_gen/valid.cstr/has_mux_a.A/no_softecc_sel_reg.ce_pri.sel_pipe_reg[1]/C
    SLICE_X9Y33          FDRE (Prop_fdre_C_Q)         0.141     0.141 r  img0/fontMemory/U0/inst_blk_mem_gen/gnbram.gnativebmg.native_blk_mem_gen/valid.cstr/has_mux_a.A/no_softecc_sel_reg.ce_pri.sel_pipe_reg[1]/Q
                         net (fo=5, routed)           0.139     0.280    img0/fontMemory/U0/inst_blk_mem_gen/gnbram.gnativebmg.native_blk_mem_gen/valid.cstr/has_mux_a.A/sel_pipe[1]
    SLICE_X9Y33          FDRE                                         r  img0/fontMemory/U0/inst_blk_mem_gen/gnbram.gnativebmg.native_blk_mem_gen/valid.cstr/has_mux_a.A/no_softecc_norm_sel2.has_mem_regs.WITHOUT_ECC_PIPE.ce_pri.sel_pipe_d1_reg[1]/D
  -------------------------------------------------------------------    -------------------

Slack:                    inf
  Source:                 img0/fontMemory/U0/inst_blk_mem_gen/gnbram.gnativebmg.native_blk_mem_gen/valid.cstr/has_mux_a.A/no_softecc_norm_sel2.has_mem_regs.WITHOUT_ECC_PIPE.ce_pri.sel_pipe_d1_reg[0]/C
                            (rising edge-triggered cell FDRE)
  Destination:            img0/GREEN_reg[0]/D
  Path Group:             (none)
  Path Type:              Min at Fast Process Corner
  Data Path Delay:        0.296ns  (logic 0.186ns (62.752%)  route 0.110ns (37.248%))
  Logic Levels:           2  (FDRE=1 LUT6=1)

    Location             Delay type                Incr(ns)  Path(ns)    Netlist Resource(s)
  -------------------------------------------------------------------    -------------------
    SLICE_X9Y33          FDRE                         0.000     0.000 r  img0/fontMemory/U0/inst_blk_mem_gen/gnbram.gnativebmg.native_blk_mem_gen/valid.cstr/has_mux_a.A/no_softecc_norm_sel2.has_mem_regs.WITHOUT_ECC_PIPE.ce_pri.sel_pipe_d1_reg[0]/C
    SLICE_X9Y33          FDRE (Prop_fdre_C_Q)         0.141     0.141 r  img0/fontMemory/U0/inst_blk_mem_gen/gnbram.gnativebmg.native_blk_mem_gen/valid.cstr/has_mux_a.A/no_softecc_norm_sel2.has_mem_regs.WITHOUT_ECC_PIPE.ce_pri.sel_pipe_d1_reg[0]/Q
                         net (fo=9, routed)           0.110     0.251    img0/fontMemory/U0/inst_blk_mem_gen/gnbram.gnativebmg.native_blk_mem_gen/valid.cstr/has_mux_a.A/sel_pipe_d1[0]
    SLICE_X8Y33          LUT6 (Prop_lut6_I4_O)        0.045     0.296 r  img0/fontMemory/U0/inst_blk_mem_gen/gnbram.gnativebmg.native_blk_mem_gen/valid.cstr/has_mux_a.A/douta[3]_INST_0/O
                         net (fo=1, routed)           0.000     0.296    img0/data[3]
    SLICE_X8Y33          FDRE                                         r  img0/GREEN_reg[0]/D
  -------------------------------------------------------------------    -------------------

Slack:                    inf
  Source:                 img0/fontMemory/U0/inst_blk_mem_gen/gnbram.gnativebmg.native_blk_mem_gen/valid.cstr/has_mux_a.A/no_softecc_norm_sel2.has_mem_regs.WITHOUT_ECC_PIPE.ce_pri.sel_pipe_d1_reg[0]/C
                            (rising edge-triggered cell FDRE)
  Destination:            img0/GREEN_reg[2]/D
  Path Group:             (none)
  Path Type:              Min at Fast Process Corner
  Data Path Delay:        0.300ns  (logic 0.186ns (61.916%)  route 0.114ns (38.084%))
  Logic Levels:           2  (FDRE=1 LUT6=1)

    Location             Delay type                Incr(ns)  Path(ns)    Netlist Resource(s)
  -------------------------------------------------------------------    -------------------
    SLICE_X9Y33          FDRE                         0.000     0.000 r  img0/fontMemory/U0/inst_blk_mem_gen/gnbram.gnativebmg.native_blk_mem_gen/valid.cstr/has_mux_a.A/no_softecc_norm_sel2.has_mem_regs.WITHOUT_ECC_PIPE.ce_pri.sel_pipe_d1_reg[0]/C
    SLICE_X9Y33          FDRE (Prop_fdre_C_Q)         0.141     0.141 r  img0/fontMemory/U0/inst_blk_mem_gen/gnbram.gnativebmg.native_blk_mem_gen/valid.cstr/has_mux_a.A/no_softecc_norm_sel2.has_mem_regs.WITHOUT_ECC_PIPE.ce_pri.sel_pipe_d1_reg[0]/Q
                         net (fo=9, routed)           0.114     0.255    img0/fontMemory/U0/inst_blk_mem_gen/gnbram.gnativebmg.native_blk_mem_gen/valid.cstr/has_mux_a.A/sel_pipe_d1[0]
    SLICE_X8Y33          LUT6 (Prop_lut6_I4_O)        0.045     0.300 r  img0/fontMemory/U0/inst_blk_mem_gen/gnbram.gnativebmg.native_blk_mem_gen/valid.cstr/has_mux_a.A/douta[5]_INST_0/O
                         net (fo=1, routed)           0.000     0.300    img0/data[5]
    SLICE_X8Y33          FDRE                                         r  img0/GREEN_reg[2]/D
  -------------------------------------------------------------------    -------------------

Slack:                    inf
  Source:                 img0/fontMemory/U0/inst_blk_mem_gen/gnbram.gnativebmg.native_blk_mem_gen/valid.cstr/has_mux_a.A/no_softecc_norm_sel2.has_mem_regs.WITHOUT_ECC_PIPE.ce_pri.sel_pipe_d1_reg[1]/C
                            (rising edge-triggered cell FDRE)
  Destination:            img0/RED_reg[1]/D
  Path Group:             (none)
  Path Type:              Min at Fast Process Corner
  Data Path Delay:        0.342ns  (logic 0.186ns (54.400%)  route 0.156ns (45.600%))
  Logic Levels:           2  (FDRE=1 LUT6=1)

    Location             Delay type                Incr(ns)  Path(ns)    Netlist Resource(s)
  -------------------------------------------------------------------    -------------------
    SLICE_X9Y33          FDRE                         0.000     0.000 r  img0/fontMemory/U0/inst_blk_mem_gen/gnbram.gnativebmg.native_blk_mem_gen/valid.cstr/has_mux_a.A/no_softecc_norm_sel2.has_mem_regs.WITHOUT_ECC_PIPE.ce_pri.sel_pipe_d1_reg[1]/C
    SLICE_X9Y33          FDRE (Prop_fdre_C_Q)         0.141     0.141 r  img0/fontMemory/U0/inst_blk_mem_gen/gnbram.gnativebmg.native_blk_mem_gen/valid.cstr/has_mux_a.A/no_softecc_norm_sel2.has_mem_regs.WITHOUT_ECC_PIPE.ce_pri.sel_pipe_d1_reg[1]/Q
                         net (fo=9, routed)           0.156     0.297    img0/fontMemory/U0/inst_blk_mem_gen/gnbram.gnativebmg.native_blk_mem_gen/valid.cstr/has_mux_a.A/sel_pipe_d1[1]
    SLICE_X8Y31          LUT6 (Prop_lut6_I3_O)        0.045     0.342 r  img0/fontMemory/U0/inst_blk_mem_gen/gnbram.gnativebmg.native_blk_mem_gen/valid.cstr/has_mux_a.A/douta[7]_INST_0/O
                         net (fo=1, routed)           0.000     0.342    img0/data[7]
    SLICE_X8Y31          FDRE                                         r  img0/RED_reg[1]/D
  -------------------------------------------------------------------    -------------------

Slack:                    inf
  Source:                 displayDriver/yCoord_reg[8]/C
                            (rising edge-triggered cell FDRE)
  Destination:            displayDriver/yCoord_reg[10]/D
  Path Group:             (none)
  Path Type:              Min at Fast Process Corner
  Data Path Delay:        0.365ns  (logic 0.280ns (76.804%)  route 0.085ns (23.196%))
  Logic Levels:           2  (FDRE=1 LUT6=1)

    Location             Delay type                Incr(ns)  Path(ns)    Netlist Resource(s)
  -------------------------------------------------------------------    -------------------
    SLICE_X3Y33          FDRE                         0.000     0.000 r  displayDriver/yCoord_reg[8]/C
    SLICE_X3Y33          FDRE (Prop_fdre_C_Q)         0.181     0.181 r  displayDriver/yCoord_reg[8]/Q
                         net (fo=8, routed)           0.085     0.266    displayDriver/yCoord[8]
    SLICE_X3Y33          LUT6 (Prop_lut6_I3_O)        0.099     0.365 r  displayDriver/yCoord[10]_i_1/O
                         net (fo=1, routed)           0.000     0.365    displayDriver/yCoord[10]_i_1_n_0
    SLICE_X3Y33          FDRE                                         r  displayDriver/yCoord_reg[10]/D
  -------------------------------------------------------------------    -------------------

Slack:                    inf
  Source:                 displayDriver/yCoord_reg[7]/C
                            (rising edge-triggered cell FDRE)
  Destination:            displayDriver/yCoord_reg[0]/D
  Path Group:             (none)
  Path Type:              Min at Fast Process Corner
  Data Path Delay:        0.365ns  (logic 0.280ns (76.733%)  route 0.085ns (23.267%))
  Logic Levels:           2  (FDRE=1 LUT6=1)

    Location             Delay type                Incr(ns)  Path(ns)    Netlist Resource(s)
  -------------------------------------------------------------------    -------------------
    SLICE_X3Y32          FDRE                         0.000     0.000 r  displayDriver/yCoord_reg[7]/C
    SLICE_X3Y32          FDRE (Prop_fdre_C_Q)         0.181     0.181 r  displayDriver/yCoord_reg[7]/Q
                         net (fo=9, routed)           0.085     0.266    displayDriver/yCoord[7]
    SLICE_X3Y32          LUT6 (Prop_lut6_I4_O)        0.099     0.365 r  displayDriver/yCoord[0]_i_1/O
                         net (fo=1, routed)           0.000     0.365    displayDriver/yCoord[0]_i_1_n_0
    SLICE_X3Y32          FDRE                                         r  displayDriver/yCoord_reg[0]/D
  -------------------------------------------------------------------    -------------------

Slack:                    inf
  Source:                 displayDriver/xCoord_reg[4]/C
                            (rising edge-triggered cell FDRE)
  Destination:            displayDriver/xCoord_reg[8]/D
  Path Group:             (none)
  Path Type:              Min at Fast Process Corner
  Data Path Delay:        0.368ns  (logic 0.239ns (64.936%)  route 0.129ns (35.064%))
  Logic Levels:           2  (FDRE=1 LUT6=1)

    Location             Delay type                Incr(ns)  Path(ns)    Netlist Resource(s)
  -------------------------------------------------------------------    -------------------
    SLICE_X5Y32          FDRE                         0.000     0.000 r  displayDriver/xCoord_reg[4]/C
    SLICE_X5Y32          FDRE (Prop_fdre_C_Q)         0.194     0.194 r  displayDriver/xCoord_reg[4]/Q
                         net (fo=12, routed)          0.129     0.323    displayDriver/xCoord[4]
    SLICE_X6Y32          LUT6 (Prop_lut6_I3_O)        0.045     0.368 r  displayDriver/xCoord[8]_i_1/O
                         net (fo=1, routed)           0.000     0.368    displayDriver/xCoord[8]_i_1_n_0
    SLICE_X6Y32          FDRE                                         r  displayDriver/xCoord_reg[8]/D
  -------------------------------------------------------------------    -------------------

Slack:                    inf
  Source:                 displayDriver/pixelClockDivider/counter_reg[1]/C
                            (rising edge-triggered cell FDRE)
  Destination:            displayDriver/pixelClockDivider/out_clk_reg/D
  Path Group:             (none)
  Path Type:              Min at Fast Process Corner
  Data Path Delay:        0.370ns  (logic 0.207ns (55.930%)  route 0.163ns (44.070%))
  Logic Levels:           2  (FDRE=1 LUT2=1)

    Location             Delay type                Incr(ns)  Path(ns)    Netlist Resource(s)
  -------------------------------------------------------------------    -------------------
    SLICE_X2Y33          FDRE                         0.000     0.000 r  displayDriver/pixelClockDivider/counter_reg[1]/C
    SLICE_X2Y33          FDRE (Prop_fdre_C_Q)         0.164     0.164 r  displayDriver/pixelClockDivider/counter_reg[1]/Q
                         net (fo=2, routed)           0.163     0.327    displayDriver/pixelClockDivider/counter[1]
    SLICE_X2Y33          LUT2 (Prop_lut2_I0_O)        0.043     0.370 r  displayDriver/pixelClockDivider/out_clk_i_1/O
                         net (fo=1, routed)           0.000     0.370    displayDriver/pixelClockDivider/out_clk_i_1_n_0
    SLICE_X2Y33          FDRE                                         r  displayDriver/pixelClockDivider/out_clk_reg/D
  -------------------------------------------------------------------    -------------------

Slack:                    inf
  Source:                 displayDriver/pixelClockDivider/counter_reg[1]/C
                            (rising edge-triggered cell FDRE)
  Destination:            displayDriver/pixelClockDivider/counter_reg[1]/D
  Path Group:             (none)
  Path Type:              Min at Fast Process Corner
  Data Path Delay:        0.372ns  (logic 0.209ns (56.167%)  route 0.163ns (43.833%))
  Logic Levels:           2  (FDRE=1 LUT2=1)

    Location             Delay type                Incr(ns)  Path(ns)    Netlist Resource(s)
  -------------------------------------------------------------------    -------------------
    SLICE_X2Y33          FDRE                         0.000     0.000 r  displayDriver/pixelClockDivider/counter_reg[1]/C
    SLICE_X2Y33          FDRE (Prop_fdre_C_Q)         0.164     0.164 r  displayDriver/pixelClockDivider/counter_reg[1]/Q
                         net (fo=2, routed)           0.163     0.327    displayDriver/pixelClockDivider/counter[1]
    SLICE_X2Y33          LUT2 (Prop_lut2_I1_O)        0.045     0.372 r  displayDriver/pixelClockDivider/counter[1]_i_1/O
                         net (fo=1, routed)           0.000     0.372    displayDriver/pixelClockDivider/counter[1]_i_1_n_0
    SLICE_X2Y33          FDRE                                         r  displayDriver/pixelClockDivider/counter_reg[1]/D
  -------------------------------------------------------------------    -------------------





