Copyright 1986-2022 Xilinx, Inc. All Rights Reserved. Copyright 2022-2024 Advanced Micro Devices, Inc. All Rights Reserved.
---------------------------------------------------------------------------------------------------------------------------------------------
| Tool Version : Vivado v.2024.1 (win64) Build 5076996 Wed May 22 18:37:14 MDT 2024
| Date         : Tue Nov 12 22:49:04 2024
| Host         : DESKTOP-339EFSV running 64-bit major release  (build 9200)
| Command      : report_control_sets -verbose -file top_module_control_sets_placed.rpt
| Design       : top_module
| Device       : xc7a35t
---------------------------------------------------------------------------------------------------------------------------------------------

Control Set Information

Table of Contents
-----------------
1. Summary
2. Histogram
3. Flip-Flop Distribution
4. Detailed Control Set Information

1. Summary
----------

+----------------------------------------------------------+-------+
|                          Status                          | Count |
+----------------------------------------------------------+-------+
| Total control sets                                       |    13 |
|    Minimum number of control sets                        |    13 |
|    Addition due to synthesis replication                 |     0 |
|    Addition due to physical synthesis replication        |     0 |
| Unused register locations in slices containing registers |    56 |
+----------------------------------------------------------+-------+
* Control sets can be merged at opt_design using control_set_merge or merge_equivalent_drivers
** Run report_qor_suggestions for automated merging and remapping suggestions


2. Histogram
------------

+--------------------+-------+
|       Fanout       | Count |
+--------------------+-------+
| Total control sets |    13 |
| >= 0 to < 4        |     6 |
| >= 4 to < 6        |     0 |
| >= 6 to < 8        |     1 |
| >= 8 to < 10       |     2 |
| >= 10 to < 12      |     2 |
| >= 12 to < 14      |     1 |
| >= 14 to < 16      |     0 |
| >= 16              |     1 |
+--------------------+-------+
* Control sets can be remapped at either synth_design or opt_design


3. Flip-Flop Distribution
-------------------------

+--------------+-----------------------+------------------------+-----------------+--------------+
| Clock Enable | Synchronous Set/Reset | Asynchronous Set/Reset | Total Registers | Total Slices |
+--------------+-----------------------+------------------------+-----------------+--------------+
| No           | No                    | No                     |              55 |           23 |
| No           | No                    | Yes                    |               0 |            0 |
| No           | Yes                   | No                     |              23 |           10 |
| Yes          | No                    | No                     |               7 |            3 |
| Yes          | No                    | Yes                    |               0 |            0 |
| Yes          | Yes                   | No                     |               3 |            2 |
+--------------+-----------------------+------------------------+-----------------+--------------+


4. Detailed Control Set Information
-----------------------------------

+---------------------------------------------+----------------------------------+----------------------------------+------------------+----------------+--------------+
|                 Clock Signal                |           Enable Signal          |         Set/Reset Signal         | Slice Load Count | Bel Load Count | Bels / Slice |
+---------------------------------------------+----------------------------------+----------------------------------+------------------+----------------+--------------+
|  i_write_mode__0                            |                                  |                                  |                1 |              1 |         1.00 |
|  b0/current_state_reg_n_0_[0]               |                                  |                                  |                1 |              1 |         1.00 |
|  displayDriver/pixelClockDivider/pixelClock |                                  |                                  |                1 |              1 |         1.00 |
|  b0/next_state_reg[1]_i_2_n_0               |                                  |                                  |                1 |              2 |         2.00 |
|  b0/FSM_onehot_current_state_reg[0][0]      |                                  |                                  |                1 |              3 |         3.00 |
|  displayDriver/pixelClockDivider/pixelClock | displayDriver/xCoord[10]_i_1_n_0 | displayDriver/yCoord[10]_i_1_n_0 |                2 |              3 |         1.50 |
|  displayDriver/pixelClockDivider/pixelClock | displayDriver/xCoord[10]_i_1_n_0 |                                  |                3 |              7 |         2.33 |
|  clk_IBUF_BUFG                              |                                  |                                  |                3 |              8 |         2.67 |
|  b0/FSM_onehot_current_state_reg[0]_0[0]    |                                  |                                  |                3 |              8 |         2.67 |
|  b0/E[0]                                    |                                  |                                  |                5 |             11 |         2.20 |
|  displayDriver/pixelClockDivider/pixelClock |                                  | displayDriver/xCoord[10]_i_1_n_0 |                5 |             11 |         2.20 |
|  clk_IBUF_BUFG                              |                                  | displayDriver/yCoord_reg[9]_0    |                5 |             12 |         2.40 |
| ~b0/current_state_reg_n_0_[0]               |                                  |                                  |                7 |             20 |         2.86 |
+---------------------------------------------+----------------------------------+----------------------------------+------------------+----------------+--------------+


