
*** Running vivado
    with args -log bomberman_game.vds -m64 -product Vivado -mode batch -messageDb vivado.pb -notrace -source bomberman_game.tcl



****** Vivado v2024.1 (64-bit)
  **** SW Build 5076996 on Wed May 22 18:37:14 MDT 2024
  **** IP Build 5075265 on Wed May 22 21:45:21 MDT 2024
  **** SharedData Build 5076995 on Wed May 22 18:29:18 MDT 2024
  **** Start of session at: Tue Dec  3 11:33:32 2024
    ** Copyright 1986-2022 Xilinx, Inc. All Rights Reserved.
    ** Copyright 2022-2024 Advanced Micro Devices, Inc. All Rights Reserved.

source bomberman_game.tcl -notrace
create_project: Time (s): cpu = 00:00:06 ; elapsed = 00:00:07 . Memory (MB): peak = 508.449 ; gain = 199.863
Command: read_checkpoint -auto_incremental -incremental C:/Users/youssef/Desktop/DigitalSystems/Bomberman/Bomberman.srcs/utils_1/imports/synth_1/bomberman_game.dcp
INFO: [Vivado 12-5825] Read reference checkpoint from C:/Users/youssef/Desktop/DigitalSystems/Bomberman/Bomberman.srcs/utils_1/imports/synth_1/bomberman_game.dcp for incremental synthesis
INFO: [Vivado 12-7989] Please ensure there are no constraint changes
Command: synth_design -top bomberman_game -part xc7a35tcpg236-1
Starting synth_design
WARNING: [Vivado_Tcl 4-393] The 'Synthesis' target of the following IPs are stale, please generate the output products using the generate_target or synth_ip command before running synth_design.
C:/Users/youssef/Desktop/DigitalSystems/Bomberman/Bomberman.srcs/sources_1/ip/bomberman_sprite_gen/bomberman_sprite_gen.xci

Attempting to get a license for feature 'Synthesis' and/or device 'xc7a35t'
INFO: [Common 17-349] Got license for feature 'Synthesis' and/or device 'xc7a35t'
INFO: [Device 21-403] Loading part xc7a35tcpg236-1
INFO: [Device 21-9227] Part: xc7a35tcpg236-1 does not have CEAM library.
INFO: [Designutils 20-5440] No compile time benefit to using incremental synthesis; A full resynthesis will be run
INFO: [Designutils 20-4379] Flow is switching to default flow due to incremental criteria not met. If you would like to alter this behaviour and have the flow terminate instead, please set the following parameter config_implementation {autoIncr.Synth.RejectBehavior Terminate}
INFO: [Synth 8-7079] Multithreading enabled for synth_design using a maximum of 2 processes.
INFO: [Synth 8-7078] Launching helper process for spawning children vivado processes
INFO: [Synth 8-7075] Helper process launched with PID 56472
---------------------------------------------------------------------------------
Starting RTL Elaboration : Time (s): cpu = 00:00:04 ; elapsed = 00:00:05 . Memory (MB): peak = 1372.812 ; gain = 448.496
---------------------------------------------------------------------------------
WARNING: [Synth 8-11067] parameter 'MAX_WIDTH' declared inside package 'bomb_pkg' shall be treated as localparam [C:/Users/youssef/Desktop/DigitalSystems/Bomberman/Bomberman.srcs/sources_1/new/bomb_pkg.sv:5]
WARNING: [Synth 8-11067] parameter 'MAX_HEIGHT' declared inside package 'bomb_pkg' shall be treated as localparam [C:/Users/youssef/Desktop/DigitalSystems/Bomberman/Bomberman.srcs/sources_1/new/bomb_pkg.sv:6]
INFO: [Synth 8-6157] synthesizing module 'bomberman_game' [C:/Users/youssef/Desktop/DigitalSystems/Bomberman/Bomberman.srcs/sources_1/new/bomberman_game.sv:23]
INFO: [Synth 8-6157] synthesizing module 'vga_driver' [C:/Users/youssef/Desktop/DigitalSystems/Bomberman/Bomberman.srcs/sources_1/new/vga_driver.sv:15]
INFO: [Synth 8-6157] synthesizing module 'clock_divider' [C:/Users/youssef/Desktop/DigitalSystems/Bomberman/Bomberman.srcs/sources_1/new/clock_divider.sv:24]
	Parameter TARGET_VALUE bound to: 1 - type: integer 
INFO: [Synth 8-6155] done synthesizing module 'clock_divider' (0#1) [C:/Users/youssef/Desktop/DigitalSystems/Bomberman/Bomberman.srcs/sources_1/new/clock_divider.sv:24]
INFO: [Synth 8-6155] done synthesizing module 'vga_driver' (0#1) [C:/Users/youssef/Desktop/DigitalSystems/Bomberman/Bomberman.srcs/sources_1/new/vga_driver.sv:15]
INFO: [Synth 8-6157] synthesizing module 'clock_divider__parameterized0' [C:/Users/youssef/Desktop/DigitalSystems/Bomberman/Bomberman.srcs/sources_1/new/clock_divider.sv:24]
	Parameter TARGET_VALUE bound to: 13333330 - type: integer 
INFO: [Synth 8-6155] done synthesizing module 'clock_divider__parameterized0' (0#1) [C:/Users/youssef/Desktop/DigitalSystems/Bomberman/Bomberman.srcs/sources_1/new/clock_divider.sv:24]
INFO: [Synth 8-6157] synthesizing module 'bomberman' [C:/Users/youssef/Desktop/DigitalSystems/Bomberman/Bomberman.srcs/sources_1/new/bomberman.sv:24]
INFO: [Synth 8-6157] synthesizing module 'key_filter' [C:/Users/youssef/Desktop/DigitalSystems/Bomberman/Bomberman.srcs/sources_1/new/bomberman.sv:228]
INFO: [Synth 8-6155] done synthesizing module 'key_filter' (0#1) [C:/Users/youssef/Desktop/DigitalSystems/Bomberman/Bomberman.srcs/sources_1/new/bomberman.sv:228]
INFO: [Synth 8-6157] synthesizing module 'bomberman_sprite_animator' [C:/Users/youssef/Desktop/DigitalSystems/Bomberman/Bomberman.srcs/sources_1/new/bomberman.sv:180]
INFO: [Synth 8-6155] done synthesizing module 'bomberman_sprite_animator' (0#1) [C:/Users/youssef/Desktop/DigitalSystems/Bomberman/Bomberman.srcs/sources_1/new/bomberman.sv:180]
INFO: [Synth 8-6157] synthesizing module 'bomberman_renderer' [C:/Users/youssef/Desktop/DigitalSystems/Bomberman/Bomberman.srcs/sources_1/new/bomberman.sv:134]
INFO: [Synth 8-6157] synthesizing module 'bomberman_sprite_gen' [C:/Users/youssef/Desktop/DigitalSystems/Bomberman/Bomberman.runs/synth_1/.Xil/Vivado-36608-DESKTOP-339EFSV/realtime/bomberman_sprite_gen_stub.v:6]
INFO: [Synth 8-6155] done synthesizing module 'bomberman_sprite_gen' (0#1) [C:/Users/youssef/Desktop/DigitalSystems/Bomberman/Bomberman.runs/synth_1/.Xil/Vivado-36608-DESKTOP-339EFSV/realtime/bomberman_sprite_gen_stub.v:6]
INFO: [Synth 8-6155] done synthesizing module 'bomberman_renderer' (0#1) [C:/Users/youssef/Desktop/DigitalSystems/Bomberman/Bomberman.srcs/sources_1/new/bomberman.sv:134]
INFO: [Synth 8-6155] done synthesizing module 'bomberman' (0#1) [C:/Users/youssef/Desktop/DigitalSystems/Bomberman/Bomberman.srcs/sources_1/new/bomberman.sv:24]
INFO: [Synth 8-6157] synthesizing module 'bomberman_map' [C:/Users/youssef/Desktop/DigitalSystems/Bomberman/Bomberman.srcs/sources_1/new/bomberman_map.sv:6]
INFO: [Synth 8-6157] synthesizing module 'map_mem' [C:/Users/youssef/Desktop/DigitalSystems/Bomberman/Bomberman.runs/synth_1/.Xil/Vivado-36608-DESKTOP-339EFSV/realtime/map_mem_stub.v:6]
INFO: [Synth 8-6155] done synthesizing module 'map_mem' (0#1) [C:/Users/youssef/Desktop/DigitalSystems/Bomberman/Bomberman.runs/synth_1/.Xil/Vivado-36608-DESKTOP-339EFSV/realtime/map_mem_stub.v:6]
INFO: [Synth 8-6157] synthesizing module 'block_renderer' [C:/Users/youssef/Desktop/DigitalSystems/Bomberman/Bomberman.srcs/sources_1/new/block_renderer.sv:6]
INFO: [Synth 8-6157] synthesizing module 'pillar_rom_gen' [C:/Users/youssef/Desktop/DigitalSystems/Bomberman/Bomberman.runs/synth_1/.Xil/Vivado-36608-DESKTOP-339EFSV/realtime/pillar_rom_gen_stub.v:6]
INFO: [Synth 8-6155] done synthesizing module 'pillar_rom_gen' (0#1) [C:/Users/youssef/Desktop/DigitalSystems/Bomberman/Bomberman.runs/synth_1/.Xil/Vivado-36608-DESKTOP-339EFSV/realtime/pillar_rom_gen_stub.v:6]
INFO: [Synth 8-6157] synthesizing module 'block_sprite' [C:/Users/youssef/Desktop/DigitalSystems/Bomberman/Bomberman.runs/synth_1/.Xil/Vivado-36608-DESKTOP-339EFSV/realtime/block_sprite_stub.v:6]
INFO: [Synth 8-6155] done synthesizing module 'block_sprite' (0#1) [C:/Users/youssef/Desktop/DigitalSystems/Bomberman/Bomberman.runs/synth_1/.Xil/Vivado-36608-DESKTOP-339EFSV/realtime/block_sprite_stub.v:6]
INFO: [Synth 8-6157] synthesizing module 'bomb_rom' [C:/Users/youssef/Desktop/DigitalSystems/Bomberman/Bomberman.runs/synth_1/.Xil/Vivado-36608-DESKTOP-339EFSV/realtime/bomb_rom_stub.v:6]
INFO: [Synth 8-6155] done synthesizing module 'bomb_rom' (0#1) [C:/Users/youssef/Desktop/DigitalSystems/Bomberman/Bomberman.runs/synth_1/.Xil/Vivado-36608-DESKTOP-339EFSV/realtime/bomb_rom_stub.v:6]
INFO: [Synth 8-6155] done synthesizing module 'block_renderer' (0#1) [C:/Users/youssef/Desktop/DigitalSystems/Bomberman/Bomberman.srcs/sources_1/new/block_renderer.sv:6]
INFO: [Synth 8-6155] done synthesizing module 'bomberman_map' (0#1) [C:/Users/youssef/Desktop/DigitalSystems/Bomberman/Bomberman.srcs/sources_1/new/bomberman_map.sv:6]
INFO: [Synth 8-6157] synthesizing module 'collision_detection' [C:/Users/youssef/Desktop/DigitalSystems/Bomberman/Bomberman.srcs/sources_1/new/collision_detection.sv:4]
INFO: [Synth 8-6155] done synthesizing module 'collision_detection' (0#1) [C:/Users/youssef/Desktop/DigitalSystems/Bomberman/Bomberman.srcs/sources_1/new/collision_detection.sv:4]
INFO: [Synth 8-6157] synthesizing module 'color_signal' [C:/Users/youssef/Desktop/DigitalSystems/Bomberman/Bomberman.srcs/sources_1/new/color_signal.sv:23]
INFO: [Synth 8-6155] done synthesizing module 'color_signal' (0#1) [C:/Users/youssef/Desktop/DigitalSystems/Bomberman/Bomberman.srcs/sources_1/new/color_signal.sv:23]
INFO: [Synth 8-6155] done synthesizing module 'bomberman_game' (0#1) [C:/Users/youssef/Desktop/DigitalSystems/Bomberman/Bomberman.srcs/sources_1/new/bomberman_game.sv:23]
WARNING: [Synth 8-87] always_comb on 'o_next_position_reg[x]' did not result in combinational logic [C:/Users/youssef/Desktop/DigitalSystems/Bomberman/Bomberman.srcs/sources_1/new/bomberman.sv:90]
WARNING: [Synth 8-87] always_comb on 'o_next_position_reg[y]' did not result in combinational logic [C:/Users/youssef/Desktop/DigitalSystems/Bomberman/Bomberman.srcs/sources_1/new/bomberman.sv:90]
WARNING: [Synth 8-7129] Port i_xCoord[10] in module block_renderer is either unconnected or has no load
WARNING: [Synth 8-7129] Port i_xCoord[9] in module block_renderer is either unconnected or has no load
WARNING: [Synth 8-7129] Port i_xCoord[8] in module block_renderer is either unconnected or has no load
WARNING: [Synth 8-7129] Port i_yCoord[10] in module block_renderer is either unconnected or has no load
WARNING: [Synth 8-7129] Port i_yCoord[9] in module block_renderer is either unconnected or has no load
WARNING: [Synth 8-7129] Port i_yCoord[8] in module block_renderer is either unconnected or has no load
---------------------------------------------------------------------------------
Finished RTL Elaboration : Time (s): cpu = 00:00:06 ; elapsed = 00:00:07 . Memory (MB): peak = 1490.969 ; gain = 566.652
---------------------------------------------------------------------------------
---------------------------------------------------------------------------------
Start Handling Custom Attributes
---------------------------------------------------------------------------------
---------------------------------------------------------------------------------
Finished Handling Custom Attributes : Time (s): cpu = 00:00:06 ; elapsed = 00:00:07 . Memory (MB): peak = 1490.969 ; gain = 566.652
---------------------------------------------------------------------------------
---------------------------------------------------------------------------------
Finished RTL Optimization Phase 1 : Time (s): cpu = 00:00:06 ; elapsed = 00:00:07 . Memory (MB): peak = 1490.969 ; gain = 566.652
---------------------------------------------------------------------------------
Netlist sorting complete. Time (s): cpu = 00:00:00 ; elapsed = 00:00:00.038 . Memory (MB): peak = 1490.969 ; gain = 0.000
INFO: [Project 1-570] Preparing netlist for logic optimization

Processing XDC Constraints
Initializing timing engine
Parsing XDC File [c:/Users/youssef/Desktop/DigitalSystems/Bomberman/Bomberman.gen/sources_1/ip/pillar_rom_gen/pillar_rom_gen/pillar_rom_gen_in_context.xdc] for cell 'map/brender/pillar_rom'
Finished Parsing XDC File [c:/Users/youssef/Desktop/DigitalSystems/Bomberman/Bomberman.gen/sources_1/ip/pillar_rom_gen/pillar_rom_gen/pillar_rom_gen_in_context.xdc] for cell 'map/brender/pillar_rom'
Parsing XDC File [c:/Users/youssef/Desktop/DigitalSystems/Bomberman/Bomberman.gen/sources_1/ip/bomberman_sprite_gen/bomberman_sprite_gen/bomberman_sprite_gen_in_context.xdc] for cell 'player1/renderer/bomberman_rom'
Finished Parsing XDC File [c:/Users/youssef/Desktop/DigitalSystems/Bomberman/Bomberman.gen/sources_1/ip/bomberman_sprite_gen/bomberman_sprite_gen/bomberman_sprite_gen_in_context.xdc] for cell 'player1/renderer/bomberman_rom'
Parsing XDC File [c:/Users/youssef/Desktop/DigitalSystems/Bomberman/Bomberman.gen/sources_1/ip/block_sprite/block_sprite/block_sprite_in_context.xdc] for cell 'map/brender/block_rom'
Finished Parsing XDC File [c:/Users/youssef/Desktop/DigitalSystems/Bomberman/Bomberman.gen/sources_1/ip/block_sprite/block_sprite/block_sprite_in_context.xdc] for cell 'map/brender/block_rom'
Parsing XDC File [c:/Users/youssef/Desktop/DigitalSystems/Bomberman/Bomberman.gen/sources_1/ip/map_mem/map_mem/map_mem_in_context.xdc] for cell 'map/ram'
Finished Parsing XDC File [c:/Users/youssef/Desktop/DigitalSystems/Bomberman/Bomberman.gen/sources_1/ip/map_mem/map_mem/map_mem_in_context.xdc] for cell 'map/ram'
Parsing XDC File [c:/Users/youssef/Desktop/DigitalSystems/Bomberman/Bomberman.gen/sources_1/ip/bomb_rom/bomb_rom/bomb_rom_in_context.xdc] for cell 'map/brender/bmb_rom'
Finished Parsing XDC File [c:/Users/youssef/Desktop/DigitalSystems/Bomberman/Bomberman.gen/sources_1/ip/bomb_rom/bomb_rom/bomb_rom_in_context.xdc] for cell 'map/brender/bmb_rom'
Parsing XDC File [C:/Users/youssef/Desktop/DigitalSystems/Bomberman/Bomberman.srcs/constrs_1/new/constraints.xdc]
Finished Parsing XDC File [C:/Users/youssef/Desktop/DigitalSystems/Bomberman/Bomberman.srcs/constrs_1/new/constraints.xdc]
INFO: [Project 1-236] Implementation specific constraints were found while reading constraint file [C:/Users/youssef/Desktop/DigitalSystems/Bomberman/Bomberman.srcs/constrs_1/new/constraints.xdc]. These constraints will be ignored for synthesis but will be used in implementation. Impacted constraints are listed in the file [.Xil/bomberman_game_propImpl.xdc].
Resolution: To avoid this warning, move constraints listed in [.Xil/bomberman_game_propImpl.xdc] to another XDC file and exclude this new file from synthesis with the used_in_synthesis property (File Properties dialog in GUI) and re-run elaboration/synthesis.
Completed Processing XDC Constraints

Netlist sorting complete. Time (s): cpu = 00:00:00 ; elapsed = 00:00:00 . Memory (MB): peak = 1580.625 ; gain = 0.000
INFO: [Project 1-111] Unisim Transformation Summary:
No Unisim elements were transformed.

Constraint Validation Runtime : Time (s): cpu = 00:00:00 ; elapsed = 00:00:00.006 . Memory (MB): peak = 1580.625 ; gain = 0.000
INFO: [Designutils 20-5440] No compile time benefit to using incremental synthesis; A full resynthesis will be run
INFO: [Designutils 20-4379] Flow is switching to default flow due to incremental criteria not met. If you would like to alter this behaviour and have the flow terminate instead, please set the following parameter config_implementation {autoIncr.Synth.RejectBehavior Terminate}
---------------------------------------------------------------------------------
Finished Constraint Validation : Time (s): cpu = 00:00:13 ; elapsed = 00:00:15 . Memory (MB): peak = 1580.625 ; gain = 656.309
---------------------------------------------------------------------------------
---------------------------------------------------------------------------------
Start Loading Part and Timing Information
---------------------------------------------------------------------------------
Loading part: xc7a35tcpg236-1
---------------------------------------------------------------------------------
Finished Loading Part and Timing Information : Time (s): cpu = 00:00:13 ; elapsed = 00:00:15 . Memory (MB): peak = 1580.625 ; gain = 656.309
---------------------------------------------------------------------------------
---------------------------------------------------------------------------------
Start Applying 'set_property' XDC Constraints
---------------------------------------------------------------------------------
Applied set_property KEEP_HIERARCHY = SOFT for map/brender/pillar_rom. (constraint file  auto generated constraint).
Applied set_property KEEP_HIERARCHY = SOFT for player1/renderer/bomberman_rom. (constraint file  auto generated constraint).
Applied set_property KEEP_HIERARCHY = SOFT for map/brender/block_rom. (constraint file  auto generated constraint).
Applied set_property KEEP_HIERARCHY = SOFT for map/ram. (constraint file  auto generated constraint).
Applied set_property KEEP_HIERARCHY = SOFT for map/brender/bmb_rom. (constraint file  auto generated constraint).
---------------------------------------------------------------------------------
Finished applying 'set_property' XDC Constraints : Time (s): cpu = 00:00:13 ; elapsed = 00:00:15 . Memory (MB): peak = 1580.625 ; gain = 656.309
---------------------------------------------------------------------------------
WARNING: [Synth 8-327] inferring latch for variable 'o_next_position_reg[x]' [C:/Users/youssef/Desktop/DigitalSystems/Bomberman/Bomberman.srcs/sources_1/new/bomberman.sv:90]
WARNING: [Synth 8-327] inferring latch for variable 'o_next_position_reg[y]' [C:/Users/youssef/Desktop/DigitalSystems/Bomberman/Bomberman.srcs/sources_1/new/bomberman.sv:90]
---------------------------------------------------------------------------------
Finished RTL Optimization Phase 2 : Time (s): cpu = 00:00:13 ; elapsed = 00:00:15 . Memory (MB): peak = 1580.625 ; gain = 656.309
---------------------------------------------------------------------------------
---------------------------------------------------------------------------------
Start RTL Component Statistics 
---------------------------------------------------------------------------------
Detailed RTL Component Info : 
+---Adders : 
	   2 Input   24 Bit       Adders := 1     
	   3 Input   13 Bit       Adders := 2     
	   2 Input   12 Bit       Adders := 5     
	   2 Input   11 Bit       Adders := 6     
	   3 Input   11 Bit       Adders := 2     
	   2 Input   10 Bit       Adders := 1     
	   3 Input   10 Bit       Adders := 4     
	   2 Input    4 Bit       Adders := 2     
	   2 Input    1 Bit       Adders := 1     
+---Registers : 
	              892 Bit    Registers := 1     
	               29 Bit    Registers := 2     
	               12 Bit    Registers := 1     
	               11 Bit    Registers := 4     
	               10 Bit    Registers := 1     
	                4 Bit    Registers := 2     
	                1 Bit    Registers := 3     
+---Muxes : 
	   2 Input  892 Bit        Muxes := 1     
	   2 Input   24 Bit        Muxes := 1     
	   2 Input   12 Bit        Muxes := 1     
	   5 Input    4 Bit        Muxes := 1     
	   2 Input    4 Bit        Muxes := 9     
	   2 Input    1 Bit        Muxes := 1     
	   5 Input    1 Bit        Muxes := 3     
	   4 Input    1 Bit        Muxes := 4     
---------------------------------------------------------------------------------
Finished RTL Component Statistics 
---------------------------------------------------------------------------------
---------------------------------------------------------------------------------
Start Part Resource Summary
---------------------------------------------------------------------------------
Part Resources:
DSPs: 90 (col length:60)
BRAMs: 100 (col length: RAMB18 60 RAMB36 30)
---------------------------------------------------------------------------------
Finished Part Resource Summary
---------------------------------------------------------------------------------
---------------------------------------------------------------------------------
Start Cross Boundary and Area Optimization
---------------------------------------------------------------------------------
WARNING: [Synth 8-7080] Parallel synthesis criteria is not met
WARNING: [Synth 8-7129] Port i_xCoord[10] in module block_renderer is either unconnected or has no load
WARNING: [Synth 8-7129] Port i_xCoord[9] in module block_renderer is either unconnected or has no load
WARNING: [Synth 8-7129] Port i_xCoord[8] in module block_renderer is either unconnected or has no load
WARNING: [Synth 8-7129] Port i_xCoord[7] in module block_renderer is either unconnected or has no load
WARNING: [Synth 8-7129] Port i_xCoord[6] in module block_renderer is either unconnected or has no load
WARNING: [Synth 8-7129] Port i_xCoord[5] in module block_renderer is either unconnected or has no load
WARNING: [Synth 8-7129] Port i_xCoord[4] in module block_renderer is either unconnected or has no load
WARNING: [Synth 8-7129] Port i_yCoord[10] in module block_renderer is either unconnected or has no load
WARNING: [Synth 8-7129] Port i_yCoord[9] in module block_renderer is either unconnected or has no load
WARNING: [Synth 8-7129] Port i_yCoord[8] in module block_renderer is either unconnected or has no load
WARNING: [Synth 8-7129] Port i_yCoord[7] in module block_renderer is either unconnected or has no load
WARNING: [Synth 8-7129] Port i_yCoord[6] in module block_renderer is either unconnected or has no load
WARNING: [Synth 8-7129] Port i_yCoord[5] in module block_renderer is either unconnected or has no load
WARNING: [Synth 8-7129] Port i_yCoord[4] in module block_renderer is either unconnected or has no load
WARNING: [Synth 8-7129] Port i_player_pos[x][3] in module bomberman_map is either unconnected or has no load
WARNING: [Synth 8-7129] Port i_player_pos[x][2] in module bomberman_map is either unconnected or has no load
WARNING: [Synth 8-7129] Port i_player_pos[x][1] in module bomberman_map is either unconnected or has no load
WARNING: [Synth 8-7129] Port i_player_pos[x][0] in module bomberman_map is either unconnected or has no load
---------------------------------------------------------------------------------
Finished Cross Boundary and Area Optimization : Time (s): cpu = 00:00:25 ; elapsed = 00:00:29 . Memory (MB): peak = 1641.090 ; gain = 716.773
---------------------------------------------------------------------------------
---------------------------------------------------------------------------------
Start Applying XDC Timing Constraints
---------------------------------------------------------------------------------
---------------------------------------------------------------------------------
Finished Applying XDC Timing Constraints : Time (s): cpu = 00:00:30 ; elapsed = 00:00:34 . Memory (MB): peak = 1641.090 ; gain = 716.773
---------------------------------------------------------------------------------
---------------------------------------------------------------------------------
Start Timing Optimization
---------------------------------------------------------------------------------
---------------------------------------------------------------------------------
Finished Timing Optimization : Time (s): cpu = 00:00:31 ; elapsed = 00:00:34 . Memory (MB): peak = 1641.090 ; gain = 716.773
---------------------------------------------------------------------------------
---------------------------------------------------------------------------------
Start Technology Mapping
---------------------------------------------------------------------------------
WARNING: [Synth 8-3332] Sequential element (player1/o_next_position_reg[x][1]) is unused and will be removed from module bomberman_game.
WARNING: [Synth 8-3332] Sequential element (player1/o_next_position_reg[x][0]) is unused and will be removed from module bomberman_game.
WARNING: [Synth 8-3332] Sequential element (player1/o_next_position_reg[y][1]) is unused and will be removed from module bomberman_game.
WARNING: [Synth 8-3332] Sequential element (player1/o_next_position_reg[y][0]) is unused and will be removed from module bomberman_game.
---------------------------------------------------------------------------------
Finished Technology Mapping : Time (s): cpu = 00:00:32 ; elapsed = 00:00:35 . Memory (MB): peak = 1644.445 ; gain = 720.129
---------------------------------------------------------------------------------
---------------------------------------------------------------------------------
Start IO Insertion
---------------------------------------------------------------------------------
---------------------------------------------------------------------------------
Start Flattening Before IO Insertion
---------------------------------------------------------------------------------
---------------------------------------------------------------------------------
Finished Flattening Before IO Insertion
---------------------------------------------------------------------------------
---------------------------------------------------------------------------------
Start Final Netlist Cleanup
---------------------------------------------------------------------------------
---------------------------------------------------------------------------------
Finished Final Netlist Cleanup
---------------------------------------------------------------------------------
---------------------------------------------------------------------------------
Finished IO Insertion : Time (s): cpu = 00:00:36 ; elapsed = 00:00:40 . Memory (MB): peak = 1644.445 ; gain = 720.129
---------------------------------------------------------------------------------
---------------------------------------------------------------------------------
Start Renaming Generated Instances
---------------------------------------------------------------------------------
---------------------------------------------------------------------------------
Finished Renaming Generated Instances : Time (s): cpu = 00:00:36 ; elapsed = 00:00:40 . Memory (MB): peak = 1644.445 ; gain = 720.129
---------------------------------------------------------------------------------
---------------------------------------------------------------------------------
Start Rebuilding User Hierarchy
---------------------------------------------------------------------------------
---------------------------------------------------------------------------------
Finished Rebuilding User Hierarchy : Time (s): cpu = 00:00:36 ; elapsed = 00:00:40 . Memory (MB): peak = 1644.445 ; gain = 720.129
---------------------------------------------------------------------------------
---------------------------------------------------------------------------------
Start Renaming Generated Ports
---------------------------------------------------------------------------------
---------------------------------------------------------------------------------
Finished Renaming Generated Ports : Time (s): cpu = 00:00:36 ; elapsed = 00:00:40 . Memory (MB): peak = 1644.445 ; gain = 720.129
---------------------------------------------------------------------------------
---------------------------------------------------------------------------------
Start Handling Custom Attributes
---------------------------------------------------------------------------------
---------------------------------------------------------------------------------
Finished Handling Custom Attributes : Time (s): cpu = 00:00:36 ; elapsed = 00:00:40 . Memory (MB): peak = 1644.445 ; gain = 720.129
---------------------------------------------------------------------------------
---------------------------------------------------------------------------------
Start Renaming Generated Nets
---------------------------------------------------------------------------------
---------------------------------------------------------------------------------
Finished Renaming Generated Nets : Time (s): cpu = 00:00:36 ; elapsed = 00:00:40 . Memory (MB): peak = 1644.445 ; gain = 720.129
---------------------------------------------------------------------------------
---------------------------------------------------------------------------------
Start Writing Synthesis Report
---------------------------------------------------------------------------------

Report BlackBoxes: 
+------+---------------------+----------+
|      |BlackBox name        |Instances |
+------+---------------------+----------+
|1     |map_mem              |         1|
|2     |pillar_rom_gen       |         1|
|3     |block_sprite         |         1|
|4     |bomb_rom             |         1|
|5     |bomberman_sprite_gen |         1|
+------+---------------------+----------+

Report Cell Usage: 
+------+---------------------+------+
|      |Cell                 |Count |
+------+---------------------+------+
|1     |block_sprite         |     1|
|2     |bomb_rom             |     1|
|3     |bomberman_sprite_gen |     1|
|4     |map_mem              |     1|
|5     |pillar_rom_gen       |     1|
|6     |BUFG                 |     1|
|7     |CARRY4               |    50|
|8     |LUT1                 |    12|
|9     |LUT2                 |   120|
|10    |LUT3                 |    50|
|11    |LUT4                 |    73|
|12    |LUT5                 |   102|
|13    |LUT6                 |  1988|
|14    |MUXF7                |   470|
|15    |MUXF8                |   224|
|16    |FDRE                 |   975|
|17    |LDC                  |    18|
|18    |IBUF                 |    10|
|19    |OBUF                 |    18|
+------+---------------------+------+
---------------------------------------------------------------------------------
Finished Writing Synthesis Report : Time (s): cpu = 00:00:36 ; elapsed = 00:00:40 . Memory (MB): peak = 1644.445 ; gain = 720.129
---------------------------------------------------------------------------------
Synthesis finished with 0 errors, 0 critical warnings and 25 warnings.
Synthesis Optimization Runtime : Time (s): cpu = 00:00:29 ; elapsed = 00:00:38 . Memory (MB): peak = 1644.445 ; gain = 630.473
Synthesis Optimization Complete : Time (s): cpu = 00:00:36 ; elapsed = 00:00:40 . Memory (MB): peak = 1644.445 ; gain = 720.129
INFO: [Project 1-571] Translating synthesized netlist
Netlist sorting complete. Time (s): cpu = 00:00:00 ; elapsed = 00:00:00.055 . Memory (MB): peak = 1644.469 ; gain = 0.000
INFO: [Netlist 29-17] Analyzing 762 Unisim elements for replacement
INFO: [Netlist 29-28] Unisim Transformation completed in 0 CPU seconds
INFO: [Project 1-570] Preparing netlist for logic optimization
INFO: [Opt 31-138] Pushed 0 inverter(s) to 0 load pin(s).
Netlist sorting complete. Time (s): cpu = 00:00:00 ; elapsed = 00:00:00.001 . Memory (MB): peak = 1648.141 ; gain = 0.000
INFO: [Project 1-111] Unisim Transformation Summary:
  A total of 18 instances were transformed.
  LDC => LDCE: 18 instances

Synth Design complete | Checksum: cb9b7057
INFO: [Common 17-83] Releasing license: Synthesis
56 Infos, 36 Warnings, 0 Critical Warnings and 0 Errors encountered.
synth_design completed successfully
synth_design: Time (s): cpu = 00:00:41 ; elapsed = 00:00:46 . Memory (MB): peak = 1648.141 ; gain = 1126.695
Write ShapeDB Complete: Time (s): cpu = 00:00:00 ; elapsed = 00:00:00.007 . Memory (MB): peak = 1648.141 ; gain = 0.000
INFO: [Common 17-1381] The checkpoint 'C:/Users/youssef/Desktop/DigitalSystems/Bomberman/Bomberman.runs/synth_1/bomberman_game.dcp' has been generated.
INFO: [Vivado 12-24828] Executing command : report_utilization -file bomberman_game_utilization_synth.rpt -pb bomberman_game_utilization_synth.pb
INFO: [Common 17-206] Exiting Vivado at Tue Dec  3 11:34:28 2024...
