Vivado Simulator v2024.1
Copyright 1986-2022 Xilinx, Inc. All Rights Reserved.
Copyright 2022-2024 Advanced Micro Devices, Inc. All Rights Reserved.
Running: C:/Xilinx/Vivado/2024.1/bin/unwrapped/win64.o/xelab.exe --incr --debug typical --relax --mt 2 -L xil_defaultlib -L blk_mem_gen_v8_4_8 -L uvm -L unisims_ver -L unimacro_ver -L secureip -L xpm --snapshot top_sim_behav xil_defaultlib.top_sim xil_defaultlib.glbl -log elaborate.log 
Using 2 slave threads.
Starting static elaboration
Pass Through NonSizing Optimizer
WARNING: [VRFC 10-3091] actual bit length 32 differs from formal bit length 4 for port 'i_data' [C:/Users/youssef/Desktop/DigitalSystems/FPGA-Lab5/FPGA-Lab5.srcs/sources_1/new/top_module.sv:53]
WARNING: [VRFC 10-3091] actual bit length 32 differs from formal bit length 1 for port 'wea' [C:/Users/youssef/Desktop/DigitalSystems/FPGA-Lab5/FPGA-Lab5.srcs/sources_1/new/image_block.sv:65]
WARNING: [VRFC 10-3091] actual bit length 32 differs from formal bit length 16 for port 'addra' [C:/Users/youssef/Desktop/DigitalSystems/FPGA-Lab5/FPGA-Lab5.srcs/sources_1/new/image_block.sv:66]
WARNING: [VRFC 10-3091] actual bit length 32 differs from formal bit length 4 for port 'dina' [C:/Users/youssef/Desktop/DigitalSystems/FPGA-Lab5/FPGA-Lab5.srcs/sources_1/new/image_block.sv:67]
WARNING: [VRFC 10-3091] actual bit length 32 differs from formal bit length 1 for port 'enb' [C:/Users/youssef/Desktop/DigitalSystems/FPGA-Lab5/FPGA-Lab5.srcs/sources_1/new/image_block.sv:71]
WARNING: [VRFC 10-3091] actual bit length 32 differs from formal bit length 16 for port 'addrb' [C:/Users/youssef/Desktop/DigitalSystems/FPGA-Lab5/FPGA-Lab5.srcs/sources_1/new/image_block.sv:73]
Completed static elaboration
Starting simulation data flow analysis
Completed simulation data flow analysis
Time Resolution for simulation is 1ps
Compiling package xil_defaultlib.$unit_image_block_sv_4239895123
Compiling module blk_mem_gen_v8_4_8.blk_mem_gen_v8_4_8_output_stage(...
Compiling module blk_mem_gen_v8_4_8.blk_mem_gen_v8_4_8_softecc_outpu...
Compiling module blk_mem_gen_v8_4_8.blk_mem_gen_v8_4_8_mem_module(C_...
Compiling module blk_mem_gen_v8_4_8.blk_mem_axi_regs_fwd_v8_4(C_DATA...
Compiling module blk_mem_gen_v8_4_8.blk_mem_gen_v8_4_8(C_FAMILY="art...
Compiling module xil_defaultlib.blk_mem_gen_0
Compiling module xil_defaultlib.image_bram
Compiling module xil_defaultlib.clock_divider(TARGET_VALUE=3)
Compiling module xil_defaultlib.vga_driver
Compiling module xil_defaultlib.top_module
Compiling module xil_defaultlib.top_sim
Compiling module xil_defaultlib.glbl
Built simulation snapshot top_sim_behav
